Component: ARM Compiler 5.06 update 7 (build 960) Tool: armlink [4d3601]

==============================================================================

Section Cross References

    main.o(i.Car_Thread) refers to canp_hostcom.o(i.Send_ZigbeeData_To_Fifo) for Send_ZigbeeData_To_Fifo
    main.o(i.Car_Thread) refers to delay.o(i.delay_ms) for delay_ms
    main.o(i.Car_Thread) refers to drive.o(i.Car_Track) for Car_Track
    main.o(i.Car_Thread) refers to drive.o(i.Car_Go) for Car_Go
    main.o(i.Car_Thread) refers to drive.o(i.Car_Left) for Car_Left
    main.o(i.Car_Thread) refers to drive.o(i.Car_Back) for Car_Back
    main.o(i.Car_Thread) refers to ultrasonic.o(i.Ultrasonic_Ranging) for Ultrasonic_Ranging
    main.o(i.Car_Thread) refers to drive.o(i.LED_Dis_Zigbee) for LED_Dis_Zigbee
    main.o(i.Car_Thread) refers to drive.o(i.Car_Right) for Car_Right
    main.o(i.Car_Thread) refers to drive.o(i.Car_R45) for Car_R45
    main.o(i.Car_Thread) refers to drive.o(i.ETC_Get_Zigbee) for ETC_Get_Zigbee
    main.o(i.Car_Thread) refers to drive.o(i.Light_Inf) for Light_Inf
    main.o(i.Car_Thread) refers to bkrc_voice.o(i.BKRC_Voice_Extern) for BKRC_Voice_Extern
    main.o(i.Car_Thread) refers to infrared.o(i.Infrared_Send) for Infrared_Send
    main.o(i.Car_Thread) refers to main.o(.data) for make
    main.o(i.Car_Thread) refers to ultrasonic.o(.data) for dis
    main.o(i.Car_Thread) refers to drive.o(i.Garage_Cont_Zigbee) for Garage_Cont_Zigbee
    main.o(i.Car_Thread) refers to timer.o(i.gt_get) for gt_get
    main.o(i.Car_Thread) refers to timer.o(i.gt_get_sub) for gt_get_sub
    main.o(i.Car_Thread) refers to can_user.o(.data) for Zigbee_Rx_flag
    main.o(i.Car_Thread) refers to can_user.o(.bss) for Zigb_Rx_Buf
    main.o(i.Hardware_Init) refers to misc.o(i.NVIC_PriorityGroupConfig) for NVIC_PriorityGroupConfig
    main.o(i.Hardware_Init) refers to delay.o(i.delay_init) for delay_init
    main.o(i.Hardware_Init) refers to tba.o(i.Tba_Init) for Tba_Init
    main.o(i.Hardware_Init) refers to infrared.o(i.Infrared_Init) for Infrared_Init
    main.o(i.Hardware_Init) refers to cba.o(i.Cba_Init) for Cba_Init
    main.o(i.Hardware_Init) refers to ultrasonic.o(i.Ultrasonic_Init) for Ultrasonic_Init
    main.o(i.Hardware_Init) refers to hard_can.o(i.Hard_Can_Init) for Hard_Can_Init
    main.o(i.Hardware_Init) refers to bh1750.o(i.BH1750_Configure) for BH1750_Configure
    main.o(i.Hardware_Init) refers to bkrc_voice.o(i.BKRC_Voice_Init) for BKRC_Voice_Init
    main.o(i.Hardware_Init) refers to power_check.o(i.Electricity_Init) for Electricity_Init
    main.o(i.Hardware_Init) refers to can_check.o(i.Can_check_Init) for Can_check_Init
    main.o(i.Hardware_Init) refers to roadway_check.o(i.roadway_check_TimInit) for roadway_check_TimInit
    main.o(i.Hardware_Init) refers to timer.o(i.Timer_Init) for Timer_Init
    main.o(i.Hardware_Init) refers to rc522.o(i.Readcard_daivce_Init) for Readcard_daivce_Init
    main.o(i.Hardware_Init) refers to yang.o(i.Timer2_Init) for Timer2_Init
    main.o(i.KEY_Check) refers to delay.o(i.delay_ms) for delay_ms
    main.o(i.KEY_Check) refers to yang.o(i.Yang_ETC_Inquire) for Yang_ETC_Inquire
    main.o(i.KEY_Check) refers to main.o(.data) for AutoFlag
    main.o(i.main) refers to main.o(i.Hardware_Init) for Hardware_Init
    main.o(i.main) refers to timer.o(i.gt_get) for gt_get
    main.o(i.main) refers to canp_hostcom.o(i.Send_UpMotor) for Send_UpMotor
    main.o(i.main) refers to main.o(i.KEY_Check) for KEY_Check
    main.o(i.main) refers to yang.o(i.Yang_Automatic_1) for Yang_Automatic_1
    main.o(i.main) refers to can_user.o(i.Can_WifiRx_Check) for Can_WifiRx_Check
    main.o(i.main) refers to can_user.o(i.Can_ZigBeeRx_Check) for Can_ZigBeeRx_Check
    main.o(i.main) refers to main.o(i.Car_Thread) for Car_Thread
    main.o(i.main) refers to timer.o(i.gt_get_sub) for gt_get_sub
    main.o(i.main) refers to power_check.o(i.Power_Check) for Power_Check
    main.o(i.main) refers to rc522.o(i.Rc522_GetLinkFlag) for Rc522_GetLinkFlag
    main.o(i.main) refers to rc522.o(i.Readcard_daivce_Init) for Readcard_daivce_Init
    main.o(i.main) refers to rc522.o(i.Rc522_LinkTest) for Rc522_LinkTest
    main.o(i.main) refers to tba.o(i.Get_tba_phsis_value) for Get_tba_phsis_value
    main.o(i.main) refers to ultrasonic.o(i.Ultrasonic_Ranging) for Ultrasonic_Ranging
    main.o(i.main) refers to bh1750.o(i.Get_Bh_Value) for Get_Bh_Value
    main.o(i.main) refers to canp_hostcom.o(i.Send_WifiData_To_Fifo) for Send_WifiData_To_Fifo
    main.o(i.main) refers to main.o(.data) for LED_twinkle_times
    main.o(i.main) refers to data_base.o(.bss) for Principal_Tab
    main.o(i.main) refers to can_user.o(.data) for Host_AGV_Return_Flag
    main.o(i.main) refers to roadway_check.o(.data) for Stop_Flag
    main.o(i.main) refers to ultrasonic.o(.data) for dis
    main.o(i.main) refers to canp_hostcom.o(.data) for CanHost_Mp
[...]
    __rt_lib_shutdown_fini                   0x08000199   Thumb Code     0  entry12b.o(.ARM.Collect$$$$0000000E)
    __rt_final_cpp                           0x0800019d   Thumb Code     0  entry10a.o(.ARM.Collect$$$$0000000F)
    __rt_final_exit                          0x0800019d   Thumb Code     0  entry11a.o(.ARM.Collect$$$$00000011)
    Reset_Handler                            0x080001a1   Thumb Code     8  startup_stm32f40_41xxx.o(.text)
    NMI_Handler                              0x080001a9   Thumb Code     2  startup_stm32f40_41xxx.o(.text)
    HardFault_Handler                        0x080001ab   Thumb Code     2  startup_stm32f40_41xxx.o(.text)
    MemManage_Handler                        0x080001ad   Thumb Code     2  startup_stm32f40_41xxx.o(.text)
    BusFault_Handler                         0x080001af   Thumb Code     2  startup_stm32f40_41xxx.o(.text)
    UsageFault_Handler                       0x080001b1   Thumb Code     2  startup_stm32f40_41xxx.o(.text)
    SVC_Handler                              0x080001b3   Thumb Code     2  startup_stm32f40_41xxx.o(.text)
    DebugMon_Handler                         0x080001b5   Thumb Code     2  startup_stm32f40_41xxx.o(.text)
    PendSV_Handler                           0x080001b7   Thumb Code     2  startup_stm32f40_41xxx.o(.text)
    SysTick_Handler                          0x080001b9   Thumb Code     2  startup_stm32f40_41xxx.o(.text)
    ADC_IRQHandler                           0x080001bb   Thumb Code     0  startup_stm32f40_41xxx.o(.text)
    CAN1_RX0_IRQHandler                      0x080001bb   Thumb Code     0  startup_stm32f40_41xxx.o(.text)
    CAN1_RX1_IRQHandler                      0x080001bb   Thumb Code     0  startup_stm32f40_41xxx.o(.text)
    CAN1_SCE_IRQHandler                      0x080001bb   Thumb Code     0  startup_stm32f40_41xxx.o(.text)
    CAN1_TX_IRQHandler                       0x080001bb   Thumb Code     0  startup_stm32f40_41xxx.o(.text)
    CAN2_RX0_IRQHandler                      0x080001bb   Thumb Code     0  startup_stm32f40_41xxx.o(.text)
    CAN2_RX1_IRQHandler                      0x080001bb   Thumb Code     0  startup_stm32f40_41xxx.o(.text)
    CAN2_SCE_IRQHandler                      0x080001bb   Thumb Code     0  startup_stm32f40_41xxx.o(.text)
    CAN2_TX_IRQHandler                       0x080001bb   Thumb Code     0  startup_stm32f40_41xxx.o(.text)
    CRYP_IRQHandler                          0x080001bb   Thumb Code     0  startup_stm32f40_41xxx.o(.text)
    DCMI_IRQHandler                          0x080001bb   Thumb Code     0  startup_stm32f40_41xxx.o(.text)
    DMA1_Stream0_IRQHandler                  0x080001bb   Thumb Code     0  startup_stm32f40_41xxx.o(.text)
    DMA1_Stream1_IRQHandler                  0x080001bb   Thumb Code     0  startup_stm32f40_41xxx.o(.text)
    DMA1_Stream2_IRQHandler                  0x080001bb   Thumb Code     0  startup_stm32f40_41xxx.o(.text)
    DMA1_Stream3_IRQHandler                  0x080001bb   Thumb Code     0  startup_stm32f40_41xxx.o(.text)
    DMA1_Stream4_IRQHandler                  0x080001bb   Thumb Code     0  startup_stm32f40_41xxx.o(.text)
    DMA1_Stream5_IRQHandler                  0x080001bb   Thumb Code     0  startup_stm32f40_41xxx.o(.text)
    DMA1_Stream6_IRQHandler                  0x080001bb   Thumb Code     0  startup_stm32f40_41xxx.o(.text)
    DMA1_Stream7_IRQHandler                  0x080001bb   Thumb Code     0  startup_stm32f40_41xxx.o(.text)
    DMA2_Stream0_IRQHandler                  0x080001bb   Thumb Code     0  startup_stm32f40_41xxx.o(.text)
    DMA2_Stream1_IRQHandler                  0x080001bb   Thumb Code     0  startup_stm32f40_41xxx.o(.text)
    DMA2_Stream2_IRQHandler                  0x080001bb   Thumb Code     0  startup_stm32f40_41xxx.o(.text)
    DMA2_Stream3_IRQHandler                  0x080001bb   Thumb Code     0  startup_stm32f40_41xxx.o(.text)
    DMA2_Stream4_IRQHandler                  0x080001bb   Thumb Code     0  startup_stm32f40_41xxx.o(.text)
    DMA2_Stream5_IRQHandler                  0x080001bb   Thumb Code     0  startup_stm32f40_41xxx.o(.text)
    DMA2_Stream6_IRQHandler                  0x080001bb   Thumb Code     0  startup_stm32f40_41xxx.o(.text)
    DMA2_Stream7_IRQHandler                  0x080001bb   Thumb Code     0  startup_stm32f40_41xxx.o(.text)
    ETH_IRQHandler                           0x080001bb   Thumb Code     0  startup_stm32f40_41xxx.o(.text)
    ETH_WKUP_IRQHandler                      0x080001bb   Thumb Code     0  startup_stm32f40_41xxx.o(.text)
    EXTI0_IRQHandler                         0x080001bb   Thumb Code     0  startup_stm32f40_41xxx.o(.text)
    EXTI15_10_IRQHandler                     0x080001bb   Thumb Code     0  startup_stm32f40_41xxx.o(.text)
    EXTI1_IRQHandler                         0x080001bb   Thumb Code     0  startup_stm32f40_41xxx.o(.text)
    EXTI2_IRQHandler                         0x080001bb   Thumb Code     0  startup_stm32f40_41xxx.o(.text)
    EXTI3_IRQHandler                         0x080001bb   Thumb Code     0  startup_stm32f40_41xxx.o(.text)
    EXTI9_5_IRQHandler                       0x080001bb   Thumb Code     0  startup_stm32f40_41xxx.o(.text)
    FLASH_IRQHandler                         0x080001bb   Thumb Code     0  startup_stm32f40_41xxx.o(.text)
    FPU_IRQHandler                           0x080001bb   Thumb Code     0  startup_stm32f40_41xxx.o(.text)
    FSMC_IRQHandler                          0x080001bb   Thumb Code     0  startup_stm32f40_41xxx.o(.text)
    HASH_RNG_IRQHandler                      0x080001bb   Thumb Code     0  startup_stm32f40_41xxx.o(.text)
    I2C1_ER_IRQHandler                       0x080001bb   Thumb Code     0  startup_stm32f40_41xxx.o(.text)
    I2C1_EV_IRQHandler                       0x080001bb   Thumb Code     0  startup_stm32f40_41xxx.o(.text)
    I2C2_ER_IRQHandler                       0x080001bb   Thumb Code     0  startup_stm32f40_41xxx.o(.text)
    I2C2_EV_IRQHandler                       0x080001bb   Thumb Code     0  startup_stm32f40_41xxx.o(.text)
    I2C3_ER_IRQHandler                       0x080001bb   Thumb Code     0  startup_stm32f40_41xxx.o(.text)
    I2C3_EV_IRQHandler                       0x080001bb   Thumb Code     0  startup_stm32f40_41xxx.o(.text)
    OTG_FS_IRQHandler                        0x080001bb   Thumb Code     0  startup_stm32f40_41xxx.o(.text)
    OTG_FS_WKUP_IRQHandler                   0x080001bb   Thumb Code     0  startup_stm32f40_41xxx.o(.text)
    OTG_HS_EP1_IN_IRQHandler                 0x080001bb   Thumb Code     0  startup_stm32f40_41xxx.o(.text)
    OTG_HS_EP1_OUT_IRQHandler                0x080001bb   Thumb Code     0  startup_stm32f40_41xxx.o(.text)
    OTG_HS_IRQHandler                        0x080001bb   Thumb Code     0  startup_stm32f40_41xxx.o(.text)
    OTG_HS_WKUP_IRQHandler                   0x080001bb   Thumb Code     0  startup_stm32f40_41xxx.o(.text)
    PVD_IRQHandler                           0x080001bb   Thumb Code     0  startup_stm32f40_41xxx.o(.text)
    RCC_IRQHandler                           0x080001bb   Thumb Code     0  startup_stm32f40_41xxx.o(.text)
    RTC_Alarm_IRQHandler                     0x080001bb   Thumb Code     0  startup_stm32f40_41xxx.o(.text)
    RTC_WKUP_IRQHandler                      0x080001bb   Thumb Code     0  startup_stm32f40_41xxx.o(.text)
    SDIO_IRQHandler                          0x080001bb   Thumb Code     0  startup_stm32f40_41xxx.o(.text)
    SPI1_IRQHandler                          0x080001bb   Thumb Code     0  startup_stm32f40_41xxx.o(.text)
    SPI2_IRQHandler                          0x080001bb   Thumb Code     0  startup_stm32f40_41xxx.o(.text)
    SPI3_IRQHandler                          0x080001bb   Thumb Code     0  startup_stm32f40_41xxx.o(.text)
    TAMP_STAMP_IRQHandler                    0x080001bb   Thumb Code     0  startup_stm32f40_41xxx.o(.text)
    TIM1_CC_IRQHandler                       0x080001bb   Thumb Code     0  startup_stm32f40_41xxx.o(.text)
    TIM1_TRG_COM_TIM11_IRQHandler            0x080001bb   Thumb Code     0  startup_stm32f40_41xxx.o(.text)
    TIM3_IRQHandler                          0x080001bb   Thumb Code     0  startup_stm32f40_41xxx.o(.text)
    TIM4_IRQHandler                          0x080001bb   Thumb Code     0  startup_stm32f40_41xxx.o(.text)
    TIM5_IRQHandler                          0x080001bb   Thumb Code     0  startup_stm32f40_41xxx.o(.text)
    TIM8_BRK_TIM12_IRQHandler                0x080001bb   Thumb Code     0  startup_stm32f40_41xxx.o(.text)
    TIM8_CC_IRQHandler                       0x080001bb   Thumb Code     0  startup_stm32f40_41xxx.o(.text)
    TIM8_TRG_COM_TIM14_IRQHandler            0x080001bb   Thumb Code     0  startup_stm32f40_41xxx.o(.text)
    TIM8_UP_TIM13_IRQHandler                 0x080001bb   Thumb Code     0  startup_stm32f40_41xxx.o(.text)
    UART5_IRQHandler                         0x080001bb   Thumb Code     0  startup_stm32f40_41xxx.o(.text)
    USART3_IRQHandler                        0x080001bb   Thumb Code     0  startup_stm32f40_41xxx.o(.text)
    WWDG_IRQHandler                          0x080001bb   Thumb Code     0  startup_stm32f40_41xxx.o(.text)
    __aeabi_memcpy                           0x080001c5   Thumb Code    36  memcpya.o(.text)
    __aeabi_memcpy4                          0x080001c5   Thumb Code     0  memcpya.o(.text)
    __aeabi_memcpy8                          0x080001c5   Thumb Code     0  memcpya.o(.text)
    __aeabi_memset                           0x080001e9   Thumb Code    14  memseta.o(.text)
    __aeabi_memset4                          0x080001e9   Thumb Code     0  memseta.o(.text)
    __aeabi_memset8                          0x080001e9   Thumb Code     0  memseta.o(.text)
    __aeabi_memclr                           0x080001f7   Thumb Code     4  memseta.o(.text)
    __aeabi_memclr4                          0x080001f7   Thumb Code     0  memseta.o(.text)
    __aeabi_memclr8                          0x080001f7   Thumb Code     0  memseta.o(.text)
    _memset$wrapper                          0x080001fb   Thumb Code    18  memseta.o(.text)
    __aeabi_ddiv                             0x0800020d   Thumb Code   222  ddiv.o(.text)
    __aeabi_i2d                              0x080002eb   Thumb Code    34  dflti.o(.text)
    __aeabi_f2d                              0x0800030d   Thumb Code    38  f2d.o(.text)
    __aeabi_d2f                              0x08000333   Thumb Code    56  d2f.o(.text)
    __aeabi_uldivmod                         0x0800036b   Thumb Code    98  uldiv.o(.text)
    __aeabi_llsr                             0x080003cd   Thumb Code    32  llushr.o(.text)
    _ll_ushift_r                             0x080003cd   Thumb Code     0  llushr.o(.text)
    __I$use$fp                               0x080003ed   Thumb Code     0  iusefp.o(.text)
    _float_round                             0x080003ed   Thumb Code    18  fepilogue.o(.text)
    _float_epilogue                          0x080003ff   Thumb Code    92  fepilogue.o(.text)
    _double_round                            0x0800045b   Thumb Code    30  depilogue.o(.text)
    _double_epilogue                         0x08000479   Thumb Code   156  depilogue.o(.text)
    __scatterload                            0x08000515   Thumb Code    28  init.o(.text)
    __scatterload_rt2                        0x08000515   Thumb Code     0  init.o(.text)
    __aeabi_llsl                             0x08000539   Thumb Code    30  llshl.o(.text)
    _ll_shift_l                              0x08000539   Thumb Code     0  llshl.o(.text)
    __decompress                             0x08000557   Thumb Code     0  __dclz77c.o(.text)
    __decompress2                            0x08000557   Thumb Code    94  __dclz77c.o(.text)
    ADC_ClearFlag                            0x080005b5   Thumb Code     6  stm32f4xx_adc.o(i.ADC_ClearFlag)
    ADC_Cmd                                  0x080005bb   Thumb Code    22  stm32f4xx_adc.o(i.ADC_Cmd)
    ADC_CommonInit                           0x080005d1   Thumb Code    34  stm32f4xx_adc.o(i.ADC_CommonInit)
    ADC_Configure                            0x08000601   Thumb Code   132  power_check.o(i.ADC_Configure)
    ADC_GetConversionValue                   0x0800068d   Thumb Code     8  stm32f4xx_adc.o(i.ADC_GetConversionValue)
    ADC_GetFlagStatus                        0x08000695   Thumb Code    18  stm32f4xx_adc.o(i.ADC_GetFlagStatus)
    ADC_Init                                 0x080006a9   Thumb Code    74  stm32f4xx_adc.o(i.ADC_Init)
    ADC_RegularChannelConfig                 0x080006fd   Thumb Code   184  stm32f4xx_adc.o(i.ADC_RegularChannelConfig)
    ADC_SoftwareStartConv                    0x080007b5   Thumb Code    10  stm32f4xx_adc.o(i.ADC_SoftwareStartConv)
    Abnormal_data                            0x080007c1   Thumb Code   142  can_user.o(i.Abnormal_data)
    BH1750_Configure                         0x0800085d   Thumb Code    20  bh1750.o(i.BH1750_Configure)
    BH1750_PortInit                          0x08000875   Thumb Code    74  bh1750.o(i.BH1750_PortInit)
    BH1750_RecvACK                           0x080008c5   Thumb Code    42  bh1750.o(i.BH1750_RecvACK)
    BH1750_RecvByte                          0x080008f9   Thumb Code    74  bh1750.o(i.BH1750_RecvByte)
    BH1750_SendACK                           0x0800094d   Thumb Code    54  bh1750.o(i.BH1750_SendACK)
    BH1750_SendByte                          0x0800098d   Thumb Code    78  bh1750.o(i.BH1750_SendByte)
    BH1750_Start                             0x080009e5   Thumb Code    46  bh1750.o(i.BH1750_Start)
    BH1750_Stop                              0x08000a1d   Thumb Code    40  bh1750.o(i.BH1750_Stop)
    BKRC_Voice_Extern                        0x08000a4d   Thumb Code   124  bkrc_voice.o(i.BKRC_Voice_Extern)
    BKRC_Voice_Init                          0x08000ad1   Thumb Code     8  bkrc_voice.o(i.BKRC_Voice_Init)
    CAN_DeInit                               0x08000ad9   Thumb Code    50  stm32f4xx_can.o(i.CAN_DeInit)
    CAN_FilterInit                           0x08000b11   Thumb Code   258  stm32f4xx_can.o(i.CAN_FilterInit)
    CAN_ITConfig                             0x08000c19   Thumb Code    18  stm32f4xx_can.o(i.CAN_ITConfig)
    CAN_Init                                 0x08000c2b   Thumb Code   276  stm32f4xx_can.o(i.CAN_Init)
    CAN_MessagePending                       0x08000d3f   Thumb Code    30  stm32f4xx_can.o(i.CAN_MessagePending)
    CAN_Receive                              0x08000d5d   Thumb Code   240  stm32f4xx_can.o(i.CAN_Receive)
    CAN_Transmit                             0x08000e4d   Thumb Code   294  stm32f4xx_can.o(i.CAN_Transmit)
    CAN_TransmitStatus                       0x08000f75   Thumb Code   138  stm32f4xx_can.o(i.CAN_TransmitStatus)
    CalulateCRC                              0x08001015   Thumb Code   110  rc522.o(i.CalulateCRC)
    CanDrv_FiterUpdata                       0x08001085   Thumb Code   616  can_drv.o(i.CanDrv_FiterUpdata)
    CanDrv_RxCheck                           0x08001359   Thumb Code    12  can_drv.o(i.CanDrv_RxCheck)
    CanDrv_RxGetMeesage                      0x08001369   Thumb Code    34  can_drv.o(i.CanDrv_RxGetMeesage)
    CanDrv_TxData                            0x08001391   Thumb Code   106  can_drv.o(i.CanDrv_TxData)
    CanDrv_TxEmptyCheck                      0x08001405   Thumb Code    18  can_drv.o(i.CanDrv_TxEmptyCheck)
    CanP_CanRx_Check                         0x0800141d   Thumb Code    18  canp_hostcom.o(i.CanP_CanRx_Check)
    CanP_CanRx_Irq                           0x08001431   Thumb Code   146  canp_hostcom.o(i.CanP_CanRx_Irq)
    CanP_CanRx_TrackUp                       0x080014e1   Thumb Code    14  canp_hostcom.o(i.CanP_CanRx_TrackUp)
    CanP_CanTx_Check_fIrq                    0x080014f5   Thumb Code   204  canp_hostcom.o(i.CanP_CanTx_Check_fIrq)
    CanP_Cmd_Check                           0x080015d9   Thumb Code    36  canp_hostcom.o(i.CanP_Cmd_Check)
    CanP_Cmd_Init                            0x08001601   Thumb Code    26  canp_hostcom.o(i.CanP_Cmd_Init)
    CanP_Cmd_Send                            0x08001621   Thumb Code    66  canp_hostcom.o(i.CanP_Cmd_Send)
    CanP_Cmd_Write                           0x08001669   Thumb Code    78  canp_hostcom.o(i.CanP_Cmd_Write)
    CanP_FifoInit                            0x080016bd   Thumb Code    54  canp_hostcom.o(i.CanP_FifoInit)
    CanP_FifoInitS                           0x0800171d   Thumb Code    22  canp_hostcom.o(i.CanP_FifoInitS)
    CanP_Host_Main                           0x08001735   Thumb Code   228  canp_hostcom.o(i.CanP_Host_Main)
    CanP_Init                                0x0800183d   Thumb Code    30  canp_hostcom.o(i.CanP_Init)
    Can_WifiRx_Check                         0x08001869   Thumb Code  1208  can_user.o(i.Can_WifiRx_Check)
    Can_WifiRx_Save                          0x08001d3d   Thumb Code    66  can_user.o(i.Can_WifiRx_Save)
    Can_ZigBeeRx_Check                       0x08001d91   Thumb Code   298  can_user.o(i.Can_ZigBeeRx_Check)
    Can_ZigBeeRx_Save                        0x08001ed5   Thumb Code    66  can_user.o(i.Can_ZigBeeRx_Save)
    Can_check_Init                           0x08001f29   Thumb Code    92  can_check.o(i.Can_check_Init)
    Canuser_main                             0x08001f89   Thumb Code    12  can_user.o(i.Canuser_main)
    Car_Back                                 0x08001f95   Thumb Code    78  drive.o(i.Car_Back)
    Car_Go                                   0x08002009   Thumb Code    72  drive.o(i.Car_Go)
    Car_Left                                 0x08002075   Thumb Code    76  drive.o(i.Car_Left)
    Car_R45                                  0x080020e1   Thumb Code    42  drive.o(i.Car_R45)
    Car_Right                                0x0800210d   Thumb Code    78  drive.o(i.Car_Right)
    Car_Thread                               0x0800217d   Thumb Code  1358  main.o(i.Car_Thread)
    Car_Track                                0x080026fd   Thumb Code    60  drive.o(i.Car_Track)
    Cba_Init                                 0x08002759   Thumb Code   112  cba.o(i.Cba_Init)
    ClearBitMask                             0x080027d1   Thumb Code    30  rc522.o(i.ClearBitMask)
    Control                                  0x080027ef   Thumb Code    92  roadway_check.o(i.Control)
    ETC_Get_Zigbee                           0x0800284d   Thumb Code   158  drive.o(i.ETC_Get_Zigbee)
    EXTI4_IRQHandler                         0x08002901   Thumb Code    90  ultrasonic.o(i.EXTI4_IRQHandler)
    EXTI_ClearITPendingBit                   0x08002975   Thumb Code     6  stm32f4xx_exti.o(i.EXTI_ClearITPendingBit)
    EXTI_GetITStatus                         0x08002981   Thumb Code    20  stm32f4xx_exti.o(i.EXTI_GetITStatus)
    EXTI_Init                                0x08002999   Thumb Code   142  stm32f4xx_exti.o(i.EXTI_Init)
    Electricity_Init                         0x08002a2d   Thumb Code    12  power_check.o(i.Electricity_Init)
    FifoDrv_BufRead                          0x08002a39   Thumb Code    42  fifo_drv.o(i.FifoDrv_BufRead)
    FifoDrv_BufWrite                         0x08002a63   Thumb Code    40  fifo_drv.o(i.FifoDrv_BufWrite)
    FifoDrv_CheckReadEn                      0x08002a8b   Thumb Code    48  fifo_drv.o(i.FifoDrv_CheckReadEn)
    FifoDrv_CheckWriteEn                     0x08002abb   Thumb Code    28  fifo_drv.o(i.FifoDrv_CheckWriteEn)
    FifoDrv_Init                             0x08002ad7   Thumb Code    36  fifo_drv.o(i.FifoDrv_Init)
    FifoDrv_ReadOne                          0x08002afb   Thumb Code    48  fifo_drv.o(i.FifoDrv_ReadOne)
    FifoDrv_StructCheck                      0x08002b2b   Thumb Code    36  fifo_drv.o(i.FifoDrv_StructCheck)
    FifoDrv_WriteOne                         0x08002b4f   Thumb Code    44  fifo_drv.o(i.FifoDrv_WriteOne)
    GPIO_Init                                0x08002b7b   Thumb Code   144  stm32f4xx_gpio.o(i.GPIO_Init)
    GPIO_PinAFConfig                         0x08002c0b   Thumb Code    70  stm32f4xx_gpio.o(i.GPIO_PinAFConfig)
    GPIO_ReadInputDataBit                    0x08002c51   Thumb Code    18  stm32f4xx_gpio.o(i.GPIO_ReadInputDataBit)
    GPIO_ResetBits                           0x08002c63   Thumb Code     4  stm32f4xx_gpio.o(i.GPIO_ResetBits)
    GPIO_SetBits                             0x08002c67   Thumb Code     4  stm32f4xx_gpio.o(i.GPIO_SetBits)
    Garage_Cont_Zigbee                       0x08002c6d   Thumb Code   322  drive.o(i.Garage_Cont_Zigbee)
    Get_ADC_Value                            0x08002de5   Thumb Code    38  power_check.o(i.Get_ADC_Value)
    Get_Bh_Value                             0x08002e11   Thumb Code    82  bh1750.o(i.Get_Bh_Value)
    Get_Electricity                          0x08002e71   Thumb Code    38  power_check.o(i.Get_Electricity)
    Get_Host_UpTrack                         0x08002e99   Thumb Code    48  canp_hostcom.o(i.Get_Host_UpTrack)
    Get_tba_phsis_value                      0x08002ecd   Thumb Code    14  tba.o(i.Get_tba_phsis_value)
    Go_and_Back_Check                        0x08002ee1   Thumb Code    86  roadway_check.o(i.Go_and_Back_Check)
    Hard_Can_Init                            0x08002f49   Thumb Code   284  hard_can.o(i.Hard_Can_Init)
    Hard_Can_SpeedMode                       0x08003075   Thumb Code    30  hard_can.o(i.Hard_Can_SpeedMode)
    Hard_Can_While                           0x08003099   Thumb Code     8  hard_can.o(i.Hard_Can_While)
    Host_Receive_UpTrack                     0x080030fd   Thumb Code     8  canp_hostcom.o(i.Host_Receive_UpTrack)
    Infrared_Init                            0x08003109   Thumb Code    56  infrared.o(i.Infrared_Init)
    Infrared_Send                            0x08003149   Thumb Code   170  infrared.o(i.Infrared_Send)
    InitRc522                                0x080031fd   Thumb Code    48  rc522.o(i.InitRc522)
    LED_Dis_Zigbee                           0x08003305   Thumb Code   130  drive.o(i.LED_Dis_Zigbee)
    Light_Inf                                0x0800338d   Thumb Code   166  drive.o(i.Light_Inf)
    M500PcdConfigISOType                     0x08003441   Thumb Code    92  rc522.o(i.M500PcdConfigISOType)
    MLib_GetSub                              0x0800349d   Thumb Code    14  power_check.o(i.MLib_GetSub)
    Multiple_Read_BH1750                     0x080034ad   Thumb Code    56  bh1750.o(i.Multiple_Read_BH1750)
    NVIC_Init                                0x080034e9   Thumb Code   106  misc.o(i.NVIC_Init)
    NVIC_PriorityGroupConfig                 0x08003561   Thumb Code    10  misc.o(i.NVIC_PriorityGroupConfig)
    Normal_data                              0x08003575   Thumb Code    70  can_user.o(i.Normal_data)
    Parameter_Init                           0x080035c5   Thumb Code    98  power_check.o(i.Parameter_Init)
    PcdAntennaOff                            0x08003641   Thumb Code    12  rc522.o(i.PcdAntennaOff)
    PcdAntennaOn                             0x0800364d   Thumb Code    26  rc522.o(i.PcdAntennaOn)
    PcdAnticoll                              0x08003667   Thumb Code   112  rc522.o(i.PcdAnticoll)
    PcdAuthState                             0x080036d7   Thumb Code   110  rc522.o(i.PcdAuthState)
    PcdComMF522                              0x08003745   Thumb Code   306  rc522.o(i.PcdComMF522)
    PcdRead                                  0x08003877   Thumb Code    84  rc522.o(i.PcdRead)
    PcdRequest                               0x080038cb   Thumb Code    84  rc522.o(i.PcdRequest)
    PcdReset                                 0x0800391f   Thumb Code    72  rc522.o(i.PcdReset)
    PcdSelect                                0x08003967   Thumb Code   114  rc522.o(i.PcdSelect)
    PcdWrite                                 0x080039d9   Thumb Code   146  rc522.o(i.PcdWrite)
    Power_Check                              0x08003a6d   Thumb Code   336  power_check.o(i.Power_Check)
    RC522                                    0x08003bd9   Thumb Code   258  rc522.o(i.RC522)
    RC522_Uart_init                          0x08003d3d   Thumb Code   134  rc522.o(i.RC522_Uart_init)
    RCC_AHB1PeriphClockCmd                   0x08003dd1   Thumb Code    26  stm32f4xx_rcc.o(i.RCC_AHB1PeriphClockCmd)
    RCC_APB1PeriphClockCmd                   0x08003df1   Thumb Code    26  stm32f4xx_rcc.o(i.RCC_APB1PeriphClockCmd)
    RCC_APB1PeriphResetCmd                   0x08003e11   Thumb Code    26  stm32f4xx_rcc.o(i.RCC_APB1PeriphResetCmd)
    RCC_APB2PeriphClockCmd                   0x08003e31   Thumb Code    26  stm32f4xx_rcc.o(i.RCC_APB2PeriphClockCmd)
    RCC_APB2PeriphResetCmd                   0x08003e51   Thumb Code    26  stm32f4xx_rcc.o(i.RCC_APB2PeriphResetCmd)
    RCC_GetClocksFreq                        0x08003e71   Thumb Code   214  stm32f4xx_rcc.o(i.RCC_GetClocksFreq)
    Rc522_GetLinkFlag                        0x08003f59   Thumb Code     6  rc522.o(i.Rc522_GetLinkFlag)
    Rc522_LinkTest                           0x08003f65   Thumb Code    10  rc522.o(i.Rc522_LinkTest)
    Rc522_OutSRst                            0x08003f6f   Thumb Code    62  rc522.o(i.Rc522_OutSRst)
    ReadRawRC                                0x08003fad   Thumb Code    42  rc522.o(i.ReadRawRC)
    Readcard_daivce_Init                     0x08003fd7   Thumb Code    24  rc522.o(i.Readcard_daivce_Init)
    Rece_data                                0x08003ff1   Thumb Code    62  rc522.o(i.Rece_data)
    Roadway_Check                            0x08004039   Thumb Code    20  roadway_check.o(i.Roadway_Check)
    Roadway_Flag_clean                       0x0800404d   Thumb Code    28  roadway_check.o(i.Roadway_Flag_clean)
    Roadway_mp_Get                           0x08004081   Thumb Code    62  roadway_check.o(i.Roadway_mp_Get)
    Roadway_mp_syn                           0x080040c9   Thumb Code    12  roadway_check.o(i.Roadway_mp_syn)
    Roadway_nav_syn                          0x080040dd   Thumb Code    10  roadway_check.o(i.Roadway_nav_syn)
    SDA_IN                                   0x080040f1   Thumb Code    28  bh1750.o(i.SDA_IN)
    SDA_OUT                                  0x08004111   Thumb Code    34  bh1750.o(i.SDA_OUT)
    SYSCFG_EXTILineConfig                    0x08004139   Thumb Code    60  stm32f4xx_syscfg.o(i.SYSCFG_EXTILineConfig)
    Send_Electric                            0x08004179   Thumb Code    42  canp_hostcom.o(i.Send_Electric)
    Send_InfoData_To_Fifo                    0x080041a5   Thumb Code    24  canp_hostcom.o(i.Send_InfoData_To_Fifo)
    Send_UpMotor                             0x080041c1   Thumb Code    84  canp_hostcom.o(i.Send_UpMotor)
    Send_WifiData_To_Fifo                    0x08004215   Thumb Code    18  canp_hostcom.o(i.Send_WifiData_To_Fifo)
    Send_ZigbeeData_To_Fifo                  0x0800422d   Thumb Code    18  canp_hostcom.o(i.Send_ZigbeeData_To_Fifo)
    Send_data                                0x08004245   Thumb Code    46  rc522.o(i.Send_data)
    SetBitMask                               0x08004279   Thumb Code    30  rc522.o(i.SetBitMask)
    Set_tba_Beep                             0x08004385   Thumb Code    32  tba.o(i.Set_tba_Beep)
    Set_tba_WheelLED                         0x080043a9   Thumb Code    72  tba.o(i.Set_tba_WheelLED)
    Single_Write_BH1750                      0x080043f5   Thumb Code    26  bh1750.o(i.Single_Write_BH1750)
    Smoothing_Filtering                      0x08004411   Thumb Code    52  data_filtering.o(i.Smoothing_Filtering)
    StreetLight_Test                         0x08004449   Thumb Code   372  yang.o(i.StreetLight_Test)
    StreetLight_adjust                       0x080045c1   Thumb Code    74  yang.o(i.StreetLight_adjust)
    SysTick_CLKSourceConfig                  0x08004611   Thumb Code    40  misc.o(i.SysTick_CLKSourceConfig)
    SystemInit                               0x08004639   Thumb Code    88  system_stm32f4xx.o(i.SystemInit)
    TIM1_BRK_TIM9_IRQHandler                 0x080046a1   Thumb Code    28  roadway_check.o(i.TIM1_BRK_TIM9_IRQHandler)
    TIM1_UP_TIM10_IRQHandler                 0x080046c1   Thumb Code    34  timer.o(i.TIM1_UP_TIM10_IRQHandler)
    TIM2_IRQHandler                          0x080046ed   Thumb Code    50  yang.o(i.TIM2_IRQHandler)
    TIM6_DAC_IRQHandler                      0x08004725   Thumb Code    34  ultrasonic.o(i.TIM6_DAC_IRQHandler)
    TIM7_IRQHandler                          0x08004751   Thumb Code    28  can_check.o(i.TIM7_IRQHandler)
    TIM_ClearITPendingBit                    0x08004771   Thumb Code     6  stm32f4xx_tim.o(i.TIM_ClearITPendingBit)
    TIM_Cmd                                  0x08004777   Thumb Code    24  stm32f4xx_tim.o(i.TIM_Cmd)
    TIM_GetITStatus                          0x0800478f   Thumb Code    34  stm32f4xx_tim.o(i.TIM_GetITStatus)
    TIM_ITConfig                             0x080047b1   Thumb Code    18  stm32f4xx_tim.o(i.TIM_ITConfig)
    TIM_TimeBaseInit                         0x080047c5   Thumb Code   104  stm32f4xx_tim.o(i.TIM_TimeBaseInit)
    Tba_Beep_Config                          0x08004849   Thumb Code    46  tba.o(i.Tba_Beep_Config)
    Tba_Init                                 0x0800487d   Thumb Code    16  tba.o(i.Tba_Init)
    Tba_Photoresistance_Config               0x0800488d   Thumb Code    38  tba.o(i.Tba_Photoresistance_Config)
    Tba_WheelLED_Config                      0x080048b9   Thumb Code    46  tba.o(i.Tba_WheelLED_Config)
    Timer2_Init                              0x080048ed   Thumb Code    94  yang.o(i.Timer2_Init)
    Timer_Init                               0x0800494d   Thumb Code    92  timer.o(i.Timer_Init)
    Track_Check                              0x080049ad   Thumb Code    48  roadway_check.o(i.Track_Check)
    Track_Correct                            0x080049e5   Thumb Code   442  roadway_check.o(i.Track_Correct)
    U8ToU16                                  0x08004bbd   Thumb Code    16  my_lib.o(i.U8ToU16)
    U8ToU16_Big                              0x08004bcd   Thumb Code    16  my_lib.o(i.U8ToU16_Big)
    UART4_IRQHandler                         0x08004bdd   Thumb Code    10  uart_a72.o(i.UART4_IRQHandler)
    USART1_IRQHandler                        0x08004bed   Thumb Code    76  usart.o(i.USART1_IRQHandler)
    USART2_IRQHandler                        0x08004c49   Thumb Code   104  uart_a72.o(i.USART2_IRQHandler)
    USART6_IRQHandler                        0x08004d75   Thumb Code   168  bkrc_voice.o(i.USART6_IRQHandler)
    USART6_Send_Byte                         0x08004e31   Thumb Code    28  bkrc_voice.o(i.USART6_Send_Byte)
    USART6_Send_Length                       0x08004e51   Thumb Code    28  bkrc_voice.o(i.USART6_Send_Length)
    USART_ClearITPendingBit                  0x08004e6d   Thumb Code    30  stm32f4xx_usart.o(i.USART_ClearITPendingBit)
    USART_Cmd                                0x08004e8b   Thumb Code    24  stm32f4xx_usart.o(i.USART_Cmd)
    USART_GetFlagStatus                      0x08004ea3   Thumb Code    26  stm32f4xx_usart.o(i.USART_GetFlagStatus)
    USART_GetITStatus                        0x08004ebd   Thumb Code    84  stm32f4xx_usart.o(i.USART_GetITStatus)
    USART_ITConfig                           0x08004f11   Thumb Code    74  stm32f4xx_usart.o(i.USART_ITConfig)
    USART_Init                               0x08004f5d   Thumb Code   204  stm32f4xx_usart.o(i.USART_Init)
    USART_ReceiveData                        0x08005031   Thumb Code    10  stm32f4xx_usart.o(i.USART_ReceiveData)
    USART_SendData                           0x0800503b   Thumb Code     8  stm32f4xx_usart.o(i.USART_SendData)
    Uart_Irq                                 0x08005045   Thumb Code   230  uart_drv.o(i.Uart_Irq)
    Ultrasonic_EXTI                          0x0800513d   Thumb Code    86  ultrasonic.o(i.Ultrasonic_EXTI)
    Ultrasonic_Init                          0x08005193   Thumb Code    20  ultrasonic.o(i.Ultrasonic_Init)
    Ultrasonic_Port                          0x080051a9   Thumb Code    94  ultrasonic.o(i.Ultrasonic_Port)
    Ultrasonic_Ranging                       0x08005211   Thumb Code    72  ultrasonic.o(i.Ultrasonic_Ranging)
    Ultrasonic_TIM                           0x08005269   Thumb Code    84  ultrasonic.o(i.Ultrasonic_TIM)
    Voice_Drive                              0x080052c1   Thumb Code   334  bkrc_voice.o(i.Voice_Drive)
    WriteRawRC                               0x08005445   Thumb Code    16  rc522.o(i.WriteRawRC)
    WriteRawRC_HDL                           0x08005455   Thumb Code    68  rc522.o(i.WriteRawRC_HDL)
    YY_Comm_Zigbee                           0x08005499   Thumb Code    80  bkrc_voice.o(i.YY_Comm_Zigbee)
    Yang_ArrInit                             0x080054ed   Thumb Code   408  yang.o(i.Yang_ArrInit)
    Yang_ArrToStr                            0x080056bd   Thumb Code    20  yang.o(i.Yang_ArrToStr)
    Yang_Automatic_1                         0x080056d1   Thumb Code   806  yang.o(i.Yang_Automatic_1)
    Yang_Beacon_Open2                        0x08005a4d   Thumb Code    62  yang.o(i.Yang_Beacon_Open2)
    Yang_CarThread_Go                        0x08005a91   Thumb Code    88  yang.o(i.Yang_CarThread_Go)
    Yang_Car_Back_Infrared                   0x08005b0d   Thumb Code    70  yang.o(i.Yang_Car_Back_Infrared)
    Yang_Car_Garage_return                   0x08005b75   Thumb Code   150  yang.o(i.Yang_Car_Garage_return)
    Yang_Car_L45                             0x08005c15   Thumb Code    44  yang.o(i.Yang_Car_L45)
    Yang_Car_R45                             0x08005c45   Thumb Code    44  yang.o(i.Yang_Car_R45)
    Yang_Car_TrackAndGo                      0x08005c75   Thumb Code    50  yang.o(i.Yang_Car_TrackAndGo)
    Yang_Car_Track_White                     0x08005cb5   Thumb Code    64  yang.o(i.Yang_Car_Track_White)
    Yang_CheckSum_1                          0x08005d19   Thumb Code    28  yang.o(i.Yang_CheckSum_1)
    Yang_ETC_Inquire                         0x08005d35   Thumb Code   160  yang.o(i.Yang_ETC_Inquire)
    Yang_GarageWent                          0x08005de9   Thumb Code   228  yang.o(i.Yang_GarageWent)
    Yang_Garage_Infrared                     0x08005f09   Thumb Code   212  yang.o(i.Yang_Garage_Infrared)
    Yang_Gate_CarCard                        0x08005ff9   Thumb Code   112  yang.o(i.Yang_Gate_CarCard)
    Yang_Gate_OffOrOn                        0x0800606d   Thumb Code   226  yang.o(i.Yang_Gate_OffOrOn)
    Yang_InquireGarage_Floor                 0x08006159   Thumb Code   206  yang.o(i.Yang_InquireGarage_Floor)
    Yang_InquireGate_State                   0x08006249   Thumb Code   112  yang.o(i.Yang_InquireGate_State)
    Yang_LED_Removing                        0x080062d1   Thumb Code   118  yang.o(i.Yang_LED_Removing)
    Yang_LED_Timing                          0x08006351   Thumb Code    88  yang.o(i.Yang_LED_Timing)
    Yang_Left_Time                           0x080063ad   Thumb Code    80  yang.o(i.Yang_Left_Time)
    Yang_NumberTo16                          0x08006421   Thumb Code    52  yang.o(i.Yang_NumberTo16)
    Yang_Right_Time                          0x08006455   Thumb Code    82  yang.o(i.Yang_Right_Time)
    Yang_SpecialTerrain_1                    0x080064cd   Thumb Code    58  yang.o(i.Yang_SpecialTerrain_1)
    Yang_TFT_TurnPage                        0x08006511   Thumb Code    82  yang.o(i.Yang_TFT_TurnPage)
    Yang_ThreeD_Removing                     0x08006569   Thumb Code    92  yang.o(i.Yang_ThreeD_Removing)
    Yang_Track_Correct_White                 0x080065c9   Thumb Code   444  yang.o(i.Yang_Track_Correct_White)
    Yang_Track_duo_RFID                      0x080067a1   Thumb Code   162  yang.o(i.Yang_Track_duo_RFID)
    Yang_Track_duoy_RFID                     0x08006869   Thumb Code    50  yang.o(i.Yang_Track_duoy_RFID)
    Yang_Traffic_Color                       0x080068bd   Thumb Code   120  yang.o(i.Yang_Traffic_Color)
    Yang_Traffic_RecognitionPatterns         0x08006939   Thumb Code   242  yang.o(i.Yang_Traffic_RecognitionPatterns)
    Yang_WirelessCharging_OffOrOn            0x08006a61   Thumb Code    76  yang.o(i.Yang_WirelessCharging_OffOrOn)
    Yang_bubble_sort                         0x08006ab1   Thumb Code    84  yang.o(i.Yang_bubble_sort)
    __0sprintf$5                             0x08006b05   Thumb Code    34  printf5.o(i.__0sprintf$5)
    __1sprintf$5                             0x08006b05   Thumb Code     0  printf5.o(i.__0sprintf$5)
    __2sprintf                               0x08006b05   Thumb Code     0  printf5.o(i.__0sprintf$5)
    __scatterload_copy                       0x08006b2d   Thumb Code    14  handlers.o(i.__scatterload_copy)
    __scatterload_null                       0x08006b3b   Thumb Code     2  handlers.o(i.__scatterload_null)
    __scatterload_zeroinit                   0x08006b3d   Thumb Code    14  handlers.o(i.__scatterload_zeroinit)
    delay_init                               0x08006e19   Thumb Code    52  delay.o(i.delay_init)
    delay_ms                                 0x08006e55   Thumb Code    72  delay.o(i.delay_ms)
    delay_us                                 0x08006ea1   Thumb Code    72  delay.o(i.delay_us)
    gt_get                                   0x08006eed   Thumb Code     6  timer.o(i.gt_get)
    gt_get_sub                               0x08006ef9   Thumb Code    20  timer.o(i.gt_get_sub)
    main                                     0x08006f11   Thumb Code   456  main.o(i.main)
    roadway_check_TimInit                    0x08007115   Thumb Code    92  roadway_check.o(i.roadway_check_TimInit)
    wheel_Nav_check                          0x08007175   Thumb Code    46  roadway_check.o(i.wheel_Nav_check)
    wheel_Track_check                        0x080071b1   Thumb Code   148  roadway_check.o(i.wheel_Track_check)
    bit_tab                                  0x08007254   Data         128  my_lib.o(.constdata)
    bit_and_tab                              0x080072d4   Data         128  my_lib.o(.constdata)
    bit4_lowhig                              0x08007354   Data          16  my_lib.o(.constdata)
    Region$$Table$$Base                      0x08007364   Number         0  anon$$obj.o(Region$$Table)
    Region$$Table$$Limit                     0x08007384   Number         0  anon$$obj.o(Region$$Table)
    RFID_Flag                                0x20000130   Data           1  main.o(.data)
    distance                                 0x20000132   Data           2  main.o(.data)
    gear_init                                0x20000134   Data           1  main.o(.data)
    coordinate                               0x20000135   Data           1  main.o(.data)
    number                                   0x20000136   Data           1  main.o(.data)
    make                                     0x20000137   Data           1  main.o(.data)
    random                                   0x20000138   Data           2  main.o(.data)
    Go_Speed                                 0x2000013a   Data           1  main.o(.data)
    wheel_Speed                              0x2000013b   Data           1  main.o(.data)
    RFID_Go_Speed                            0x2000013c   Data           1  main.o(.data)
    Go_Temp                                  0x2000013e   Data           2  main.o(.data)
    wheel_Time                               0x20000140   Data           2  main.o(.data)
    Stere1                                   0x20000142   Data           6  main.o(.data)
    Stere2                                   0x20000148   Data           6  main.o(.data)
    Stere3                                   0x2000014e   Data           6  main.o(.data)
    Stere4                                   0x20000154   Data           6  main.o(.data)
    data1                                    0x2000015a   Data           3  main.o(.data)
    data2                                    0x2000015d   Data           3  main.o(.data)
    data3                                    0x20000160   Data           3  main.o(.data)
    data4                                    0x20000163   Data           3  main.o(.data)
    data5                                    0x20000166   Data           3  main.o(.data)
    data6                                    0x20000169   Data           3  main.o(.data)
    AutoFlag                                 0x2000016c   Data           1  main.o(.data)
    Ultrasonic_Value                         0x2000028c   Data           4  ultrasonic.o(.data)
    Ultrasonic_Num                           0x20000290   Data           4  ultrasonic.o(.data)
    dis                                      0x20000294   Data           2  ultrasonic.o(.data)
    RX_OK                                    0x200003b2   Data           1  usart.o(.data)
    Length_num                               0x200003b3   Data           1  usart.o(.data)
    RX_Data                                  0x200003b4   Data           2  usart.o(.data)
    BUF                                      0x200004d2   Data           4  bh1750.o(.data)
    Electric_Buf                             0x200005f4   Data           2  power_check.o(.data)
    Pa                                       0x200005f8   Data           4  power_check.o(.data)
    Pb                                       0x200005fc   Data           4  power_check.o(.data)
    pwr_ck_l                                 0x20000600   Data           1  power_check.o(.data)
    pwr_ck_r                                 0x20000601   Data           1  power_check.o(.data)
    temp                                     0x20000602   Data           2  power_check.o(.data)
    temp2                                    0x20000604   Data           2  power_check.o(.data)
    temp_value                               0x20000606   Data           1  power_check.o(.data)
    uart_prot_buf                            0x2000060c   Data          24  uart_drv.o(.data)
    CT                                       0x20000741   Data           2  rc522.o(.data)
    SN                                       0x20000743   Data           4  rc522.o(.data)
    WRITE_RFID                               0x20000747   Data          16  rc522.o(.data)
    KEY_A                                    0x20000757   Data           6  rc522.o(.data)
    KEY_B                                    0x2000075d   Data           6  rc522.o(.data)
    ADDR_Str                                 0x20000763   Data          14  rc522.o(.data)
    uart6_data                               0x2000088d   Data           1  bkrc_voice.o(.data)
    uart6_flag                               0x2000088e   Data           1  bkrc_voice.o(.data)
    UART6_RxData                             0x2000088f   Data           8  bkrc_voice.o(.data)
    voice_falg                               0x20000897   Data           1  bkrc_voice.o(.data)
    YY_Init                                  0x20000898   Data           5  bkrc_voice.o(.data)
    Zigbee                                   0x2000089d   Data           8  bkrc_voice.o(.data)
    start_voice_dis                          0x200008a5   Data           5  bkrc_voice.o(.data)
    bkrc_voice_Flag                          0x200008aa   Data           1  bkrc_voice.o(.data)
    tim_a                                    0x200009fa   Data           2  drive.o(.data)
    tim_b                                    0x200009fc   Data           2  drive.o(.data)
    Voice_TX_Arr                             0x20000b1a   Data           8  yang.o(.data)
    Voice_TX_3choose1_Arr                    0x20000b22   Data           4  yang.o(.data)
    Gate_TX_Arr                              0x20000b26   Data           8  yang.o(.data)
    LED_TX_Arr                               0x20000b2e   Data           8  yang.o(.data)
    Garage_TX_Arr                            0x20000b36   Data           8  yang.o(.data)
    Beacon_TX_Arr                            0x20000b3e   Data           8  yang.o(.data)
    Beacon_TX_Arr_Infrared                   0x20000b46   Data           6  yang.o(.data)
    TFT_TX_Arr                               0x20000b4c   Data           8  yang.o(.data)
    WirelessCharging_TX_Arr                  0x20000b54   Data           8  yang.o(.data)
    ETC_TX_Arr                               0x20000b5c   Data           8  yang.o(.data)
    SmartTrafficLights_TX_Arr                0x20000b64   Data           8  yang.o(.data)
    SpecialTerrain_TX_Arr                    0x20000b6c   Data           8  yang.o(.data)
    StreetLight_TX_Arr                       0x20000b74   Data           4  yang.o(.data)
    ThreeD_TX_Arr                            0x20000b78   Data           6  yang.o(.data)
    AGV_TX_Arr                               0x20000b7e   Data           8  yang.o(.data)
    Voice_RX_DateArr                         0x20000b86   Data           3  yang.o(.data)
    Voice_RX_TimeArr                         0x20000b89   Data           3  yang.o(.data)
    Voice_RX_WeatherTempertureArr            0x20000b8c   Data           2  yang.o(.data)
    Garage_Infrared_Flag                     0x20000b8e   Data           1  yang.o(.data)
    Beacon_Coordinate                        0x20000b8f   Data           1  yang.o(.data)
    Light_temp                               0x20000b90   Data           8  yang.o(.data)
    LandMark_Flag                            0x20000b98   Data           1  yang.o(.data)
    LandMark_TimeA                           0x20000b9a   Data           2  yang.o(.data)
    LandMark_TimeB                           0x20000b9c   Data           2  yang.o(.data)
    App_RX_TrafficColor                      0x20000b9e   Data           1  yang.o(.data)
    App_RX_TFTCarCard                        0x20000b9f   Data           7  yang.o(.data)
    App_RX_TFTarr                            0x20000ba6   Data           6  yang.o(.data)
    RFID_Number_Buf                          0x20000bac   Data          16  yang.o(.data)
    Yang_Go_Speed                            0x20000bbc   Data           2  yang.o(.data)
    Yang_LR_Speed                            0x20000bbe   Data           2  yang.o(.data)
    Yang_Removing                            0x20000bc0   Data           2  yang.o(.data)
    Yang_wheel_Time                          0x20000bc2   Data           2  yang.o(.data)
    Yang_Delay_big                           0x20000bc4   Data           2  yang.o(.data)
    Yang_Delay_small                         0x20000bc6   Data           2  yang.o(.data)
    L_SPEED                                  0x20000bc8   Data           2  yang.o(.data)
    L_TIME                                   0x20000bca   Data           2  yang.o(.data)
    R_SPEED                                  0x20000bcc   Data           2  yang.o(.data)
    R_TIME                                   0x20000bce   Data           2  yang.o(.data)
    Go_TIME                                  0x20000bd0   Data           2  yang.o(.data)
    Automatic_Falg                           0x20000bd2   Data           1  yang.o(.data)
    Yang_Track_Flag                          0x20000bd3   Data           1  yang.o(.data)
    Back_Car_Flag                            0x20000bd4   Data           1  yang.o(.data)
    global_times                             0x20000be0   Data           4  timer.o(.data)
    delay_ms_const                           0x20000be4   Data           4  timer.o(.data)
    wheel_L_Flag                             0x20000d14   Data           1  roadway_check.o(.data)
    wheel_R_Flag                             0x20000d15   Data           1  roadway_check.o(.data)
    wheel_Nav_Flag                           0x20000d16   Data           1  roadway_check.o(.data)
    Go_Flag                                  0x20000d17   Data           1  roadway_check.o(.data)
    Back_Flag                                0x20000d18   Data           1  roadway_check.o(.data)
    Track_Flag                               0x20000d19   Data           1  roadway_check.o(.data)
    Stop_Flag                                0x20000d1a   Data           1  roadway_check.o(.data)
    Line_Flag                                0x20000d1b   Data           1  roadway_check.o(.data)
    count                                    0x20000d1c   Data           2  roadway_check.o(.data)
    LSpeed                                   0x20000d20   Data           4  roadway_check.o(.data)
    RSpeed                                   0x20000d24   Data           4  roadway_check.o(.data)
    Car_Spend                                0x20000d28   Data           4  roadway_check.o(.data)
    temp_MP                                  0x20000d2c   Data           2  roadway_check.o(.data)
    temp_Nav                                 0x20000d2e   Data           2  roadway_check.o(.data)
    Wheel_flag                               0x20000d30   Data           4  roadway_check.o(.data)
    Roadway_cmp                              0x20000d34   Data           2  roadway_check.o(.data)
    Roadway_Navig                            0x20000d36   Data           2  roadway_check.o(.data)
    Mp_Value                                 0x20000d38   Data           4  roadway_check.o(.data)
    Can_Filter_Flag                          0x20000e58   Data           1  can_drv.o(.data)
    Ccp_RxFlag                               0x20000e59   Data           1  can_drv.o(.data)
    CanP_RxFMI_Flag                          0x20000f78   Data           4  canp_hostcom.o(.data)
    ctbuf                                    0x20000f7c   Data           8  canp_hostcom.o(.data)
    Track_buf                                0x20000f84   Data           2  canp_hostcom.o(.data)
    CanHost_Mp                               0x20000f86   Data           2  canp_hostcom.o(.data)
    CanHost_Navig                            0x20000f88   Data           2  canp_hostcom.o(.data)
    Fileter_Tab                              0x20000f8a   Data          28  canp_hostcom.o(.data)
    Wifi_Rx_num                              0x200010cc   Data           1  can_user.o(.data)
    Wifi_Rx_flag                             0x200010cd   Data           1  can_user.o(.data)
    Zigbee_Rx_num                            0x200010ce   Data           1  can_user.o(.data)
    Zigbee_Rx_flag                           0x200010cf   Data           1  can_user.o(.data)
    Host_AGV_Return_Flag                     0x200010d0   Data           1  can_user.o(.data)
    AGV_data_Falg                            0x200010d1   Data           1  can_user.o(.data)
    canu_wifi_rxtime                         0x200010d4   Data           4  can_user.o(.data)
    canu_zibe_rxtime                         0x200010d8   Data           4  can_user.o(.data)
    GateStr                                  0x200010dc   Data           6  can_user.o(.data)
    Rx_Flag                                  0x200010e2   Data           1  can_user.o(.data)
    Infrared_Tab                             0x200010e3   Data           6  can_user.o(.data)
    uart_struct                              0x200010ec   Data         220  uart_drv.o(.bss)
    READ_RFID                                0x200011c8   Data          16  rc522.o(.bss)
    Principal_Tab                            0x200011d8   Data          50  data_base.o(.bss)
    Follower_Tab                             0x2000120a   Data          50  data_base.o(.bss)
    filter_buf                               0x2000123c   Data          22  data_filtering.o(.bss)
    Fifo_Info                                0x200012a4   Data          16  canp_hostcom.o(.bss)
    Fifo_WifiRx                              0x200012b4   Data          16  canp_hostcom.o(.bss)
    Fifo_WifiTx                              0x200012c4   Data          16  canp_hostcom.o(.bss)
    Fifo_ZigbRx                              0x200012d4   Data          16  canp_hostcom.o(.bss)
    Fifo_ZigbTx                              0x200012e4   Data          16  canp_hostcom.o(.bss)
    FifoBuf_Info                             0x200012f4   Data          50  canp_hostcom.o(.bss)
    FifoBuf_WifiRx                           0x20001326   Data          50  canp_hostcom.o(.bss)
    FifoBuf_WifiTx                           0x20001358   Data          50  canp_hostcom.o(.bss)
    FifoBuf_ZigbRx                           0x2000138a   Data          50  canp_hostcom.o(.bss)
    FifoBuf_ZigbTx                           0x200013bc   Data          50  canp_hostcom.o(.bss)
    crm                                      0x200013f0   Data          20  canp_hostcom.o(.bss)
    crbuf                                    0x20001404   Data          32  canp_hostcom.o(.bss)
    CanP_Cmd_SBuf                            0x20001424   Data         140  canp_hostcom.o(.bss)
    TxMessage                                0x200014b0   Data          20  hard_can.o(.bss)
    RxMessage                                0x200014c4   Data          20  hard_can.o(.bss)
    Wifi_Rx_Buf                              0x200014d8   Data         200  can_user.o(.bss)
    Zigb_Rx_Buf                              0x200015a0   Data         200  can_user.o(.bss)
    __initial_sp                             0x20001a68   Data           0  startup_stm32f40_41xxx.o(STACK)



==============================================================================

Memory Map of the image

  Image Entry point : 0x08000189

  Load Region LR_IROM1 (Base: 0x08000000, Size: 0x00008470, Max: 0x00100000, ABSOLUTE, COMPRESSED[0x00007584])

    Execution Region ER_IROM1 (Exec base: 0x08000000, Load base: 0x08000000, Size: 0x00007384, Max: 0x00100000, ABSOLUTE)

    Exec Addr    Load Addr    Size         Type   Attr      Idx    E Section Name        Object

    0x08000000   0x08000000   0x00000188   Data   RO         6677    RESET               startup_stm32f40_41xxx.o
    0x08000188   0x08000188   0x00000000   Code   RO         7504  * .ARM.Collect$$$$00000000  mc_w.l(entry.o)
    0x08000188   0x08000188   0x00000004   Code   RO         7786    .ARM.Collect$$$$00000001  mc_w.l(entry2.o)
    0x0800018c   0x0800018c   0x00000004   Code   RO         7789    .ARM.Collect$$$$00000004  mc_w.l(entry5.o)
    0x08000190   0x08000190   0x00000000   Code   RO         7791    .ARM.Collect$$$$00000008  mc_w.l(entry7b.o)
    0x08000190   0x08000190   0x00000000   Code   RO         7793    .ARM.Collect$$$$0000000A  mc_w.l(entry8b.o)
    0x08000190   0x08000190   0x00000008   Code   RO         7794    .ARM.Collect$$$$0000000B  mc_w.l(entry9a.o)
    0x08000198   0x08000198   0x00000004   Code   RO         7801    .ARM.Collect$$$$0000000E  mc_w.l(entry12b.o)
    0x0800019c   0x0800019c   0x00000000   Code   RO         7796    .ARM.Collect$$$$0000000F  mc_w.l(entry10a.o)
    0x0800019c   0x0800019c   0x00000000   Code   RO         7798    .ARM.Collect$$$$00000011  mc_w.l(entry11a.o)
    0x0800019c   0x0800019c   0x00000004   Code   RO         7787    .ARM.Collect$$$$00002712  mc_w.l(entry2.o)
    0x080001a0   0x080001a0   0x00000024   Code   RO         6678    .text               startup_stm32f40_41xxx.o
    0x080001c4   0x080001c4   0x00000024   Code   RO         7507    .text               mc_w.l(memcpya.o)
    0x080001e8   0x080001e8   0x00000024   Code   RO         7509    .text               mc_w.l(memseta.o)
    0x0800020c   0x0800020c   0x000000de   Code   RO         7776    .text               mf_w.l(ddiv.o)
    0x080002ea   0x080002ea   0x00000022   Code   RO         7778    .text               mf_w.l(dflti.o)
    0x0800030c   0x0800030c   0x00000026   Code   RO         7782    .text               mf_w.l(f2d.o)
    0x08000332   0x08000332   0x00000038   Code   RO         7784    .text               mf_w.l(d2f.o)
    0x0800036a   0x0800036a   0x00000062   Code   RO         7807    .text               mc_w.l(uldiv.o)
    0x080003cc   0x080003cc   0x00000020   Code   RO         7809    .text               mc_w.l(llushr.o)
    0x080003ec   0x080003ec   0x00000000   Code   RO         7811    .text               mc_w.l(iusefp.o)
    0x080003ec   0x080003ec   0x0000006e   Code   RO         7812    .text               mf_w.l(fepilogue.o)
    0x0800045a   0x0800045a   0x000000ba   Code   RO         7814    .text               mf_w.l(depilogue.o)
    0x08000514   0x08000514   0x00000024   Code   RO         7824    .text               mc_w.l(init.o)
    0x08000538   0x08000538   0x0000001e   Code   RO         7827    .text               mc_w.l(llshl.o)
    0x08000556   0x08000556   0x0000005e   Code   RO         7840    .text               mc_w.l(__dclz77c.o)
    0x080005b4   0x080005b4   0x00000006   Code   RO         1888    i.ADC_ClearFlag     stm32f4xx_adc.o
    0x080005ba   0x080005ba   0x00000016   Code   RO         1890    i.ADC_Cmd           stm32f4xx_adc.o
    0x080005d0   0x080005d0   0x00000030   Code   RO         1891    i.ADC_CommonInit    stm32f4xx_adc.o
    0x08000600   0x08000600   0x0000008c   Code   RO          577    i.ADC_Configure     power_check.o
    0x0800068c   0x0800068c   0x00000008   Code   RO         1902    i.ADC_GetConversionValue  stm32f4xx_adc.o
    0x08000694   0x08000694   0x00000012   Code   RO         1903    i.ADC_GetFlagStatus  stm32f4xx_adc.o
    0x080006a6   0x080006a6   0x00000002   PAD
    0x080006a8   0x080006a8   0x00000054   Code   RO         1910    i.ADC_Init          stm32f4xx_adc.o
    0x080006fc   0x080006fc   0x000000b8   Code   RO         1915    i.ADC_RegularChannelConfig  stm32f4xx_adc.o
    0x080007b4   0x080007b4   0x0000000a   Code   RO         1917    i.ADC_SoftwareStartConv  stm32f4xx_adc.o
    0x080007be   0x080007be   0x00000002   PAD
    0x080007c0   0x080007c0   0x0000009c   Code   RO         7407    i.Abnormal_data     can_user.o
    0x0800085c   0x0800085c   0x00000018   Code   RO          478    i.BH1750_Configure  bh1750.o
    0x08000874   0x08000874   0x00000050   Code   RO          479    i.BH1750_PortInit   bh1750.o
    0x080008c4   0x080008c4   0x00000034   Code   RO          480    i.BH1750_RecvACK    bh1750.o
    0x080008f8   0x080008f8   0x00000054   Code   RO          481    i.BH1750_RecvByte   bh1750.o
    0x0800094c   0x0800094c   0x00000040   Code   RO          482    i.BH1750_SendACK    bh1750.o
    0x0800098c   0x0800098c   0x00000058   Code   RO          483    i.BH1750_SendByte   bh1750.o
    0x080009e4   0x080009e4   0x00000038   Code   RO          484    i.BH1750_Start      bh1750.o
    0x08000a1c   0x08000a1c   0x00000030   Code   RO          485    i.BH1750_Stop       bh1750.o
    0x08000a4c   0x08000a4c   0x00000084   Code   RO         1034    i.BKRC_Voice_Extern  bkrc_voice.o
    0x08000ad0   0x08000ad0   0x00000008   Code   RO         1035    i.BKRC_Voice_Init   bkrc_voice.o
    0x08000ad8   0x08000ad8   0x00000038   Code   RO         2130    i.CAN_DeInit        stm32f4xx_can.o
    0x08000b10   0x08000b10   0x00000108   Code   RO         2132    i.CAN_FilterInit    stm32f4xx_can.o
    0x08000c18   0x08000c18   0x00000012   Code   RO         2138    i.CAN_ITConfig      stm32f4xx_can.o
    0x08000c2a   0x08000c2a   0x00000114   Code   RO         2139    i.CAN_Init          stm32f4xx_can.o
    0x08000d3e   0x08000d3e   0x0000001e   Code   RO         2140    i.CAN_MessagePending  stm32f4xx_can.o
    0x08000d5c   0x08000d5c   0x000000f0   Code   RO         2142    i.CAN_Receive       stm32f4xx_can.o
    0x08000e4c   0x08000e4c   0x00000126   Code   RO         2147    i.CAN_Transmit      stm32f4xx_can.o
    0x08000f72   0x08000f72   0x00000002   PAD
    0x08000f74   0x08000f74   0x000000a0   Code   RO         2148    i.CAN_TransmitStatus  stm32f4xx_can.o
    0x08001014   0x08001014   0x0000006e   Code   RO          834    i.CalulateCRC       rc522.o
    0x08001082   0x08001082   0x00000002   PAD
    0x08001084   0x08001084   0x0000026c   Code   RO         6992    i.CanDrv_FiterUpdata  can_drv.o
    0x080012f0   0x080012f0   0x00000034   Code   RO         6993    i.CanDrv_Fiter_Create16bit  can_drv.o
    0x08001324   0x08001324   0x00000032   Code   RO         6994    i.CanDrv_Fiter_Create32bit  can_drv.o
    0x08001356   0x08001356   0x00000002   PAD
    0x08001358   0x08001358   0x00000010   Code   RO         6995    i.CanDrv_RxCheck    can_drv.o
    0x08001368   0x08001368   0x00000028   Code   RO         6997    i.CanDrv_RxGetMeesage  can_drv.o
    0x08001390   0x08001390   0x00000074   Code   RO         6998    i.CanDrv_TxData     can_drv.o
    0x08001404   0x08001404   0x00000018   Code   RO         7000    i.CanDrv_TxEmptyCheck  can_drv.o
    0x0800141c   0x0800141c   0x00000012   Code   RO         7083    i.CanP_CanRx_Check  canp_hostcom.o
    0x0800142e   0x0800142e   0x00000002   PAD
    0x08001430   0x08001430   0x000000b0   Code   RO         7084    i.CanP_CanRx_Irq    canp_hostcom.o
    0x080014e0   0x080014e0   0x00000014   Code   RO         7085    i.CanP_CanRx_TrackUp  canp_hostcom.o
    0x080014f4   0x080014f4   0x000000e4   Code   RO         7087    i.CanP_CanTx_Check_fIrq  canp_hostcom.o
    0x080015d8   0x080015d8   0x00000028   Code   RO         7089    i.CanP_Cmd_Check    canp_hostcom.o
    0x08001600   0x08001600   0x00000020   Code   RO         7090    i.CanP_Cmd_Init     canp_hostcom.o
    0x08001620   0x08001620   0x00000048   Code   RO         7091    i.CanP_Cmd_Send     canp_hostcom.o
    0x08001668   0x08001668   0x00000054   Code   RO         7092    i.CanP_Cmd_Write    canp_hostcom.o
    0x080016bc   0x080016bc   0x00000060   Code   RO         7093    i.CanP_FifoInit     canp_hostcom.o
    0x0800171c   0x0800171c   0x00000016   Code   RO         7094    i.CanP_FifoInitS    canp_hostcom.o
    0x08001732   0x08001732   0x00000002   PAD
    0x08001734   0x08001734   0x00000108   Code   RO         7095    i.CanP_Host_Main    canp_hostcom.o
    0x0800183c   0x0800183c   0x0000002c   Code   RO         7096    i.CanP_Init         canp_hostcom.o
    0x08001868   0x08001868   0x000004d4   Code   RO         7408    i.Can_WifiRx_Check  can_user.o
    0x08001d3c   0x08001d3c   0x00000054   Code   RO         7409    i.Can_WifiRx_Save   can_user.o
    0x08001d90   0x08001d90   0x00000144   Code   RO         7410    i.Can_ZigBeeRx_Check  can_user.o
    0x08001ed4   0x08001ed4   0x00000054   Code   RO         7411    i.Can_ZigBeeRx_Save  can_user.o
    0x08001f28   0x08001f28   0x00000060   Code   RO         7477    i.Can_check_Init    can_check.o
    0x08001f88   0x08001f88   0x0000000c   Code   RO         7412    i.Canuser_main      can_user.o
    0x08001f94   0x08001f94   0x00000074   Code   RO         1115    i.Car_Back          drive.o
    0x08002008   0x08002008   0x0000006c   Code   RO         1116    i.Car_Go            drive.o
    0x08002074   0x08002074   0x0000006c   Code   RO         1118    i.Car_Left          drive.o
    0x080020e0   0x080020e0   0x0000002a   Code   RO         1119    i.Car_R45           drive.o
    0x0800210a   0x0800210a   0x00000002   PAD
    0x0800210c   0x0800210c   0x00000070   Code   RO         1120    i.Car_Right         drive.o
    0x0800217c   0x0800217c   0x00000580   Code   RO            3    i.Car_Thread        main.o
    0x080026fc   0x080026fc   0x0000005c   Code   RO         1122    i.Car_Track         drive.o
    0x08002758   0x08002758   0x00000078   Code   RO          400    i.Cba_Init          cba.o
    0x080027d0   0x080027d0   0x0000001e   Code   RO          835    i.ClearBitMask      rc522.o
    0x080027ee   0x080027ee   0x0000005c   Code   RO         6871    i.Control           roadway_check.o
    0x0800284a   0x0800284a   0x00000002   PAD
    0x0800284c   0x0800284c   0x000000b4   Code   RO         1123    i.ETC_Get_Zigbee    drive.o
    0x08002900   0x08002900   0x00000074   Code   RO          334    i.EXTI4_IRQHandler  ultrasonic.o
    0x08002974   0x08002974   0x0000000c   Code   RO         3138    i.EXTI_ClearITPendingBit  stm32f4xx_exti.o
    0x08002980   0x08002980   0x00000018   Code   RO         3142    i.EXTI_GetITStatus  stm32f4xx_exti.o
    0x08002998   0x08002998   0x00000094   Code   RO         3143    i.EXTI_Init         stm32f4xx_exti.o
    0x08002a2c   0x08002a2c   0x0000000c   Code   RO          578    i.Electricity_Init  power_check.o
    0x08002a38   0x08002a38   0x0000002a   Code   RO         7295    i.FifoDrv_BufRead   fifo_drv.o
    0x08002a62   0x08002a62   0x00000028   Code   RO         7296    i.FifoDrv_BufWrite  fifo_drv.o
    0x08002a8a   0x08002a8a   0x00000030   Code   RO         7297    i.FifoDrv_CheckReadEn  fifo_drv.o
    0x08002aba   0x08002aba   0x0000001c   Code   RO         7298    i.FifoDrv_CheckWriteEn  fifo_drv.o
    0x08002ad6   0x08002ad6   0x00000024   Code   RO         7300    i.FifoDrv_Init      fifo_drv.o
    0x08002afa   0x08002afa   0x00000030   Code   RO         7301    i.FifoDrv_ReadOne   fifo_drv.o
    0x08002b2a   0x08002b2a   0x00000024   Code   RO         7302    i.FifoDrv_StructCheck  fifo_drv.o
    0x08002b4e   0x08002b4e   0x0000002c   Code   RO         7303    i.FifoDrv_WriteOne  fifo_drv.o
    0x08002b7a   0x08002b7a   0x00000090   Code   RO         3631    i.GPIO_Init         stm32f4xx_gpio.o
    0x08002c0a   0x08002c0a   0x00000046   Code   RO         3632    i.GPIO_PinAFConfig  stm32f4xx_gpio.o
    0x08002c50   0x08002c50   0x00000012   Code   RO         3635    i.GPIO_ReadInputDataBit  stm32f4xx_gpio.o
    0x08002c62   0x08002c62   0x00000004   Code   RO         3638    i.GPIO_ResetBits    stm32f4xx_gpio.o
    0x08002c66   0x08002c66   0x00000004   Code   RO         3639    i.GPIO_SetBits      stm32f4xx_gpio.o
    0x08002c6a   0x08002c6a   0x00000002   PAD
    0x08002c6c   0x08002c6c   0x00000178   Code   RO         1124    i.Garage_Cont_Zigbee  drive.o
    0x08002de4   0x08002de4   0x0000002c   Code   RO          579    i.Get_ADC_Value     power_check.o
    0x08002e10   0x08002e10   0x00000060   Code   RO          486    i.Get_Bh_Value      bh1750.o
    0x08002e70   0x08002e70   0x00000026   Code   RO          580    i.Get_Electricity   power_check.o
    0x08002e96   0x08002e96   0x00000002   PAD
    0x08002e98   0x08002e98   0x00000034   Code   RO         7100    i.Get_Host_UpTrack  canp_hostcom.o
    0x08002ecc   0x08002ecc   0x00000014   Code   RO          276    i.Get_tba_phsis_value  tba.o
    0x08002ee0   0x08002ee0   0x00000068   Code   RO         6872    i.Go_and_Back_Check  roadway_check.o
    0x08002f48   0x08002f48   0x0000012c   Code   RO         7371    i.Hard_Can_Init     hard_can.o
    0x08003074   0x08003074   0x00000024   Code   RO         7372    i.Hard_Can_SpeedMode  hard_can.o
    0x08003098   0x08003098   0x00000008   Code   RO         7373    i.Hard_Can_While    hard_can.o
    0x080030a0   0x080030a0   0x0000005c   Code   RO            4    i.Hardware_Init     main.o
    0x080030fc   0x080030fc   0x0000000c   Code   RO         7101    i.Host_Receive_UpTrack  canp_hostcom.o
    0x08003108   0x08003108   0x00000040   Code   RO          241    i.Infrared_Init     infrared.o
    0x08003148   0x08003148   0x000000b4   Code   RO          242    i.Infrared_Send     infrared.o
    0x080031fc   0x080031fc   0x00000034   Code   RO          836    i.InitRc522         rc522.o
    0x08003230   0x08003230   0x000000d4   Code   RO            5    i.KEY_Check         main.o
    0x08003304   0x08003304   0x00000088   Code   RO         1129    i.LED_Dis_Zigbee    drive.o
    0x0800338c   0x0800338c   0x000000b4   Code   RO         1130    i.Light_Inf         drive.o
    0x08003440   0x08003440   0x0000005c   Code   RO          837    i.M500PcdConfigISOType  rc522.o
    0x0800349c   0x0800349c   0x0000000e   Code   RO          581    i.MLib_GetSub       power_check.o
    0x080034aa   0x080034aa   0x00000002   PAD
    0x080034ac   0x080034ac   0x0000003c   Code   RO          487    i.Multiple_Read_BH1750  bh1750.o
    0x080034e8   0x080034e8   0x00000078   Code   RO         1840    i.NVIC_Init         misc.o
    0x08003560   0x08003560   0x00000014   Code   RO         1841    i.NVIC_PriorityGroupConfig  misc.o
    0x08003574   0x08003574   0x00000050   Code   RO         7414    i.Normal_data       can_user.o
    0x080035c4   0x080035c4   0x0000007c   Code   RO          582    i.Parameter_Init    power_check.o
    0x08003640   0x08003640   0x0000000c   Code   RO          838    i.PcdAntennaOff     rc522.o
    0x0800364c   0x0800364c   0x0000001a   Code   RO          839    i.PcdAntennaOn      rc522.o
    0x08003666   0x08003666   0x00000070   Code   RO          840    i.PcdAnticoll       rc522.o
    0x080036d6   0x080036d6   0x0000006e   Code   RO          841    i.PcdAuthState      rc522.o
    0x08003744   0x08003744   0x00000132   Code   RO          842    i.PcdComMF522       rc522.o
    0x08003876   0x08003876   0x00000054   Code   RO          844    i.PcdRead           rc522.o
    0x080038ca   0x080038ca   0x00000054   Code   RO          845    i.PcdRequest        rc522.o
    0x0800391e   0x0800391e   0x00000048   Code   RO          846    i.PcdReset          rc522.o
    0x08003966   0x08003966   0x00000072   Code   RO          847    i.PcdSelect         rc522.o
    0x080039d8   0x080039d8   0x00000092   Code   RO          848    i.PcdWrite          rc522.o
    0x08003a6a   0x08003a6a   0x00000002   PAD
    0x08003a6c   0x08003a6c   0x0000016c   Code   RO          583    i.Power_Check       power_check.o
    0x08003bd8   0x08003bd8   0x00000164   Code   RO          849    i.RC522             rc522.o
    0x08003d3c   0x08003d3c   0x00000094   Code   RO          850    i.RC522_Uart_init   rc522.o
    0x08003dd0   0x08003dd0   0x00000020   Code   RO         4517    i.RCC_AHB1PeriphClockCmd  stm32f4xx_rcc.o
    0x08003df0   0x08003df0   0x00000020   Code   RO         4526    i.RCC_APB1PeriphClockCmd  stm32f4xx_rcc.o
    0x08003e10   0x08003e10   0x00000020   Code   RO         4528    i.RCC_APB1PeriphResetCmd  stm32f4xx_rcc.o
    0x08003e30   0x08003e30   0x00000020   Code   RO         4529    i.RCC_APB2PeriphClockCmd  stm32f4xx_rcc.o
    0x08003e50   0x08003e50   0x00000020   Code   RO         4531    i.RCC_APB2PeriphResetCmd  stm32f4xx_rcc.o
    0x08003e70   0x08003e70   0x000000e8   Code   RO         4538    i.RCC_GetClocksFreq  stm32f4xx_rcc.o
    0x08003f58   0x08003f58   0x0000000c   Code   RO          851    i.Rc522_GetLinkFlag  rc522.o
    0x08003f64   0x08003f64   0x0000000a   Code   RO          852    i.Rc522_LinkTest    rc522.o
    0x08003f6e   0x08003f6e   0x0000003e   Code   RO          853    i.Rc522_OutSRst     rc522.o
    0x08003fac   0x08003fac   0x0000002a   Code   RO          854    i.ReadRawRC         rc522.o
    0x08003fd6   0x08003fd6   0x00000018   Code   RO          855    i.Readcard_daivce_Init  rc522.o
    0x08003fee   0x08003fee   0x00000002   PAD
    0x08003ff0   0x08003ff0   0x00000048   Code   RO          856    i.Rece_data         rc522.o
    0x08004038   0x08004038   0x00000014   Code   RO         6873    i.Roadway_Check     roadway_check.o
    0x0800404c   0x0800404c   0x00000034   Code   RO         6874    i.Roadway_Flag_clean  roadway_check.o
    0x08004080   0x08004080   0x00000048   Code   RO         6876    i.Roadway_mp_Get    roadway_check.o
    0x080040c8   0x080040c8   0x00000014   Code   RO         6877    i.Roadway_mp_syn    roadway_check.o
    0x080040dc   0x080040dc   0x00000014   Code   RO         6879    i.Roadway_nav_syn   roadway_check.o
    0x080040f0   0x080040f0   0x00000020   Code   RO          488    i.SDA_IN            bh1750.o
    0x08004110   0x08004110   0x00000028   Code   RO          489    i.SDA_OUT           bh1750.o
    0x08004138   0x08004138   0x00000040   Code   RO         5812    i.SYSCFG_EXTILineConfig  stm32f4xx_syscfg.o
    0x08004178   0x08004178   0x0000002a   Code   RO         7104    i.Send_Electric     canp_hostcom.o
    0x080041a2   0x080041a2   0x00000002   PAD
    0x080041a4   0x080041a4   0x0000001c   Code   RO         7105    i.Send_InfoData_To_Fifo  canp_hostcom.o
    0x080041c0   0x080041c0   0x00000054   Code   RO         7107    i.Send_UpMotor      canp_hostcom.o
    0x08004214   0x08004214   0x00000018   Code   RO         7108    i.Send_WifiData_To_Fifo  canp_hostcom.o
    0x0800422c   0x0800422c   0x00000018   Code   RO         7109    i.Send_ZigbeeData_To_Fifo  canp_hostcom.o
    0x08004244   0x08004244   0x00000034   Code   RO          858    i.Send_data         rc522.o
    0x08004278   0x08004278   0x0000001e   Code   RO          859    i.SetBitMask        rc522.o
    0x08004296   0x08004296   0x00000002   PAD
    0x08004298   0x08004298   0x000000ec   Code   RO         6684    i.SetSysClock       system_stm32f4xx.o
    0x08004384   0x08004384   0x00000024   Code   RO          277    i.Set_tba_Beep      tba.o
    0x080043a8   0x080043a8   0x0000004c   Code   RO          278    i.Set_tba_WheelLED  tba.o
    0x080043f4   0x080043f4   0x0000001a   Code   RO          490    i.Single_Write_BH1750  bh1750.o
    0x0800440e   0x0800440e   0x00000002   PAD
    0x08004410   0x08004410   0x00000038   Code   RO         6842    i.Smoothing_Filtering  data_filtering.o
    0x08004448   0x08004448   0x00000178   Code   RO         1324    i.StreetLight_Test  yang.o
    0x080045c0   0x080045c0   0x00000050   Code   RO         1325    i.StreetLight_adjust  yang.o
    0x08004610   0x08004610   0x00000028   Code   RO         1844    i.SysTick_CLKSourceConfig  misc.o
    0x08004638   0x08004638   0x00000068   Code   RO         6686    i.SystemInit        system_stm32f4xx.o
    0x080046a0   0x080046a0   0x00000020   Code   RO         6880    i.TIM1_BRK_TIM9_IRQHandler  roadway_check.o
    0x080046c0   0x080046c0   0x0000002c   Code   RO         1796    i.TIM1_UP_TIM10_IRQHandler  timer.o
    0x080046ec   0x080046ec   0x00000038   Code   RO         1326    i.TIM2_IRQHandler   yang.o
    0x08004724   0x08004724   0x0000002c   Code   RO          335    i.TIM6_DAC_IRQHandler  ultrasonic.o
    0x08004750   0x08004750   0x00000020   Code   RO         7478    i.TIM7_IRQHandler   can_check.o
    0x08004770   0x08004770   0x00000006   Code   RO         5876    i.TIM_ClearITPendingBit  stm32f4xx_tim.o
    0x08004776   0x08004776   0x00000018   Code   RO         5881    i.TIM_Cmd           stm32f4xx_tim.o
    0x0800478e   0x0800478e   0x00000022   Code   RO         5902    i.TIM_GetITStatus   stm32f4xx_tim.o
    0x080047b0   0x080047b0   0x00000012   Code   RO         5906    i.TIM_ITConfig      stm32f4xx_tim.o
    0x080047c2   0x080047c2   0x00000002   PAD
    0x080047c4   0x080047c4   0x00000084   Code   RO         5953    i.TIM_TimeBaseInit  stm32f4xx_tim.o
    0x08004848   0x08004848   0x00000034   Code   RO          279    i.Tba_Beep_Config   tba.o
    0x0800487c   0x0800487c   0x00000010   Code   RO          280    i.Tba_Init          tba.o
    0x0800488c   0x0800488c   0x0000002c   Code   RO          281    i.Tba_Photoresistance_Config  tba.o
    0x080048b8   0x080048b8   0x00000034   Code   RO          282    i.Tba_WheelLED_Config  tba.o
    0x080048ec   0x080048ec   0x0000005e   Code   RO         1327    i.Timer2_Init       yang.o
    0x0800494a   0x0800494a   0x00000002   PAD
    0x0800494c   0x0800494c   0x00000060   Code   RO         1797    i.Timer_Init        timer.o
    0x080049ac   0x080049ac   0x00000038   Code   RO         6881    i.Track_Check       roadway_check.o
    0x080049e4   0x080049e4   0x000001d8   Code   RO         6882    i.Track_Correct     roadway_check.o
    0x08004bbc   0x08004bbc   0x00000010   Code   RO         6731    i.U8ToU16           my_lib.o
    0x08004bcc   0x08004bcc   0x00000010   Code   RO         6732    i.U8ToU16_Big       my_lib.o
    0x08004bdc   0x08004bdc   0x00000010   Code   RO          644    i.UART4_IRQHandler  uart_a72.o
    0x08004bec   0x08004bec   0x0000005c   Code   RO          424    i.USART1_IRQHandler  usart.o
    0x08004c48   0x08004c48   0x0000007c   Code   RO          645    i.USART2_IRQHandler  uart_a72.o
    0x08004cc4   0x08004cc4   0x000000b0   Code   RO         1036    i.USART6_Hardware_Init  bkrc_voice.o
    0x08004d74   0x08004d74   0x000000bc   Code   RO         1037    i.USART6_IRQHandler  bkrc_voice.o
    0x08004e30   0x08004e30   0x00000020   Code   RO         1038    i.USART6_Send_Byte  bkrc_voice.o
    0x08004e50   0x08004e50   0x0000001c   Code   RO         1039    i.USART6_Send_Length  bkrc_voice.o
    0x08004e6c   0x08004e6c   0x0000001e   Code   RO         6428    i.USART_ClearITPendingBit  stm32f4xx_usart.o
    0x08004e8a   0x08004e8a   0x00000018   Code   RO         6431    i.USART_Cmd         stm32f4xx_usart.o
    0x08004ea2   0x08004ea2   0x0000001a   Code   RO         6434    i.USART_GetFlagStatus  stm32f4xx_usart.o
    0x08004ebc   0x08004ebc   0x00000054   Code   RO         6435    i.USART_GetITStatus  stm32f4xx_usart.o
    0x08004f10   0x08004f10   0x0000004a   Code   RO         6437    i.USART_ITConfig    stm32f4xx_usart.o
    0x08004f5a   0x08004f5a   0x00000002   PAD
    0x08004f5c   0x08004f5c   0x000000d4   Code   RO         6438    i.USART_Init        stm32f4xx_usart.o
    0x08005030   0x08005030   0x0000000a   Code   RO         6445    i.USART_ReceiveData  stm32f4xx_usart.o
    0x0800503a   0x0800503a   0x00000008   Code   RO         6448    i.USART_SendData    stm32f4xx_usart.o
    0x08005042   0x08005042   0x00000002   PAD
    0x08005044   0x08005044   0x000000f8   Code   RO          741    i.Uart_Irq          uart_drv.o
    0x0800513c   0x0800513c   0x00000056   Code   RO          336    i.Ultrasonic_EXTI   ultrasonic.o
    0x08005192   0x08005192   0x00000014   Code   RO          337    i.Ultrasonic_Init   ultrasonic.o
    0x080051a6   0x080051a6   0x00000002   PAD
    0x080051a8   0x080051a8   0x00000068   Code   RO          338    i.Ultrasonic_Port   ultrasonic.o
    0x08005210   0x08005210   0x00000058   Code   RO          339    i.Ultrasonic_Ranging  ultrasonic.o
    0x08005268   0x08005268   0x00000058   Code   RO          340    i.Ultrasonic_TIM    ultrasonic.o
    0x080052c0   0x080052c0   0x00000184   Code   RO         1040    i.Voice_Drive       bkrc_voice.o
    0x08005444   0x08005444   0x00000010   Code   RO          861    i.WriteRawRC        rc522.o
    0x08005454   0x08005454   0x00000044   Code   RO          862    i.WriteRawRC_HDL    rc522.o
    0x08005498   0x08005498   0x00000054   Code   RO         1041    i.YY_Comm_Zigbee    bkrc_voice.o
    0x080054ec   0x080054ec   0x000001d0   Code   RO         1329    i.Yang_ArrInit      yang.o
    0x080056bc   0x080056bc   0x00000014   Code   RO         1330    i.Yang_ArrToStr     yang.o
    0x080056d0   0x080056d0   0x0000037c   Code   RO         1331    i.Yang_Automatic_1  yang.o
    0x08005a4c   0x08005a4c   0x00000044   Code   RO         1332    i.Yang_Beacon_Open2  yang.o
    0x08005a90   0x08005a90   0x0000007c   Code   RO         1333    i.Yang_CarThread_Go  yang.o
    0x08005b0c   0x08005b0c   0x00000068   Code   RO         1334    i.Yang_Car_Back_Infrared  yang.o
    0x08005b74   0x08005b74   0x000000a0   Code   RO         1335    i.Yang_Car_Garage_return  yang.o
    0x08005c14   0x08005c14   0x00000030   Code   RO         1336    i.Yang_Car_L45      yang.o
    0x08005c44   0x08005c44   0x00000030   Code   RO         1337    i.Yang_Car_R45      yang.o
    0x08005c74   0x08005c74   0x00000040   Code   RO         1338    i.Yang_Car_TrackAndGo  yang.o
    0x08005cb4   0x08005cb4   0x00000064   Code   RO         1339    i.Yang_Car_Track_White  yang.o
    0x08005d18   0x08005d18   0x0000001c   Code   RO         1340    i.Yang_CheckSum_1   yang.o
    0x08005d34   0x08005d34   0x000000b4   Code   RO         1343    i.Yang_ETC_Inquire  yang.o
    0x08005de8   0x08005de8   0x00000120   Code   RO         1344    i.Yang_GarageWent   yang.o
    0x08005f08   0x08005f08   0x000000f0   Code   RO         1345    i.Yang_Garage_Infrared  yang.o
    0x08005ff8   0x08005ff8   0x00000074   Code   RO         1346    i.Yang_Gate_CarCard  yang.o
    0x0800606c   0x0800606c   0x000000ec   Code   RO         1347    i.Yang_Gate_OffOrOn  yang.o
    0x08006158   0x08006158   0x000000f0   Code   RO         1348    i.Yang_InquireGarage_Floor  yang.o
    0x08006248   0x08006248   0x00000088   Code   RO         1349    i.Yang_InquireGate_State  yang.o
    0x080062d0   0x080062d0   0x00000080   Code   RO         1350    i.Yang_LED_Removing  yang.o
    0x08006350   0x08006350   0x0000005c   Code   RO         1352    i.Yang_LED_Timing   yang.o
    0x080063ac   0x080063ac   0x00000074   Code   RO         1353    i.Yang_Left_Time    yang.o
    0x08006420   0x08006420   0x00000034   Code   RO         1354    i.Yang_NumberTo16   yang.o
    0x08006454   0x08006454   0x00000078   Code   RO         1355    i.Yang_Right_Time   yang.o
    0x080064cc   0x080064cc   0x00000044   Code   RO         1356    i.Yang_SpecialTerrain_1  yang.o
    0x08006510   0x08006510   0x00000058   Code   RO         1364    i.Yang_TFT_TurnPage  yang.o
    0x08006568   0x08006568   0x00000060   Code   RO         1371    i.Yang_ThreeD_Removing  yang.o
    0x080065c8   0x080065c8   0x000001d8   Code   RO         1375    i.Yang_Track_Correct_White  yang.o
    0x080067a0   0x080067a0   0x000000c8   Code   RO         1376    i.Yang_Track_duo_RFID  yang.o
    0x08006868   0x08006868   0x00000054   Code   RO         1377    i.Yang_Track_duoy_RFID  yang.o
    0x080068bc   0x080068bc   0x0000007c   Code   RO         1379    i.Yang_Traffic_Color  yang.o
    0x08006938   0x08006938   0x00000128   Code   RO         1380    i.Yang_Traffic_RecognitionPatterns  yang.o
    0x08006a60   0x08006a60   0x00000050   Code   RO         1391    i.Yang_WirelessCharging_OffOrOn  yang.o
    0x08006ab0   0x08006ab0   0x00000054   Code   RO         1392    i.Yang_bubble_sort  yang.o
    0x08006b04   0x08006b04   0x00000028   Code   RO         7650    i.__0sprintf$5      mc_w.l(printf5.o)
    0x08006b2c   0x08006b2c   0x0000000e   Code   RO         7834    i.__scatterload_copy  mc_w.l(handlers.o)
    0x08006b3a   0x08006b3a   0x00000002   Code   RO         7835    i.__scatterload_null  mc_w.l(handlers.o)
    0x08006b3c   0x08006b3c   0x0000000e   Code   RO         7836    i.__scatterload_zeroinit  mc_w.l(handlers.o)
    0x08006b4a   0x08006b4a   0x00000002   PAD
    0x08006b4c   0x08006b4c   0x000002c0   Code   RO         7655    i._printf_core      mc_w.l(printf5.o)
    0x08006e0c   0x08006e0c   0x0000000a   Code   RO         7657    i._sputc            mc_w.l(printf5.o)
    0x08006e16   0x08006e16   0x00000002   PAD
    0x08006e18   0x08006e18   0x0000003c   Code   RO         1762    i.delay_init        delay.o
    0x08006e54   0x08006e54   0x0000004c   Code   RO         1763    i.delay_ms          delay.o
    0x08006ea0   0x08006ea0   0x0000004c   Code   RO         1764    i.delay_us          delay.o
    0x08006eec   0x08006eec   0x0000000c   Code   RO         1798    i.gt_get            timer.o
    0x08006ef8   0x08006ef8   0x00000018   Code   RO         1799    i.gt_get_sub        timer.o
    0x08006f10   0x08006f10   0x00000204   Code   RO            6    i.main              main.o
    0x08007114   0x08007114   0x00000060   Code   RO         6884    i.roadway_check_TimInit  roadway_check.o
    0x08007174   0x08007174   0x0000003c   Code   RO         6885    i.wheel_Nav_check   roadway_check.o
    0x080071b0   0x080071b0   0x000000a4   Code   RO         6886    i.wheel_Track_check  roadway_check.o
    0x08007254   0x08007254   0x00000110   Data   RO         6734    .constdata          my_lib.o
    0x08007364   0x08007364   0x00000020   Data   RO         7832    Region$$Table       anon$$obj.o


    Execution Region RW_IRAM2 (Exec base: 0x10000000, Load base: 0x08007584, Size: 0x00000000, Max: 0x00010000, ABSOLUTE)

    **** No section assigned to this execution region ****


    Execution Region RW_IRAM1 (Exec base: 0x20000000, Load base: 0x08007384, Size: 0x00001a68, Max: 0x00020000, ABSOLUTE, COMPRESSED[0x00000200])

    Exec Addr    Load Addr    Size         Type   Attr      Idx    E Section Name        Object

    0x20000000   COMPRESSED   0x0000016d   Data   RW            7    .data               main.o
    0x2000016d   COMPRESSED   0x00000003   PAD
    0x20000170   COMPRESSED   0x00000126   Data   RW          341    .data               ultrasonic.o
    0x20000296   COMPRESSED   0x00000120   Data   RW          428    .data               usart.o
    0x200003b6   COMPRESSED   0x00000120   Data   RW          491    .data               bh1750.o
    0x200004d6   COMPRESSED   0x00000002   PAD
    0x200004d8   COMPRESSED   0x0000012f   Data   RW          584    .data               power_check.o
    0x20000607   COMPRESSED   0x00000001   PAD
    0x20000608   COMPRESSED   0x0000001c   Data   RW          744    .data               uart_drv.o
    0x20000624   COMPRESSED   0x0000014d   Data   RW          864    .data               rc522.o
    0x20000771   COMPRESSED   0x0000013a   Data   RW         1043    .data               bkrc_voice.o
    0x200008ab   COMPRESSED   0x00000001   PAD
    0x200008ac   COMPRESSED   0x00000152   Data   RW         1143    .data               drive.o
    0x200009fe   COMPRESSED   0x000001dc   Data   RW         1393    .data               yang.o
    0x20000bda   COMPRESSED   0x00000004   Data   RW         1765    .data               delay.o
    0x20000bde   COMPRESSED   0x00000002   PAD
    0x20000be0   COMPRESSED   0x00000008   Data   RW         1800    .data               timer.o
    0x20000be8   COMPRESSED   0x00000010   Data   RW         4570    .data               stm32f4xx_rcc.o
    0x20000bf8   COMPRESSED   0x00000144   Data   RW         6887    .data               roadway_check.o
    0x20000d3c   COMPRESSED   0x0000011e   Data   RW         7005    .data               can_drv.o
    0x20000e5a   COMPRESSED   0x00000002   PAD
    0x20000e5c   COMPRESSED   0x00000153   Data   RW         7114    .data               canp_hostcom.o
    0x20000faf   COMPRESSED   0x00000001   PAD
    0x20000fb0   COMPRESSED   0x0000013a   Data   RW         7416    .data               can_user.o
    0x200010ea   COMPRESSED   0x00000002   PAD
    0x200010ec        -       0x000000dc   Zero   RW          743    .bss                uart_drv.o
    0x200011c8        -       0x00000010   Zero   RW          863    .bss                rc522.o
    0x200011d8        -       0x00000064   Zero   RW         6820    .bss                data_base.o
    0x2000123c        -       0x00000040   Zero   RW         6843    .bss                data_filtering.o
    0x2000127c        -       0x00000028   Zero   RW         7004    .bss                can_drv.o
    0x200012a4        -       0x0000020c   Zero   RW         7113    .bss                canp_hostcom.o
    0x200014b0        -       0x00000028   Zero   RW         7374    .bss                hard_can.o
    0x200014d8        -       0x00000190   Zero   RW         7415    .bss                can_user.o
    0x20001668        -       0x00000400   Zero   RW         6675    STACK               startup_stm32f40_41xxx.o


==============================================================================

Image component sizes


      Code (inc. data)   RO Data    RW Data    ZI Data      Debug   Object Name

       750         96          0        288          0       9965   bh1750.o
      1036        122          0        314          0       7600   bkrc_voice.o
       128          8          0          0          0       1323   can_check.o
       918         30          0        286         40       8275   can_drv.o
      1976        220          0        314        400       7891   can_user.o
      1362        206          0        339        524      17537   canp_hostcom.o
       120          8          0          0          0        635   cba.o
         0          0          0          0        100       2457   data_base.o
        56          4          0          0         64       2161   data_filtering.o
       212         16          0          4          0       2095   delay.o
      1450        268          0        338          0       8818   drive.o
       322          0          0          0          0       6004   fifo_drv.o
       344         22          0          0         40       3288   hard_can.o
       244         18          0          0          0       1852   infrared.o
      2228        200          0        365          0     323237   main.o
       180         24          0          0          0       2289   misc.o
        32          0        272          0          0       3718   my_lib.o
       736         68          0        303          0       6679   power_check.o
      2242        138          0        333         16      21622   rc522.o
      1260        146          0        324          0      10135   roadway_check.o
        36          8        392          0       1024        876   startup_stm32f40_41xxx.o
       380         24          0          0          0       6594   stm32f4xx_adc.o
      1338         34          0          0          0       6863   stm32f4xx_can.o
       184         16          0          0          0       2308   stm32f4xx_exti.o
       240          0          0          0          0       3847   stm32f4xx_gpio.o
       392         48          0         16          0       6277   stm32f4xx_rcc.o
        64          4          0          0          0        708   stm32f4xx_syscfg.o
       214         28          0          0          0       3998   stm32f4xx_tim.o
       468          8          0          0          0       6623   stm32f4xx_usart.o
       340         32          0          0          0       1705   system_stm32f4xx.o
       296         32          0          0          0       4332   tba.o
       176         24          0          8          0       3128   timer.o
       140         26          0          0          0       1195   uart_a72.o
       248         18          0         28        220       2527   uart_drv.o
       546         66          0        294          0       5843   ultrasonic.o
        92         16          0        288          0       2303   usart.o
      6262        772          0        476          0      33008   yang.o

    ----------------------------------------------------------------------
     27056       2750        696       4332       2428     539716   Object Totals
         0          0         32          0          0          0   (incl. Generated)
        44          0          0         14          0          0   (incl. Padding)

    ----------------------------------------------------------------------

      Code (inc. data)   RO Data    RW Data    ZI Data      Debug   Library Member Name

        94          0          0          0          0          0   __dclz77c.o
         0          0          0          0          0          0   entry.o
         0          0          0          0          0          0   entry10a.o
         0          0          0          0          0          0   entry11a.o
         4          0          0          0          0          0   entry12b.o
         8          4          0          0          0          0   entry2.o
         4          0          0          0          0          0   entry5.o
         0          0          0          0          0          0   entry7b.o
         0          0          0          0          0          0   entry8b.o
         8          4          0          0          0          0   entry9a.o
        30          0          0          0          0          0   handlers.o
        36          8          0          0          0         68   init.o
         0          0          0          0          0          0   iusefp.o
        30          0          0          0          0         68   llshl.o
        32          0          0          0          0         68   llushr.o
        36          0          0          0          0         68   memcpya.o
        36          0          0          0          0        108   memseta.o
       754         50          0          0          0        252   printf5.o
        98          0          0          0          0         92   uldiv.o
        56          0          0          0          0         88   d2f.o
       222          0          0          0          0        100   ddiv.o
       186          0          0          0          0        176   depilogue.o
        34          0          0          0          0         76   dflti.o
        38          0          0          0          0         68   f2d.o
       110          0          0          0          0        168   fepilogue.o

    ----------------------------------------------------------------------
      1820         66          0          0          0       1400   Library Totals
         4          0          0          0          0          0   (incl. Padding)

    ----------------------------------------------------------------------

      Code (inc. data)   RO Data    RW Data    ZI Data      Debug   Library Name

      1170         66          0          0          0        724   mc_w.l
       646          0          0          0          0        676   mf_w.l

    ----------------------------------------------------------------------
      1820         66          0          0          0       1400   Library Totals

    ----------------------------------------------------------------------

==============================================================================


      Code (inc. data)   RO Data    RW Data    ZI Data      Debug   

     28876       2816        696       4332       2428     516776   Grand Totals
     28876       2816        696        512       2428     516776   ELF Image Totals (compressed)
     28876       2816        696        512          0          0   ROM Totals

==============================================================================

    Total RO  Size (Code + RO Data)                29572 (  28.88kB)
    Total RW  Size (RW Data + ZI Data)              6760 (   6.60kB)
    Total ROM Size (Code + RO Data + RW Data)      30084 (  29.38kB)

==============================================================================

