<html>
<body>
<pre>
<h1>礦ision Build Log</h1>
<h2>Tool Versions:</h2>
IDE-Version: μVision V5.36.0.0
Copyright (C) 2021 ARM Ltd and ARM Germany GmbH. All rights reserved.
License Information: 122 4447837, HP Inc., LIC=JL28G-VRIXS-454T5-GD2EK-I2FWP-ZVLZH
 
Tool Versions:
Toolchain:       MDK-ARM Plus  Version: 5.36.0.0
Toolchain Path:  C:\Keil_v5\ARM\ARMCC\Bin
C Compiler:      Armcc.exe V5.06 update 7 (build 960)
Assembler:       Armasm.exe V5.06 update 7 (build 960)
Linker/Locator:  ArmLink.exe V5.06 update 7 (build 960)
Library Manager: ArmAr.exe V5.06 update 7 (build 960)
Hex Converter:   FromElf.exe V5.06 update 7 (build 960)
CPU DLL:         SARMCM3.DLL V5.36.0.0
Dialog DLL:      DCM.DLL V1.17.3.0
Target DLL:      STLink\ST-LINKIII-KEIL_SWO.dll V3.0.9.0
Dialog DLL:      TCM.DLL V1.53.0.0
 
<h2>Project:</h2>
C:\Users\44478\Desktop\My嵌入式应用开发\可改例程\Yang（配备小创语音识别模块）-V1.1\USER\CarV1.uvprojx
Project File Date:  12/02/2022

<h2>Output:</h2>
*** Using Compiler 'V5.06 update 7 (build 960)', folder: 'C:\Keil_v5\ARM\ARMCC\Bin'
Build target 'Car_Demo'
compiling cba.c...
compiling bh1750.c...
compiling rc522.c...
compiling bkrc_voice.c...
compiling infrared.c...
compiling usart.c...
compiling tba.c...
compiling ultrasonic.c...
compiling power_check.c...
compiling main.c...
compiling drive.c...
compiling yang.c...
..\HARDWARE\yang\yang.c(1949): warning:  #550-D: variable "New_Gear"  was set but never used
      uint8_t Old_Gear, New_Gear = 0;	//初始档位,最后档位
..\HARDWARE\yang\yang.c: 1 warning, 0 errors
compiling my_lib.c...
compiling data_base.c...
compiling can_drv.c...
compiling roadway_check.c...
compiling CanP_HostCom.c...
compiling Hard_Can.c...
compiling fifo_drv.c...
compiling can_user.c...
linking...
Program Size: Code=28876 RO-data=696 RW-data=4332 ZI-data=2428  
FromELF: creating hex file...
"..\OUTPUT\CarV1.7" - 0 Error(s), 1 Warning(s).

<h2>Software Packages used:</h2>

Package Vendor: Keil
                http://www.keil.com/pack/Keil.STM32F4xx_DFP.2.15.0.pack
                Keil.STM32F4xx_DFP.2.15.0
                STMicroelectronics STM32F4 Series Device Support, Drivers and Examples

<h2>Collection of Component include folders:</h2>
  C:\Users\44478\AppData\Local\Arm\Packs\Keil\STM32F4xx_DFP\2.15.0\Drivers\CMSIS\Device\ST\STM32F4xx\Include

<h2>Collection of Component Files used:</h2>
Build Time Elapsed:  00:00:07
</pre>
</body>
</html>
