<!doctype html public "-//w3c//dtd html 4.0 transitional//en">
<html><head>
<title>Static Call Graph - [..\OUTPUT\CarV1.7]</title></head>
<body><HR>
<H1>Static Call Graph for image ..\OUTPUT\CarV1.7</H1><HR>
<BR><P>#&#060CALLGRAPH&#062# ARM Linker, 5060960: Last Updated: Thu Dec 15 20:37:00 2022
<BR><P>
<H3>Maximum Stack Usage =        232 bytes + Unknown(Cycles, Untraceable Function Pointers)</H3><H3>
Call chain for Maximum Stack Depth:</H3>
main &rArr; Yang_Automatic_1 &rArr; Yang_Track_duo_RFID &rArr; RC522 &rArr; PcdAuthState &rArr; PcdComMF522 &rArr; SetBitMask &rArr; WriteRawRC &rArr; WriteRawRC_HDL &rArr; Rece_data
<P>
<H3>
Mutually Recursive functions
</H3> <LI><a href="#[1]">NMI_Handler</a>&nbsp;&nbsp;&nbsp;&rArr;&nbsp;&nbsp;&nbsp;<a href="#[1]">NMI_Handler</a><BR>
 <LI><a href="#[2]">HardFault_Handler</a>&nbsp;&nbsp;&nbsp;&rArr;&nbsp;&nbsp;&nbsp;<a href="#[2]">HardFault_Handler</a><BR>
 <LI><a href="#[3]">MemManage_Handler</a>&nbsp;&nbsp;&nbsp;&rArr;&nbsp;&nbsp;&nbsp;<a href="#[3]">MemManage_Handler</a><BR>
 <LI><a href="#[4]">BusFault_Handler</a>&nbsp;&nbsp;&nbsp;&rArr;&nbsp;&nbsp;&nbsp;<a href="#[4]">BusFault_Handler</a><BR>
 <LI><a href="#[5]">UsageFault_Handler</a>&nbsp;&nbsp;&nbsp;&rArr;&nbsp;&nbsp;&nbsp;<a href="#[5]">UsageFault_Handler</a><BR>
 <LI><a href="#[6]">SVC_Handler</a>&nbsp;&nbsp;&nbsp;&rArr;&nbsp;&nbsp;&nbsp;<a href="#[6]">SVC_Handler</a><BR>
 <LI><a href="#[7]">DebugMon_Handler</a>&nbsp;&nbsp;&nbsp;&rArr;&nbsp;&nbsp;&nbsp;<a href="#[7]">DebugMon_Handler</a><BR>
 <LI><a href="#[8]">PendSV_Handler</a>&nbsp;&nbsp;&nbsp;&rArr;&nbsp;&nbsp;&nbsp;<a href="#[8]">PendSV_Handler</a><BR>
 <LI><a href="#[9]">SysTick_Handler</a>&nbsp;&nbsp;&nbsp;&rArr;&nbsp;&nbsp;&nbsp;<a href="#[9]">SysTick_Handler</a><BR>
 <LI><a href="#[1c]">ADC_IRQHandler</a>&nbsp;&nbsp;&nbsp;&rArr;&nbsp;&nbsp;&nbsp;<a href="#[1c]">ADC_IRQHandler</a><BR>
 <LI><a href="#[148]">Yang_Gate_OffOrOn</a>&nbsp;&nbsp;&nbsp;&rArr;&nbsp;&nbsp;&nbsp;<a href="#[148]">Yang_Gate_OffOrOn</a><BR>
</UL>
<P>
<H3>
Function Pointers
</H3><UL>
 <LI><a href="#[1c]">ADC_IRQHandler</a> from startup_stm32f40_41xxx.o(.text) referenced from startup_stm32f40_41xxx.o(RESET)
 <LI><a href="#[4]">BusFault_Handler</a> from startup_stm32f40_41xxx.o(.text) referenced from startup_stm32f40_41xxx.o(RESET)
 <LI><a href="#[1e]">CAN1_RX0_IRQHandler</a> from startup_stm32f40_41xxx.o(.text) referenced from startup_stm32f40_41xxx.o(RESET)
 <LI><a href="#[1f]">CAN1_RX1_IRQHandler</a> from startup_stm32f40_41xxx.o(.text) referenced from startup_stm32f40_41xxx.o(RESET)
 <LI><a href="#[20]">CAN1_SCE_IRQHandler</a> from startup_stm32f40_41xxx.o(.text) referenced from startup_stm32f40_41xxx.o(RESET)
 <LI><a href="#[1d]">CAN1_TX_IRQHandler</a> from startup_stm32f40_41xxx.o(.text) referenced from startup_stm32f40_41xxx.o(RESET)
 <LI><a href="#[4a]">CAN2_RX0_IRQHandler</a> from startup_stm32f40_41xxx.o(.text) referenced from startup_stm32f40_41xxx.o(RESET)
 <LI><a href="#[4b]">CAN2_RX1_IRQHandler</a> from startup_stm32f40_41xxx.o(.text) referenced from startup_stm32f40_41xxx.o(RESET)
 <LI><a href="#[4c]">CAN2_SCE_IRQHandler</a> from startup_stm32f40_41xxx.o(.text) referenced from startup_stm32f40_41xxx.o(RESET)
 <LI><a href="#[49]">CAN2_TX_IRQHandler</a> from startup_stm32f40_41xxx.o(.text) referenced from startup_stm32f40_41xxx.o(RESET)
 <LI><a href="#[59]">CRYP_IRQHandler</a> from startup_stm32f40_41xxx.o(.text) referenced from startup_stm32f40_41xxx.o(RESET)
 <LI><a href="#[58]">DCMI_IRQHandler</a> from startup_stm32f40_41xxx.o(.text) referenced from startup_stm32f40_41xxx.o(RESET)
 <LI><a href="#[15]">DMA1_Stream0_IRQHandler</a> from startup_stm32f40_41xxx.o(.text) referenced from startup_stm32f40_41xxx.o(RESET)
 <LI><a href="#[16]">DMA1_Stream1_IRQHandler</a> from startup_stm32f40_41xxx.o(.text) referenced from startup_stm32f40_41xxx.o(RESET)
 <LI><a href="#[17]">DMA1_Stream2_IRQHandler</a> from startup_stm32f40_41xxx.o(.text) referenced from startup_stm32f40_41xxx.o(RESET)
 <LI><a href="#[18]">DMA1_Stream3_IRQHandler</a> from startup_stm32f40_41xxx.o(.text) referenced from startup_stm32f40_41xxx.o(RESET)
 <LI><a href="#[19]">DMA1_Stream4_IRQHandler</a> from startup_stm32f40_41xxx.o(.text) referenced from startup_stm32f40_41xxx.o(RESET)
 <LI><a href="#[1a]">DMA1_Stream5_IRQHandler</a> from startup_stm32f40_41xxx.o(.text) referenced from startup_stm32f40_41xxx.o(RESET)
 <LI><a href="#[1b]">DMA1_Stream6_IRQHandler</a> from startup_stm32f40_41xxx.o(.text) referenced from startup_stm32f40_41xxx.o(RESET)
 <LI><a href="#[39]">DMA1_Stream7_IRQHandler</a> from startup_stm32f40_41xxx.o(.text) referenced from startup_stm32f40_41xxx.o(RESET)
 <LI><a href="#[42]">DMA2_Stream0_IRQHandler</a> from startup_stm32f40_41xxx.o(.text) referenced from startup_stm32f40_41xxx.o(RESET)
 <LI><a href="#[43]">DMA2_Stream1_IRQHandler</a> from startup_stm32f40_41xxx.o(.text) referenced from startup_stm32f40_41xxx.o(RESET)
 <LI><a href="#[44]">DMA2_Stream2_IRQHandler</a> from startup_stm32f40_41xxx.o(.text) referenced from startup_stm32f40_41xxx.o(RESET)
 <LI><a href="#[45]">DMA2_Stream3_IRQHandler</a> from startup_stm32f40_41xxx.o(.text) referenced from startup_stm32f40_41xxx.o(RESET)
 <LI><a href="#[46]">DMA2_Stream4_IRQHandler</a> from startup_stm32f40_41xxx.o(.text) referenced from startup_stm32f40_41xxx.o(RESET)
 <LI><a href="#[4e]">DMA2_Stream5_IRQHandler</a> from startup_stm32f40_41xxx.o(.text) referenced from startup_stm32f40_41xxx.o(RESET)
 <LI><a href="#[4f]">DMA2_Stream6_IRQHandler</a> from startup_stm32f40_41xxx.o(.text) referenced from startup_stm32f40_41xxx.o(RESET)
 <LI><a href="#[50]">DMA2_Stream7_IRQHandler</a> from startup_stm32f40_41xxx.o(.text) referenced from startup_stm32f40_41xxx.o(RESET)
 <LI><a href="#[7]">DebugMon_Handler</a> from startup_stm32f40_41xxx.o(.text) referenced from startup_stm32f40_41xxx.o(RESET)
 <LI><a href="#[47]">ETH_IRQHandler</a> from startup_stm32f40_41xxx.o(.text) referenced from startup_stm32f40_41xxx.o(RESET)
 <LI><a href="#[48]">ETH_WKUP_IRQHandler</a> from startup_stm32f40_41xxx.o(.text) referenced from startup_stm32f40_41xxx.o(RESET)
 <LI><a href="#[10]">EXTI0_IRQHandler</a> from startup_stm32f40_41xxx.o(.text) referenced from startup_stm32f40_41xxx.o(RESET)
 <LI><a href="#[32]">EXTI15_10_IRQHandler</a> from startup_stm32f40_41xxx.o(.text) referenced from startup_stm32f40_41xxx.o(RESET)
 <LI><a href="#[11]">EXTI1_IRQHandler</a> from startup_stm32f40_41xxx.o(.text) referenced from startup_stm32f40_41xxx.o(RESET)
 <LI><a href="#[12]">EXTI2_IRQHandler</a> from startup_stm32f40_41xxx.o(.text) referenced from startup_stm32f40_41xxx.o(RESET)
 <LI><a href="#[13]">EXTI3_IRQHandler</a> from startup_stm32f40_41xxx.o(.text) referenced from startup_stm32f40_41xxx.o(RESET)
 <LI><a href="#[14]">EXTI4_IRQHandler</a> from ultrasonic.o(i.EXTI4_IRQHandler) referenced from startup_stm32f40_41xxx.o(RESET)
 <LI><a href="#[21]">EXTI9_5_IRQHandler</a> from startup_stm32f40_41xxx.o(.text) referenced from startup_stm32f40_41xxx.o(RESET)
 <LI><a href="#[e]">FLASH_IRQHandler</a> from startup_stm32f40_41xxx.o(.text) referenced from startup_stm32f40_41xxx.o(RESET)
 <LI><a href="#[5b]">FPU_IRQHandler</a> from startup_stm32f40_41xxx.o(.text) referenced from startup_stm32f40_41xxx.o(RESET)
 <LI><a href="#[3a]">FSMC_IRQHandler</a> from startup_stm32f40_41xxx.o(.text) referenced from startup_stm32f40_41xxx.o(RESET)
 <LI><a href="#[5a]">HASH_RNG_IRQHandler</a> from startup_stm32f40_41xxx.o(.text) referenced from startup_stm32f40_41xxx.o(RESET)
 <LI><a href="#[2]">HardFault_Handler</a> from startup_stm32f40_41xxx.o(.text) referenced from startup_stm32f40_41xxx.o(RESET)
 <LI><a href="#[2a]">I2C1_ER_IRQHandler</a> from startup_stm32f40_41xxx.o(.text) referenced from startup_stm32f40_41xxx.o(RESET)
 <LI><a href="#[29]">I2C1_EV_IRQHandler</a> from startup_stm32f40_41xxx.o(.text) referenced from startup_stm32f40_41xxx.o(RESET)
 <LI><a href="#[2c]">I2C2_ER_IRQHandler</a> from startup_stm32f40_41xxx.o(.text) referenced from startup_stm32f40_41xxx.o(RESET)
 <LI><a href="#[2b]">I2C2_EV_IRQHandler</a> from startup_stm32f40_41xxx.o(.text) referenced from startup_stm32f40_41xxx.o(RESET)
 <LI><a href="#[53]">I2C3_ER_IRQHandler</a> from startup_stm32f40_41xxx.o(.text) referenced from startup_stm32f40_41xxx.o(RESET)
 <LI><a href="#[52]">I2C3_EV_IRQHandler</a> from startup_stm32f40_41xxx.o(.text) referenced from startup_stm32f40_41xxx.o(RESET)
 <LI><a href="#[3]">MemManage_Handler</a> from startup_stm32f40_41xxx.o(.text) referenced from startup_stm32f40_41xxx.o(RESET)
 <LI><a href="#[1]">NMI_Handler</a> from startup_stm32f40_41xxx.o(.text) referenced from startup_stm32f40_41xxx.o(RESET)
 <LI><a href="#[4d]">OTG_FS_IRQHandler</a> from startup_stm32f40_41xxx.o(.text) referenced from startup_stm32f40_41xxx.o(RESET)
 <LI><a href="#[34]">OTG_FS_WKUP_IRQHandler</a> from startup_stm32f40_41xxx.o(.text) referenced from startup_stm32f40_41xxx.o(RESET)
 <LI><a href="#[55]">OTG_HS_EP1_IN_IRQHandler</a> from startup_stm32f40_41xxx.o(.text) referenced from startup_stm32f40_41xxx.o(RESET)
 <LI><a href="#[54]">OTG_HS_EP1_OUT_IRQHandler</a> from startup_stm32f40_41xxx.o(.text) referenced from startup_stm32f40_41xxx.o(RESET)
 <LI><a href="#[57]">OTG_HS_IRQHandler</a> from startup_stm32f40_41xxx.o(.text) referenced from startup_stm32f40_41xxx.o(RESET)
 <LI><a href="#[56]">OTG_HS_WKUP_IRQHandler</a> from startup_stm32f40_41xxx.o(.text) referenced from startup_stm32f40_41xxx.o(RESET)
 <LI><a href="#[b]">PVD_IRQHandler</a> from startup_stm32f40_41xxx.o(.text) referenced from startup_stm32f40_41xxx.o(RESET)
 <LI><a href="#[8]">PendSV_Handler</a> from startup_stm32f40_41xxx.o(.text) referenced from startup_stm32f40_41xxx.o(RESET)
 <LI><a href="#[f]">RCC_IRQHandler</a> from startup_stm32f40_41xxx.o(.text) referenced from startup_stm32f40_41xxx.o(RESET)
 <LI><a href="#[33]">RTC_Alarm_IRQHandler</a> from startup_stm32f40_41xxx.o(.text) referenced from startup_stm32f40_41xxx.o(RESET)
 <LI><a href="#[d]">RTC_WKUP_IRQHandler</a> from startup_stm32f40_41xxx.o(.text) referenced from startup_stm32f40_41xxx.o(RESET)
 <LI><a href="#[0]">Reset_Handler</a> from startup_stm32f40_41xxx.o(.text) referenced from startup_stm32f40_41xxx.o(RESET)
 <LI><a href="#[3b]">SDIO_IRQHandler</a> from startup_stm32f40_41xxx.o(.text) referenced from startup_stm32f40_41xxx.o(RESET)
 <LI><a href="#[2d]">SPI1_IRQHandler</a> from startup_stm32f40_41xxx.o(.text) referenced from startup_stm32f40_41xxx.o(RESET)
 <LI><a href="#[2e]">SPI2_IRQHandler</a> from startup_stm32f40_41xxx.o(.text) referenced from startup_stm32f40_41xxx.o(RESET)
 <LI><a href="#[3d]">SPI3_IRQHandler</a> from startup_stm32f40_41xxx.o(.text) referenced from startup_stm32f40_41xxx.o(RESET)
 <LI><a href="#[6]">SVC_Handler</a> from startup_stm32f40_41xxx.o(.text) referenced from startup_stm32f40_41xxx.o(RESET)
 <LI><a href="#[9]">SysTick_Handler</a> from startup_stm32f40_41xxx.o(.text) referenced from startup_stm32f40_41xxx.o(RESET)
 <LI><a href="#[5d]">SystemInit</a> from system_stm32f4xx.o(i.SystemInit) referenced from startup_stm32f40_41xxx.o(.text)
 <LI><a href="#[c]">TAMP_STAMP_IRQHandler</a> from startup_stm32f40_41xxx.o(.text) referenced from startup_stm32f40_41xxx.o(RESET)
 <LI><a href="#[22]">TIM1_BRK_TIM9_IRQHandler</a> from roadway_check.o(i.TIM1_BRK_TIM9_IRQHandler) referenced from startup_stm32f40_41xxx.o(RESET)
 <LI><a href="#[25]">TIM1_CC_IRQHandler</a> from startup_stm32f40_41xxx.o(.text) referenced from startup_stm32f40_41xxx.o(RESET)
 <LI><a href="#[24]">TIM1_TRG_COM_TIM11_IRQHandler</a> from startup_stm32f40_41xxx.o(.text) referenced from startup_stm32f40_41xxx.o(RESET)
 <LI><a href="#[23]">TIM1_UP_TIM10_IRQHandler</a> from timer.o(i.TIM1_UP_TIM10_IRQHandler) referenced from startup_stm32f40_41xxx.o(RESET)
 <LI><a href="#[26]">TIM2_IRQHandler</a> from yang.o(i.TIM2_IRQHandler) referenced from startup_stm32f40_41xxx.o(RESET)
 <LI><a href="#[27]">TIM3_IRQHandler</a> from startup_stm32f40_41xxx.o(.text) referenced from startup_stm32f40_41xxx.o(RESET)
 <LI><a href="#[28]">TIM4_IRQHandler</a> from startup_stm32f40_41xxx.o(.text) referenced from startup_stm32f40_41xxx.o(RESET)
 <LI><a href="#[3c]">TIM5_IRQHandler</a> from startup_stm32f40_41xxx.o(.text) referenced from startup_stm32f40_41xxx.o(RESET)
 <LI><a href="#[40]">TIM6_DAC_IRQHandler</a> from ultrasonic.o(i.TIM6_DAC_IRQHandler) referenced from startup_stm32f40_41xxx.o(RESET)
 <LI><a href="#[41]">TIM7_IRQHandler</a> from can_check.o(i.TIM7_IRQHandler) referenced from startup_stm32f40_41xxx.o(RESET)
 <LI><a href="#[35]">TIM8_BRK_TIM12_IRQHandler</a> from startup_stm32f40_41xxx.o(.text) referenced from startup_stm32f40_41xxx.o(RESET)
 <LI><a href="#[38]">TIM8_CC_IRQHandler</a> from startup_stm32f40_41xxx.o(.text) referenced from startup_stm32f40_41xxx.o(RESET)
 <LI><a href="#[37]">TIM8_TRG_COM_TIM14_IRQHandler</a> from startup_stm32f40_41xxx.o(.text) referenced from startup_stm32f40_41xxx.o(RESET)
 <LI><a href="#[36]">TIM8_UP_TIM13_IRQHandler</a> from startup_stm32f40_41xxx.o(.text) referenced from startup_stm32f40_41xxx.o(RESET)
 <LI><a href="#[3e]">UART4_IRQHandler</a> from uart_a72.o(i.UART4_IRQHandler) referenced from startup_stm32f40_41xxx.o(RESET)
 <LI><a href="#[3f]">UART5_IRQHandler</a> from startup_stm32f40_41xxx.o(.text) referenced from startup_stm32f40_41xxx.o(RESET)
 <LI><a href="#[2f]">USART1_IRQHandler</a> from usart.o(i.USART1_IRQHandler) referenced from startup_stm32f40_41xxx.o(RESET)
 <LI><a href="#[30]">USART2_IRQHandler</a> from uart_a72.o(i.USART2_IRQHandler) referenced from startup_stm32f40_41xxx.o(RESET)
 <LI><a href="#[31]">USART3_IRQHandler</a> from startup_stm32f40_41xxx.o(.text) referenced from startup_stm32f40_41xxx.o(RESET)
 <LI><a href="#[51]">USART6_IRQHandler</a> from bkrc_voice.o(i.USART6_IRQHandler) referenced from startup_stm32f40_41xxx.o(RESET)
 <LI><a href="#[5]">UsageFault_Handler</a> from startup_stm32f40_41xxx.o(.text) referenced from startup_stm32f40_41xxx.o(RESET)
 <LI><a href="#[a]">WWDG_IRQHandler</a> from startup_stm32f40_41xxx.o(.text) referenced from startup_stm32f40_41xxx.o(RESET)
 <LI><a href="#[5e]">__main</a> from entry.o(.ARM.Collect$$$$00000000) referenced from startup_stm32f40_41xxx.o(.text)
 <LI><a href="#[5f]">_sputc</a> from printf5.o(i._sputc) referenced from printf5.o(i.__0sprintf$5)
 <LI><a href="#[5c]">main</a> from main.o(i.main) referenced from entry9a.o(.ARM.Collect$$$$0000000B)
</UL>
<P>
<H3>
Global Symbols
</H3>
<P><STRONG><a name="[5e]"></a>__main</STRONG> (Thumb, 0 bytes, Stack size unknown bytes, entry.o(.ARM.Collect$$$$00000000))
<BR>[Address Reference Count : 1]<UL><LI> startup_stm32f40_41xxx.o(.text)
</UL>
<P><STRONG><a name="[15d]"></a>_main_stk</STRONG> (Thumb, 0 bytes, Stack size unknown bytes, entry2.o(.ARM.Collect$$$$00000001))

<P><STRONG><a name="[60]"></a>_main_scatterload</STRONG> (Thumb, 0 bytes, Stack size unknown bytes, entry5.o(.ARM.Collect$$$$00000004))
<BR><BR>[Calls]<UL><LI><a href="#[61]">&gt;&gt;</a>&nbsp;&nbsp;&nbsp;__scatterload
</UL>

<P><STRONG><a name="[6e]"></a>__main_after_scatterload</STRONG> (Thumb, 0 bytes, Stack size unknown bytes, entry5.o(.ARM.Collect$$$$00000004))
<BR><BR>[Called By]<UL><LI><a href="#[61]">&gt;&gt;</a>&nbsp;&nbsp;&nbsp;__scatterload
</UL>

<P><STRONG><a name="[15e]"></a>_main_clock</STRONG> (Thumb, 0 bytes, Stack size unknown bytes, entry7b.o(.ARM.Collect$$$$00000008))

<P><STRONG><a name="[15f]"></a>_main_cpp_init</STRONG> (Thumb, 0 bytes, Stack size unknown bytes, entry8b.o(.ARM.Collect$$$$0000000A))

<P><STRONG><a name="[160]"></a>_main_init</STRONG> (Thumb, 0 bytes, Stack size unknown bytes, entry9a.o(.ARM.Collect$$$$0000000B))

<P><STRONG><a name="[161]"></a>__rt_lib_shutdown_fini</STRONG> (Thumb, 0 bytes, Stack size unknown bytes, entry12b.o(.ARM.Collect$$$$0000000E))

<P><STRONG><a name="[162]"></a>__rt_final_cpp</STRONG> (Thumb, 0 bytes, Stack size unknown bytes, entry10a.o(.ARM.Collect$$$$0000000F))

<P><STRONG><a name="[163]"></a>__rt_final_exit</STRONG> (Thumb, 0 bytes, Stack size unknown bytes, entry11a.o(.ARM.Collect$$$$00000011))

<P><STRONG><a name="[0]"></a>Reset_Handler</STRONG> (Thumb, 8 bytes, Stack size 0 bytes, startup_stm32f40_41xxx.o(.text))
<BR>[Address Reference Count : 1]<UL><LI> startup_stm32f40_41xxx.o(RESET)
</UL>
<P><STRONG><a name="[1]"></a>NMI_Handler</STRONG> (Thumb, 2 bytes, Stack size 0 bytes, startup_stm32f40_41xxx.o(.text))
<BR><BR>[Calls]<UL><LI><a href="#[1]">&gt;&gt;</a>&nbsp;&nbsp;&nbsp;NMI_Handler
</UL>
<BR>[Called By]<UL><LI><a href="#[1]">&gt;&gt;</a>&nbsp;&nbsp;&nbsp;NMI_Handler
</UL>
<BR>[Address Reference Count : 1]<UL><LI> startup_stm32f40_41xxx.o(RESET)
</UL>
<P><STRONG><a name="[2]"></a>HardFault_Handler</STRONG> (Thumb, 2 bytes, Stack size 0 bytes, startup_stm32f40_41xxx.o(.text))
<BR><BR>[Calls]<UL><LI><a href="#[2]">&gt;&gt;</a>&nbsp;&nbsp;&nbsp;HardFault_Handler
</UL>
<BR>[Called By]<UL><LI><a href="#[2]">&gt;&gt;</a>&nbsp;&nbsp;&nbsp;HardFault_Handler
</UL>
<BR>[Address Reference Count : 1]<UL><LI> startup_stm32f40_41xxx.o(RESET)
</UL>
<P><STRONG><a name="[3]"></a>MemManage_Handler</STRONG> (Thumb, 2 bytes, Stack size 0 bytes, startup_stm32f40_41xxx.o(.text))
<BR><BR>[Calls]<UL><LI><a href="#[3]">&gt;&gt;</a>&nbsp;&nbsp;&nbsp;MemManage_Handler
</UL>
<BR>[Called By]<UL><LI><a href="#[3]">&gt;&gt;</a>&nbsp;&nbsp;&nbsp;MemManage_Handler
</UL>
<BR>[Address Reference Count : 1]<UL><LI> startup_stm32f40_41xxx.o(RESET)
</UL>
<P><STRONG><a name="[4]"></a>BusFault_Handler</STRONG> (Thumb, 2 bytes, Stack size 0 bytes, startup_stm32f40_41xxx.o(.text))
<BR><BR>[Calls]<UL><LI><a href="#[4]">&gt;&gt;</a>&nbsp;&nbsp;&nbsp;BusFault_Handler
</UL>
<BR>[Called By]<UL><LI><a href="#[4]">&gt;&gt;</a>&nbsp;&nbsp;&nbsp;BusFault_Handler
</UL>
<BR>[Address Reference Count : 1]<UL><LI> startup_stm32f40_41xxx.o(RESET)
</UL>
<P><STRONG><a name="[5]"></a>UsageFault_Handler</STRONG> (Thumb, 2 bytes, Stack size 0 bytes, startup_stm32f40_41xxx.o(.text))
<BR><BR>[Calls]<UL><LI><a href="#[5]">&gt;&gt;</a>&nbsp;&nbsp;&nbsp;UsageFault_Handler
</UL>
<BR>[Called By]<UL><LI><a href="#[5]">&gt;&gt;</a>&nbsp;&nbsp;&nbsp;UsageFault_Handler
</UL>
<BR>[Address Reference Count : 1]<UL><LI> startup_stm32f40_41xxx.o(RESET)
</UL>
<P><STRONG><a name="[6]"></a>SVC_Handler</STRONG> (Thumb, 2 bytes, Stack size 0 bytes, startup_stm32f40_41xxx.o(.text))
<BR><BR>[Calls]<UL><LI><a href="#[6]">&gt;&gt;</a>&nbsp;&nbsp;&nbsp;SVC_Handler
</UL>
<BR>[Called By]<UL><LI><a href="#[6]">&gt;&gt;</a>&nbsp;&nbsp;&nbsp;SVC_Handler
</UL>
<BR>[Address Reference Count : 1]<UL><LI> startup_stm32f40_41xxx.o(RESET)
</UL>
<P><STRONG><a name="[7]"></a>DebugMon_Handler</STRONG> (Thumb, 2 bytes, Stack size 0 bytes, startup_stm32f40_41xxx.o(.text))
<BR><BR>[Calls]<UL><LI><a href="#[7]">&gt;&gt;</a>&nbsp;&nbsp;&nbsp;DebugMon_Handler
</UL>
<BR>[Called By]<UL><LI><a href="#[7]">&gt;&gt;</a>&nbsp;&nbsp;&nbsp;DebugMon_Handler
</UL>
<BR>[Address Reference Count : 1]<UL><LI> startup_stm32f40_41xxx.o(RESET)
</UL>
<P><STRONG><a name="[8]"></a>PendSV_Handler</STRONG> (Thumb, 2 bytes, Stack size 0 bytes, startup_stm32f40_41xxx.o(.text))
<BR><BR>[Calls]<UL><LI><a href="#[8]">&gt;&gt;</a>&nbsp;&nbsp;&nbsp;PendSV_Handler
</UL>
<BR>[Called By]<UL><LI><a href="#[8]">&gt;&gt;</a>&nbsp;&nbsp;&nbsp;PendSV_Handler
</UL>
<BR>[Address Reference Count : 1]<UL><LI> startup_stm32f40_41xxx.o(RESET)
</UL>
<P><STRONG><a name="[9]"></a>SysTick_Handler</STRONG> (Thumb, 2 bytes, Stack size 0 bytes, startup_stm32f40_41xxx.o(.text))
<BR><BR>[Calls]<UL><LI><a href="#[9]">&gt;&gt;</a>&nbsp;&nbsp;&nbsp;SysTick_Handler
</UL>
<BR>[Called By]<UL><LI><a href="#[9]">&gt;&gt;</a>&nbsp;&nbsp;&nbsp;SysTick_Handler
</UL>
<BR>[Address Reference Count : 1]<UL><LI> startup_stm32f40_41xxx.o(RESET)
</UL>
<P><STRONG><a name="[1c]"></a>ADC_IRQHandler</STRONG> (Thumb, 0 bytes, Stack size 0 bytes, startup_stm32f40_41xxx.o(.text))
<BR><BR>[Calls]<UL><LI><a href="#[1c]">&gt;&gt;</a>&nbsp;&nbsp;&nbsp;ADC_IRQHandler
</UL>
<BR>[Called By]<UL><LI><a href="#[1c]">&gt;&gt;</a>&nbsp;&nbsp;&nbsp;ADC_IRQHandler
</UL>
<BR>[Address Reference Count : 1]<UL><LI> startup_stm32f40_41xxx.o(RESET)
</UL>
<P><STRONG><a name="[1e]"></a>CAN1_RX0_IRQHandler</STRONG> (Thumb, 0 bytes, Stack size 0 bytes, startup_stm32f40_41xxx.o(.text))
<BR>[Address Reference Count : 1]<UL><LI> startup_stm32f40_41xxx.o(RESET)
</UL>
<P><STRONG><a name="[1f]"></a>CAN1_RX1_IRQHandler</STRONG> (Thumb, 0 bytes, Stack size 0 bytes, startup_stm32f40_41xxx.o(.text))
<BR>[Address Reference Count : 1]<UL><LI> startup_stm32f40_41xxx.o(RESET)
</UL>
<P><STRONG><a name="[20]"></a>CAN1_SCE_IRQHandler</STRONG> (Thumb, 0 bytes, Stack size 0 bytes, startup_stm32f40_41xxx.o(.text))
<BR>[Address Reference Count : 1]<UL><LI> startup_stm32f40_41xxx.o(RESET)
</UL>
<P><STRONG><a name="[1d]"></a>CAN1_TX_IRQHandler</STRONG> (Thumb, 0 bytes, Stack size 0 bytes, startup_stm32f40_41xxx.o(.text))
<BR>[Address Reference Count : 1]<UL><LI> startup_stm32f40_41xxx.o(RESET)
</UL>
<P><STRONG><a name="[4a]"></a>CAN2_RX0_IRQHandler</STRONG> (Thumb, 0 bytes, Stack size 0 bytes, startup_stm32f40_41xxx.o(.text))
<BR>[Address Reference Count : 1]<UL><LI> startup_stm32f40_41xxx.o(RESET)
</UL>
<P><STRONG><a name="[4b]"></a>CAN2_RX1_IRQHandler</STRONG> (Thumb, 0 bytes, Stack size 0 bytes, startup_stm32f40_41xxx.o(.text))
<BR>[Address Reference Count : 1]<UL><LI> startup_stm32f40_41xxx.o(RESET)
</UL>
<P><STRONG><a name="[4c]"></a>CAN2_SCE_IRQHandler</STRONG> (Thumb, 0 bytes, Stack size 0 bytes, startup_stm32f40_41xxx.o(.text))
<BR>[Address Reference Count : 1]<UL><LI> startup_stm32f40_41xxx.o(RESET)
</UL>
<P><STRONG><a name="[49]"></a>CAN2_TX_IRQHandler</STRONG> (Thumb, 0 bytes, Stack size 0 bytes, startup_stm32f40_41xxx.o(.text))
<BR>[Address Reference Count : 1]<UL><LI> startup_stm32f40_41xxx.o(RESET)
</UL>
<P><STRONG><a name="[59]"></a>CRYP_IRQHandler</STRONG> (Thumb, 0 bytes, Stack size 0 bytes, startup_stm32f40_41xxx.o(.text))
<BR>[Address Reference Count : 1]<UL><LI> startup_stm32f40_41xxx.o(RESET)
</UL>
<P><STRONG><a name="[58]"></a>DCMI_IRQHandler</STRONG> (Thumb, 0 bytes, Stack size 0 bytes, startup_stm32f40_41xxx.o(.text))
<BR>[Address Reference Count : 1]<UL><LI> startup_stm32f40_41xxx.o(RESET)
</UL>
<P><STRONG><a name="[15]"></a>DMA1_Stream0_IRQHandler</STRONG> (Thumb, 0 bytes, Stack size 0 bytes, startup_stm32f40_41xxx.o(.text))
<BR>[Address Reference Count : 1]<UL><LI> startup_stm32f40_41xxx.o(RESET)
</UL>
<P><STRONG><a name="[16]"></a>DMA1_Stream1_IRQHandler</STRONG> (Thumb, 0 bytes, Stack size 0 bytes, startup_stm32f40_41xxx.o(.text))
<BR>[Address Reference Count : 1]<UL><LI> startup_stm32f40_41xxx.o(RESET)
</UL>
<P><STRONG><a name="[17]"></a>DMA1_Stream2_IRQHandler</STRONG> (Thumb, 0 bytes, Stack size 0 bytes, startup_stm32f40_41xxx.o(.text))
<BR>[Address Reference Count : 1]<UL><LI> startup_stm32f40_41xxx.o(RESET)
</UL>
<P><STRONG><a name="[18]"></a>DMA1_Stream3_IRQHandler</STRONG> (Thumb, 0 bytes, Stack size 0 bytes, startup_stm32f40_41xxx.o(.text))
<BR>[Address Reference Count : 1]<UL><LI> startup_stm32f40_41xxx.o(RESET)
</UL>
<P><STRONG><a name="[19]"></a>DMA1_Stream4_IRQHandler</STRONG> (Thumb, 0 bytes, Stack size 0 bytes, startup_stm32f40_41xxx.o(.text))
<BR>[Address Reference Count : 1]<UL><LI> startup_stm32f40_41xxx.o(RESET)
</UL>
<P><STRONG><a name="[1a]"></a>DMA1_Stream5_IRQHandler</STRONG> (Thumb, 0 bytes, Stack size 0 bytes, startup_stm32f40_41xxx.o(.text))
<BR>[Address Reference Count : 1]<UL><LI> startup_stm32f40_41xxx.o(RESET)
</UL>
<P><STRONG><a name="[1b]"></a>DMA1_Stream6_IRQHandler</STRONG> (Thumb, 0 bytes, Stack size 0 bytes, startup_stm32f40_41xxx.o(.text))
<BR>[Address Reference Count : 1]<UL><LI> startup_stm32f40_41xxx.o(RESET)
</UL>
<P><STRONG><a name="[39]"></a>DMA1_Stream7_IRQHandler</STRONG> (Thumb, 0 bytes, Stack size 0 bytes, startup_stm32f40_41xxx.o(.text))
<BR>[Address Reference Count : 1]<UL><LI> startup_stm32f40_41xxx.o(RESET)
</UL>
<P><STRONG><a name="[42]"></a>DMA2_Stream0_IRQHandler</STRONG> (Thumb, 0 bytes, Stack size 0 bytes, startup_stm32f40_41xxx.o(.text))
<BR>[Address Reference Count : 1]<UL><LI> startup_stm32f40_41xxx.o(RESET)
</UL>
<P><STRONG><a name="[43]"></a>DMA2_Stream1_IRQHandler</STRONG> (Thumb, 0 bytes, Stack size 0 bytes, startup_stm32f40_41xxx.o(.text))
<BR>[Address Reference Count : 1]<UL><LI> startup_stm32f40_41xxx.o(RESET)
</UL>
<P><STRONG><a name="[44]"></a>DMA2_Stream2_IRQHandler</STRONG> (Thumb, 0 bytes, Stack size 0 bytes, startup_stm32f40_41xxx.o(.text))
<BR>[Address Reference Count : 1]<UL><LI> startup_stm32f40_41xxx.o(RESET)
</UL>
<P><STRONG><a name="[45]"></a>DMA2_Stream3_IRQHandler</STRONG> (Thumb, 0 bytes, Stack size 0 bytes, startup_stm32f40_41xxx.o(.text))
<BR>[Address Reference Count : 1]<UL><LI> startup_stm32f40_41xxx.o(RESET)
</UL>
<P><STRONG><a name="[46]"></a>DMA2_Stream4_IRQHandler</STRONG> (Thumb, 0 bytes, Stack size 0 bytes, startup_stm32f40_41xxx.o(.text))
<BR>[Address Reference Count : 1]<UL><LI> startup_stm32f40_41xxx.o(RESET)
</UL>
<P><STRONG><a name="[4e]"></a>DMA2_Stream5_IRQHandler</STRONG> (Thumb, 0 bytes, Stack size 0 bytes, startup_stm32f40_41xxx.o(.text))
<BR>[Address Reference Count : 1]<UL><LI> startup_stm32f40_41xxx.o(RESET)
</UL>
<P><STRONG><a name="[4f]"></a>DMA2_Stream6_IRQHandler</STRONG> (Thumb, 0 bytes, Stack size 0 bytes, startup_stm32f40_41xxx.o(.text))
<BR>[Address Reference Count : 1]<UL><LI> startup_stm32f40_41xxx.o(RESET)
</UL>
<P><STRONG><a name="[50]"></a>DMA2_Stream7_IRQHandler</STRONG> (Thumb, 0 bytes, Stack size 0 bytes, startup_stm32f40_41xxx.o(.text))
<BR>[Address Reference Count : 1]<UL><LI> startup_stm32f40_41xxx.o(RESET)
</UL>
<P><STRONG><a name="[47]"></a>ETH_IRQHandler</STRONG> (Thumb, 0 bytes, Stack size 0 bytes, startup_stm32f40_41xxx.o(.text))
<BR>[Address Reference Count : 1]<UL><LI> startup_stm32f40_41xxx.o(RESET)
</UL>
<P><STRONG><a name="[48]"></a>ETH_WKUP_IRQHandler</STRONG> (Thumb, 0 bytes, Stack size 0 bytes, startup_stm32f40_41xxx.o(.text))
<BR>[Address Reference Count : 1]<UL><LI> startup_stm32f40_41xxx.o(RESET)
</UL>
<P><STRONG><a name="[10]"></a>EXTI0_IRQHandler</STRONG> (Thumb, 0 bytes, Stack size 0 bytes, startup_stm32f40_41xxx.o(.text))
<BR>[Address Reference Count : 1]<UL><LI> startup_stm32f40_41xxx.o(RESET)
</UL>
<P><STRONG><a name="[32]"></a>EXTI15_10_IRQHandler</STRONG> (Thumb, 0 bytes, Stack size 0 bytes, startup_stm32f40_41xxx.o(.text))
<BR>[Address Reference Count : 1]<UL><LI> startup_stm32f40_41xxx.o(RESET)
</UL>
<P><STRONG><a name="[11]"></a>EXTI1_IRQHandler</STRONG> (Thumb, 0 bytes, Stack size 0 bytes, startup_stm32f40_41xxx.o(.text))
<BR>[Address Reference Count : 1]<UL><LI> startup_stm32f40_41xxx.o(RESET)
</UL>
<P><STRONG><a name="[12]"></a>EXTI2_IRQHandler</STRONG> (Thumb, 0 bytes, Stack size 0 bytes, startup_stm32f40_41xxx.o(.text))
<BR>[Address Reference Count : 1]<UL><LI> startup_stm32f40_41xxx.o(RESET)
</UL>
<P><STRONG><a name="[13]"></a>EXTI3_IRQHandler</STRONG> (Thumb, 0 bytes, Stack size 0 bytes, startup_stm32f40_41xxx.o(.text))
<BR>[Address Reference Count : 1]<UL><LI> startup_stm32f40_41xxx.o(RESET)
</UL>
<P><STRONG><a name="[21]"></a>EXTI9_5_IRQHandler</STRONG> (Thumb, 0 bytes, Stack size 0 bytes, startup_stm32f40_41xxx.o(.text))
<BR>[Address Reference Count : 1]<UL><LI> startup_stm32f40_41xxx.o(RESET)
</UL>
<P><STRONG><a name="[e]"></a>FLASH_IRQHandler</STRONG> (Thumb, 0 bytes, Stack size 0 bytes, startup_stm32f40_41xxx.o(.text))
<BR>[Address Reference Count : 1]<UL><LI> startup_stm32f40_41xxx.o(RESET)
</UL>
<P><STRONG><a name="[5b]"></a>FPU_IRQHandler</STRONG> (Thumb, 0 bytes, Stack size 0 bytes, startup_stm32f40_41xxx.o(.text))
<BR>[Address Reference Count : 1]<UL><LI> startup_stm32f40_41xxx.o(RESET)
</UL>
<P><STRONG><a name="[3a]"></a>FSMC_IRQHandler</STRONG> (Thumb, 0 bytes, Stack size 0 bytes, startup_stm32f40_41xxx.o(.text))
<BR>[Address Reference Count : 1]<UL><LI> startup_stm32f40_41xxx.o(RESET)
</UL>
<P><STRONG><a name="[5a]"></a>HASH_RNG_IRQHandler</STRONG> (Thumb, 0 bytes, Stack size 0 bytes, startup_stm32f40_41xxx.o(.text))
<BR>[Address Reference Count : 1]<UL><LI> startup_stm32f40_41xxx.o(RESET)
</UL>
<P><STRONG><a name="[2a]"></a>I2C1_ER_IRQHandler</STRONG> (Thumb, 0 bytes, Stack size 0 bytes, startup_stm32f40_41xxx.o(.text))
<BR>[Address Reference Count : 1]<UL><LI> startup_stm32f40_41xxx.o(RESET)
</UL>
<P><STRONG><a name="[29]"></a>I2C1_EV_IRQHandler</STRONG> (Thumb, 0 bytes, Stack size 0 bytes, startup_stm32f40_41xxx.o(.text))
<BR>[Address Reference Count : 1]<UL><LI> startup_stm32f40_41xxx.o(RESET)
</UL>
<P><STRONG><a name="[2c]"></a>I2C2_ER_IRQHandler</STRONG> (Thumb, 0 bytes, Stack size 0 bytes, startup_stm32f40_41xxx.o(.text))
<BR>[Address Reference Count : 1]<UL><LI> startup_stm32f40_41xxx.o(RESET)
</UL>
<P><STRONG><a name="[2b]"></a>I2C2_EV_IRQHandler</STRONG> (Thumb, 0 bytes, Stack size 0 bytes, startup_stm32f40_41xxx.o(.text))
<BR>[Address Reference Count : 1]<UL><LI> startup_stm32f40_41xxx.o(RESET)
</UL>
<P><STRONG><a name="[53]"></a>I2C3_ER_IRQHandler</STRONG> (Thumb, 0 bytes, Stack size 0 bytes, startup_stm32f40_41xxx.o(.text))
<BR>[Address Reference Count : 1]<UL><LI> startup_stm32f40_41xxx.o(RESET)
</UL>
<P><STRONG><a name="[52]"></a>I2C3_EV_IRQHandler</STRONG> (Thumb, 0 bytes, Stack size 0 bytes, startup_stm32f40_41xxx.o(.text))
<BR>[Address Reference Count : 1]<UL><LI> startup_stm32f40_41xxx.o(RESET)
</UL>
<P><STRONG><a name="[4d]"></a>OTG_FS_IRQHandler</STRONG> (Thumb, 0 bytes, Stack size 0 bytes, startup_stm32f40_41xxx.o(.text))
<BR>[Address Reference Count : 1]<UL><LI> startup_stm32f40_41xxx.o(RESET)
</UL>
<P><STRONG><a name="[34]"></a>OTG_FS_WKUP_IRQHandler</STRONG> (Thumb, 0 bytes, Stack size 0 bytes, startup_stm32f40_41xxx.o(.text))
<BR>[Address Reference Count : 1]<UL><LI> startup_stm32f40_41xxx.o(RESET)
</UL>
<P><STRONG><a name="[55]"></a>OTG_HS_EP1_IN_IRQHandler</STRONG> (Thumb, 0 bytes, Stack size 0 bytes, startup_stm32f40_41xxx.o(.text))
<BR>[Address Reference Count : 1]<UL><LI> startup_stm32f40_41xxx.o(RESET)
</UL>
<P><STRONG><a name="[54]"></a>OTG_HS_EP1_OUT_IRQHandler</STRONG> (Thumb, 0 bytes, Stack size 0 bytes, startup_stm32f40_41xxx.o(.text))
<BR>[Address Reference Count : 1]<UL><LI> startup_stm32f40_41xxx.o(RESET)
</UL>
<P><STRONG><a name="[57]"></a>OTG_HS_IRQHandler</STRONG> (Thumb, 0 bytes, Stack size 0 bytes, startup_stm32f40_41xxx.o(.text))
<BR>[Address Reference Count : 1]<UL><LI> startup_stm32f40_41xxx.o(RESET)
</UL>
<P><STRONG><a name="[56]"></a>OTG_HS_WKUP_IRQHandler</STRONG> (Thumb, 0 bytes, Stack size 0 bytes, startup_stm32f40_41xxx.o(.text))
<BR>[Address Reference Count : 1]<UL><LI> startup_stm32f40_41xxx.o(RESET)
</UL>
<P><STRONG><a name="[b]"></a>PVD_IRQHandler</STRONG> (Thumb, 0 bytes, Stack size 0 bytes, startup_stm32f40_41xxx.o(.text))
<BR>[Address Reference Count : 1]<UL><LI> startup_stm32f40_41xxx.o(RESET)
</UL>
<P><STRONG><a name="[f]"></a>RCC_IRQHandler</STRONG> (Thumb, 0 bytes, Stack size 0 bytes, startup_stm32f40_41xxx.o(.text))
<BR>[Address Reference Count : 1]<UL><LI> startup_stm32f40_41xxx.o(RESET)
</UL>
<P><STRONG><a name="[33]"></a>RTC_Alarm_IRQHandler</STRONG> (Thumb, 0 bytes, Stack size 0 bytes, startup_stm32f40_41xxx.o(.text))
<BR>[Address Reference Count : 1]<UL><LI> startup_stm32f40_41xxx.o(RESET)
</UL>
<P><STRONG><a name="[d]"></a>RTC_WKUP_IRQHandler</STRONG> (Thumb, 0 bytes, Stack size 0 bytes, startup_stm32f40_41xxx.o(.text))
<BR>[Address Reference Count : 1]<UL><LI> startup_stm32f40_41xxx.o(RESET)
</UL>
<P><STRONG><a name="[3b]"></a>SDIO_IRQHandler</STRONG> (Thumb, 0 bytes, Stack size 0 bytes, startup_stm32f40_41xxx.o(.text))
<BR>[Address Reference Count : 1]<UL><LI> startup_stm32f40_41xxx.o(RESET)
</UL>
<P><STRONG><a name="[2d]"></a>SPI1_IRQHandler</STRONG> (Thumb, 0 bytes, Stack size 0 bytes, startup_stm32f40_41xxx.o(.text))
<BR>[Address Reference Count : 1]<UL><LI> startup_stm32f40_41xxx.o(RESET)
</UL>
<P><STRONG><a name="[2e]"></a>SPI2_IRQHandler</STRONG> (Thumb, 0 bytes, Stack size 0 bytes, startup_stm32f40_41xxx.o(.text))
<BR>[Address Reference Count : 1]<UL><LI> startup_stm32f40_41xxx.o(RESET)
</UL>
<P><STRONG><a name="[3d]"></a>SPI3_IRQHandler</STRONG> (Thumb, 0 bytes, Stack size 0 bytes, startup_stm32f40_41xxx.o(.text))
<BR>[Address Reference Count : 1]<UL><LI> startup_stm32f40_41xxx.o(RESET)
</UL>
<P><STRONG><a name="[c]"></a>TAMP_STAMP_IRQHandler</STRONG> (Thumb, 0 bytes, Stack size 0 bytes, startup_stm32f40_41xxx.o(.text))
<BR>[Address Reference Count : 1]<UL><LI> startup_stm32f40_41xxx.o(RESET)
</UL>
<P><STRONG><a name="[25]"></a>TIM1_CC_IRQHandler</STRONG> (Thumb, 0 bytes, Stack size 0 bytes, startup_stm32f40_41xxx.o(.text))
<BR>[Address Reference Count : 1]<UL><LI> startup_stm32f40_41xxx.o(RESET)
</UL>
<P><STRONG><a name="[24]"></a>TIM1_TRG_COM_TIM11_IRQHandler</STRONG> (Thumb, 0 bytes, Stack size 0 bytes, startup_stm32f40_41xxx.o(.text))
<BR>[Address Reference Count : 1]<UL><LI> startup_stm32f40_41xxx.o(RESET)
</UL>
<P><STRONG><a name="[27]"></a>TIM3_IRQHandler</STRONG> (Thumb, 0 bytes, Stack size 0 bytes, startup_stm32f40_41xxx.o(.text))
<BR>[Address Reference Count : 1]<UL><LI> startup_stm32f40_41xxx.o(RESET)
</UL>
<P><STRONG><a name="[28]"></a>TIM4_IRQHandler</STRONG> (Thumb, 0 bytes, Stack size 0 bytes, startup_stm32f40_41xxx.o(.text))
<BR>[Address Reference Count : 1]<UL><LI> startup_stm32f40_41xxx.o(RESET)
</UL>
<P><STRONG><a name="[3c]"></a>TIM5_IRQHandler</STRONG> (Thumb, 0 bytes, Stack size 0 bytes, startup_stm32f40_41xxx.o(.text))
<BR>[Address Reference Count : 1]<UL><LI> startup_stm32f40_41xxx.o(RESET)
</UL>
<P><STRONG><a name="[35]"></a>TIM8_BRK_TIM12_IRQHandler</STRONG> (Thumb, 0 bytes, Stack size 0 bytes, startup_stm32f40_41xxx.o(.text))
<BR>[Address Reference Count : 1]<UL><LI> startup_stm32f40_41xxx.o(RESET)
</UL>
<P><STRONG><a name="[38]"></a>TIM8_CC_IRQHandler</STRONG> (Thumb, 0 bytes, Stack size 0 bytes, startup_stm32f40_41xxx.o(.text))
<BR>[Address Reference Count : 1]<UL><LI> startup_stm32f40_41xxx.o(RESET)
</UL>
<P><STRONG><a name="[37]"></a>TIM8_TRG_COM_TIM14_IRQHandler</STRONG> (Thumb, 0 bytes, Stack size 0 bytes, startup_stm32f40_41xxx.o(.text))
<BR>[Address Reference Count : 1]<UL><LI> startup_stm32f40_41xxx.o(RESET)
</UL>
<P><STRONG><a name="[36]"></a>TIM8_UP_TIM13_IRQHandler</STRONG> (Thumb, 0 bytes, Stack size 0 bytes, startup_stm32f40_41xxx.o(.text))
<BR>[Address Reference Count : 1]<UL><LI> startup_stm32f40_41xxx.o(RESET)
</UL>
<P><STRONG><a name="[3f]"></a>UART5_IRQHandler</STRONG> (Thumb, 0 bytes, Stack size 0 bytes, startup_stm32f40_41xxx.o(.text))
<BR>[Address Reference Count : 1]<UL><LI> startup_stm32f40_41xxx.o(RESET)
</UL>
<P><STRONG><a name="[31]"></a>USART3_IRQHandler</STRONG> (Thumb, 0 bytes, Stack size 0 bytes, startup_stm32f40_41xxx.o(.text))
<BR>[Address Reference Count : 1]<UL><LI> startup_stm32f40_41xxx.o(RESET)
</UL>
<P><STRONG><a name="[a]"></a>WWDG_IRQHandler</STRONG> (Thumb, 0 bytes, Stack size 0 bytes, startup_stm32f40_41xxx.o(.text))
<BR>[Address Reference Count : 1]<UL><LI> startup_stm32f40_41xxx.o(RESET)
</UL>
<P><STRONG><a name="[9b]"></a>__aeabi_memcpy</STRONG> (Thumb, 36 bytes, Stack size 0 bytes, memcpya.o(.text))
<BR><BR>[Called By]<UL><LI><a href="#[a8]">&gt;&gt;</a>&nbsp;&nbsp;&nbsp;CanP_Cmd_Write
<LI><a href="#[9a]">&gt;&gt;</a>&nbsp;&nbsp;&nbsp;CanDrv_TxData
</UL>

<P><STRONG><a name="[164]"></a>__aeabi_memcpy4</STRONG> (Thumb, 0 bytes, Stack size 0 bytes, memcpya.o(.text), UNUSED)

<P><STRONG><a name="[165]"></a>__aeabi_memcpy8</STRONG> (Thumb, 0 bytes, Stack size 0 bytes, memcpya.o(.text), UNUSED)

<P><STRONG><a name="[63]"></a>__aeabi_memset</STRONG> (Thumb, 14 bytes, Stack size 0 bytes, memseta.o(.text))
<BR><BR>[Called By]<UL><LI><a href="#[ab]">&gt;&gt;</a>&nbsp;&nbsp;&nbsp;FifoDrv_Init
<LI><a href="#[64]">&gt;&gt;</a>&nbsp;&nbsp;&nbsp;_memset$wrapper
<LI><a href="#[62]">&gt;&gt;</a>&nbsp;&nbsp;&nbsp;__aeabi_memclr
</UL>

<P><STRONG><a name="[166]"></a>__aeabi_memset4</STRONG> (Thumb, 0 bytes, Stack size 0 bytes, memseta.o(.text), UNUSED)

<P><STRONG><a name="[167]"></a>__aeabi_memset8</STRONG> (Thumb, 0 bytes, Stack size 0 bytes, memseta.o(.text), UNUSED)

<P><STRONG><a name="[62]"></a>__aeabi_memclr</STRONG> (Thumb, 4 bytes, Stack size 0 bytes, memseta.o(.text), UNUSED)
<BR><BR>[Calls]<UL><LI><a href="#[63]">&gt;&gt;</a>&nbsp;&nbsp;&nbsp;__aeabi_memset
</UL>

<P><STRONG><a name="[168]"></a>__aeabi_memclr4</STRONG> (Thumb, 0 bytes, Stack size 0 bytes, memseta.o(.text), UNUSED)

<P><STRONG><a name="[169]"></a>__aeabi_memclr8</STRONG> (Thumb, 0 bytes, Stack size 0 bytes, memseta.o(.text), UNUSED)

<P><STRONG><a name="[64]"></a>_memset$wrapper</STRONG> (Thumb, 18 bytes, Stack size 8 bytes, memseta.o(.text), UNUSED)
<BR><BR>[Calls]<UL><LI><a href="#[63]">&gt;&gt;</a>&nbsp;&nbsp;&nbsp;__aeabi_memset
</UL>

<P><STRONG><a name="[65]"></a>__aeabi_ddiv</STRONG> (Thumb, 222 bytes, Stack size 32 bytes, ddiv.o(.text))
<BR><BR>[Stack]<UL><LI>Max Depth = 40<LI>Call Chain = __aeabi_ddiv &rArr; _double_round
</UL>
<BR>[Calls]<UL><LI><a href="#[66]">&gt;&gt;</a>&nbsp;&nbsp;&nbsp;_double_round
</UL>
<BR>[Called By]<UL><LI><a href="#[e6]">&gt;&gt;</a>&nbsp;&nbsp;&nbsp;Get_Bh_Value
<LI><a href="#[dc]">&gt;&gt;</a>&nbsp;&nbsp;&nbsp;Parameter_Init
</UL>

<P><STRONG><a name="[67]"></a>__aeabi_i2d</STRONG> (Thumb, 34 bytes, Stack size 16 bytes, dflti.o(.text))
<BR><BR>[Stack]<UL><LI>Max Depth = 56<LI>Call Chain = __aeabi_i2d &rArr; _double_epilogue &rArr; _double_round
</UL>
<BR>[Calls]<UL><LI><a href="#[68]">&gt;&gt;</a>&nbsp;&nbsp;&nbsp;_double_epilogue
</UL>
<BR>[Called By]<UL><LI><a href="#[e6]">&gt;&gt;</a>&nbsp;&nbsp;&nbsp;Get_Bh_Value
</UL>

<P><STRONG><a name="[105]"></a>__aeabi_f2d</STRONG> (Thumb, 38 bytes, Stack size 0 bytes, f2d.o(.text))
<BR><BR>[Called By]<UL><LI><a href="#[dc]">&gt;&gt;</a>&nbsp;&nbsp;&nbsp;Parameter_Init
</UL>

<P><STRONG><a name="[69]"></a>__aeabi_d2f</STRONG> (Thumb, 56 bytes, Stack size 8 bytes, d2f.o(.text))
<BR><BR>[Stack]<UL><LI>Max Depth = 8<LI>Call Chain = __aeabi_d2f
</UL>
<BR>[Calls]<UL><LI><a href="#[6a]">&gt;&gt;</a>&nbsp;&nbsp;&nbsp;_float_round
</UL>
<BR>[Called By]<UL><LI><a href="#[e6]">&gt;&gt;</a>&nbsp;&nbsp;&nbsp;Get_Bh_Value
<LI><a href="#[dc]">&gt;&gt;</a>&nbsp;&nbsp;&nbsp;Parameter_Init
</UL>

<P><STRONG><a name="[6b]"></a>__aeabi_uldivmod</STRONG> (Thumb, 98 bytes, Stack size 40 bytes, uldiv.o(.text), UNUSED)
<BR><BR>[Calls]<UL><LI><a href="#[6c]">&gt;&gt;</a>&nbsp;&nbsp;&nbsp;__aeabi_llsr
<LI><a href="#[6d]">&gt;&gt;</a>&nbsp;&nbsp;&nbsp;__aeabi_llsl
</UL>
<BR>[Called By]<UL><LI><a href="#[15a]">&gt;&gt;</a>&nbsp;&nbsp;&nbsp;_printf_core
</UL>

<P><STRONG><a name="[6c]"></a>__aeabi_llsr</STRONG> (Thumb, 32 bytes, Stack size 0 bytes, llushr.o(.text))
<BR><BR>[Called By]<UL><LI><a href="#[6b]">&gt;&gt;</a>&nbsp;&nbsp;&nbsp;__aeabi_uldivmod
<LI><a href="#[68]">&gt;&gt;</a>&nbsp;&nbsp;&nbsp;_double_epilogue
</UL>

<P><STRONG><a name="[16a]"></a>_ll_ushift_r</STRONG> (Thumb, 0 bytes, Stack size 0 bytes, llushr.o(.text), UNUSED)

<P><STRONG><a name="[16b]"></a>__I$use$fp</STRONG> (Thumb, 0 bytes, Stack size 0 bytes, iusefp.o(.text), UNUSED)

<P><STRONG><a name="[6a]"></a>_float_round</STRONG> (Thumb, 18 bytes, Stack size 0 bytes, fepilogue.o(.text))
<BR><BR>[Called By]<UL><LI><a href="#[69]">&gt;&gt;</a>&nbsp;&nbsp;&nbsp;__aeabi_d2f
</UL>

<P><STRONG><a name="[16c]"></a>_float_epilogue</STRONG> (Thumb, 92 bytes, Stack size 4 bytes, fepilogue.o(.text), UNUSED)

<P><STRONG><a name="[66]"></a>_double_round</STRONG> (Thumb, 30 bytes, Stack size 8 bytes, depilogue.o(.text))
<BR><BR>[Stack]<UL><LI>Max Depth = 8<LI>Call Chain = _double_round
</UL>
<BR>[Called By]<UL><LI><a href="#[65]">&gt;&gt;</a>&nbsp;&nbsp;&nbsp;__aeabi_ddiv
<LI><a href="#[68]">&gt;&gt;</a>&nbsp;&nbsp;&nbsp;_double_epilogue
</UL>

<P><STRONG><a name="[68]"></a>_double_epilogue</STRONG> (Thumb, 156 bytes, Stack size 32 bytes, depilogue.o(.text))
<BR><BR>[Stack]<UL><LI>Max Depth = 40<LI>Call Chain = _double_epilogue &rArr; _double_round
</UL>
<BR>[Calls]<UL><LI><a href="#[6c]">&gt;&gt;</a>&nbsp;&nbsp;&nbsp;__aeabi_llsr
<LI><a href="#[66]">&gt;&gt;</a>&nbsp;&nbsp;&nbsp;_double_round
<LI><a href="#[6d]">&gt;&gt;</a>&nbsp;&nbsp;&nbsp;__aeabi_llsl
</UL>
<BR>[Called By]<UL><LI><a href="#[67]">&gt;&gt;</a>&nbsp;&nbsp;&nbsp;__aeabi_i2d
</UL>

<P><STRONG><a name="[61]"></a>__scatterload</STRONG> (Thumb, 28 bytes, Stack size 0 bytes, init.o(.text))
<BR><BR>[Calls]<UL><LI><a href="#[6e]">&gt;&gt;</a>&nbsp;&nbsp;&nbsp;__main_after_scatterload
</UL>
<BR>[Called By]<UL><LI><a href="#[60]">&gt;&gt;</a>&nbsp;&nbsp;&nbsp;_main_scatterload
</UL>

<P><STRONG><a name="[16d]"></a>__scatterload_rt2</STRONG> (Thumb, 0 bytes, Stack size 0 bytes, init.o(.text), UNUSED)

<P><STRONG><a name="[6d]"></a>__aeabi_llsl</STRONG> (Thumb, 30 bytes, Stack size 0 bytes, llshl.o(.text))
<BR><BR>[Called By]<UL><LI><a href="#[6b]">&gt;&gt;</a>&nbsp;&nbsp;&nbsp;__aeabi_uldivmod
<LI><a href="#[68]">&gt;&gt;</a>&nbsp;&nbsp;&nbsp;_double_epilogue
</UL>

<P><STRONG><a name="[16e]"></a>_ll_shift_l</STRONG> (Thumb, 0 bytes, Stack size 0 bytes, llshl.o(.text), UNUSED)

<P><STRONG><a name="[16f]"></a>__decompress</STRONG> (Thumb, 0 bytes, Stack size unknown bytes, __dclz77c.o(.text), UNUSED)

<P><STRONG><a name="[170]"></a>__decompress2</STRONG> (Thumb, 94 bytes, Stack size unknown bytes, __dclz77c.o(.text), UNUSED)

<P><STRONG><a name="[e2]"></a>ADC_ClearFlag</STRONG> (Thumb, 6 bytes, Stack size 0 bytes, stm32f4xx_adc.o(i.ADC_ClearFlag))
<BR><BR>[Called By]<UL><LI><a href="#[e1]">&gt;&gt;</a>&nbsp;&nbsp;&nbsp;Get_ADC_Value
</UL>

<P><STRONG><a name="[77]"></a>ADC_Cmd</STRONG> (Thumb, 22 bytes, Stack size 0 bytes, stm32f4xx_adc.o(i.ADC_Cmd))
<BR><BR>[Called By]<UL><LI><a href="#[6f]">&gt;&gt;</a>&nbsp;&nbsp;&nbsp;ADC_Configure
</UL>

<P><STRONG><a name="[73]"></a>ADC_CommonInit</STRONG> (Thumb, 34 bytes, Stack size 0 bytes, stm32f4xx_adc.o(i.ADC_CommonInit))
<BR><BR>[Called By]<UL><LI><a href="#[6f]">&gt;&gt;</a>&nbsp;&nbsp;&nbsp;ADC_Configure
</UL>

<P><STRONG><a name="[6f]"></a>ADC_Configure</STRONG> (Thumb, 132 bytes, Stack size 56 bytes, power_check.o(i.ADC_Configure))
<BR><BR>[Stack]<UL><LI>Max Depth = 76<LI>Call Chain = ADC_Configure &rArr; GPIO_Init
</UL>
<BR>[Calls]<UL><LI><a href="#[71]">&gt;&gt;</a>&nbsp;&nbsp;&nbsp;RCC_APB2PeriphClockCmd
<LI><a href="#[70]">&gt;&gt;</a>&nbsp;&nbsp;&nbsp;RCC_AHB1PeriphClockCmd
<LI><a href="#[72]">&gt;&gt;</a>&nbsp;&nbsp;&nbsp;GPIO_Init
<LI><a href="#[74]">&gt;&gt;</a>&nbsp;&nbsp;&nbsp;RCC_APB2PeriphResetCmd
<LI><a href="#[76]">&gt;&gt;</a>&nbsp;&nbsp;&nbsp;ADC_RegularChannelConfig
<LI><a href="#[75]">&gt;&gt;</a>&nbsp;&nbsp;&nbsp;ADC_Init
<LI><a href="#[73]">&gt;&gt;</a>&nbsp;&nbsp;&nbsp;ADC_CommonInit
<LI><a href="#[77]">&gt;&gt;</a>&nbsp;&nbsp;&nbsp;ADC_Cmd
</UL>
<BR>[Called By]<UL><LI><a href="#[db]">&gt;&gt;</a>&nbsp;&nbsp;&nbsp;Electricity_Init
</UL>

<P><STRONG><a name="[e5]"></a>ADC_GetConversionValue</STRONG> (Thumb, 8 bytes, Stack size 0 bytes, stm32f4xx_adc.o(i.ADC_GetConversionValue))
<BR><BR>[Called By]<UL><LI><a href="#[e1]">&gt;&gt;</a>&nbsp;&nbsp;&nbsp;Get_ADC_Value
</UL>

<P><STRONG><a name="[e4]"></a>ADC_GetFlagStatus</STRONG> (Thumb, 18 bytes, Stack size 0 bytes, stm32f4xx_adc.o(i.ADC_GetFlagStatus))
<BR><BR>[Called By]<UL><LI><a href="#[e1]">&gt;&gt;</a>&nbsp;&nbsp;&nbsp;Get_ADC_Value
</UL>

<P><STRONG><a name="[75]"></a>ADC_Init</STRONG> (Thumb, 74 bytes, Stack size 12 bytes, stm32f4xx_adc.o(i.ADC_Init))
<BR><BR>[Stack]<UL><LI>Max Depth = 12<LI>Call Chain = ADC_Init
</UL>
<BR>[Called By]<UL><LI><a href="#[6f]">&gt;&gt;</a>&nbsp;&nbsp;&nbsp;ADC_Configure
</UL>

<P><STRONG><a name="[76]"></a>ADC_RegularChannelConfig</STRONG> (Thumb, 184 bytes, Stack size 20 bytes, stm32f4xx_adc.o(i.ADC_RegularChannelConfig))
<BR><BR>[Stack]<UL><LI>Max Depth = 20<LI>Call Chain = ADC_RegularChannelConfig
</UL>
<BR>[Called By]<UL><LI><a href="#[6f]">&gt;&gt;</a>&nbsp;&nbsp;&nbsp;ADC_Configure
</UL>

<P><STRONG><a name="[e3]"></a>ADC_SoftwareStartConv</STRONG> (Thumb, 10 bytes, Stack size 0 bytes, stm32f4xx_adc.o(i.ADC_SoftwareStartConv))
<BR><BR>[Called By]<UL><LI><a href="#[e1]">&gt;&gt;</a>&nbsp;&nbsp;&nbsp;Get_ADC_Value
</UL>

<P><STRONG><a name="[b8]"></a>Abnormal_data</STRONG> (Thumb, 142 bytes, Stack size 16 bytes, can_user.o(i.Abnormal_data))
<BR><BR>[Stack]<UL><LI>Max Depth = 16<LI>Call Chain = Abnormal_data
</UL>
<BR>[Called By]<UL><LI><a href="#[b4]">&gt;&gt;</a>&nbsp;&nbsp;&nbsp;Can_WifiRx_Check
</UL>

<P><STRONG><a name="[78]"></a>BH1750_Configure</STRONG> (Thumb, 20 bytes, Stack size 8 bytes, bh1750.o(i.BH1750_Configure))
<BR><BR>[Stack]<UL><LI>Max Depth = 76<LI>Call Chain = BH1750_Configure &rArr; Single_Write_BH1750 &rArr; BH1750_SendByte &rArr; BH1750_RecvACK &rArr; SDA_IN &rArr; GPIO_Init
</UL>
<BR>[Calls]<UL><LI><a href="#[7a]">&gt;&gt;</a>&nbsp;&nbsp;&nbsp;Single_Write_BH1750
<LI><a href="#[79]">&gt;&gt;</a>&nbsp;&nbsp;&nbsp;BH1750_PortInit
</UL>
<BR>[Called By]<UL><LI><a href="#[f4]">&gt;&gt;</a>&nbsp;&nbsp;&nbsp;Hardware_Init
</UL>

<P><STRONG><a name="[79]"></a>BH1750_PortInit</STRONG> (Thumb, 74 bytes, Stack size 16 bytes, bh1750.o(i.BH1750_PortInit))
<BR><BR>[Stack]<UL><LI>Max Depth = 36<LI>Call Chain = BH1750_PortInit &rArr; GPIO_Init
</UL>
<BR>[Calls]<UL><LI><a href="#[70]">&gt;&gt;</a>&nbsp;&nbsp;&nbsp;RCC_AHB1PeriphClockCmd
<LI><a href="#[72]">&gt;&gt;</a>&nbsp;&nbsp;&nbsp;GPIO_Init
</UL>
<BR>[Called By]<UL><LI><a href="#[78]">&gt;&gt;</a>&nbsp;&nbsp;&nbsp;BH1750_Configure
</UL>

<P><STRONG><a name="[7b]"></a>BH1750_RecvACK</STRONG> (Thumb, 42 bytes, Stack size 8 bytes, bh1750.o(i.BH1750_RecvACK))
<BR><BR>[Stack]<UL><LI>Max Depth = 44<LI>Call Chain = BH1750_RecvACK &rArr; SDA_IN &rArr; GPIO_Init
</UL>
<BR>[Calls]<UL><LI><a href="#[7d]">&gt;&gt;</a>&nbsp;&nbsp;&nbsp;delay_us
<LI><a href="#[7c]">&gt;&gt;</a>&nbsp;&nbsp;&nbsp;SDA_IN
</UL>
<BR>[Called By]<UL><LI><a href="#[81]">&gt;&gt;</a>&nbsp;&nbsp;&nbsp;BH1750_SendByte
</UL>

<P><STRONG><a name="[7e]"></a>BH1750_RecvByte</STRONG> (Thumb, 74 bytes, Stack size 16 bytes, bh1750.o(i.BH1750_RecvByte))
<BR><BR>[Stack]<UL><LI>Max Depth = 52<LI>Call Chain = BH1750_RecvByte &rArr; SDA_IN &rArr; GPIO_Init
</UL>
<BR>[Calls]<UL><LI><a href="#[7d]">&gt;&gt;</a>&nbsp;&nbsp;&nbsp;delay_us
<LI><a href="#[7c]">&gt;&gt;</a>&nbsp;&nbsp;&nbsp;SDA_IN
</UL>
<BR>[Called By]<UL><LI><a href="#[e7]">&gt;&gt;</a>&nbsp;&nbsp;&nbsp;Multiple_Read_BH1750
</UL>

<P><STRONG><a name="[7f]"></a>BH1750_SendACK</STRONG> (Thumb, 54 bytes, Stack size 8 bytes, bh1750.o(i.BH1750_SendACK))
<BR><BR>[Stack]<UL><LI>Max Depth = 44<LI>Call Chain = BH1750_SendACK &rArr; SDA_OUT &rArr; GPIO_Init
</UL>
<BR>[Calls]<UL><LI><a href="#[7d]">&gt;&gt;</a>&nbsp;&nbsp;&nbsp;delay_us
<LI><a href="#[80]">&gt;&gt;</a>&nbsp;&nbsp;&nbsp;SDA_OUT
</UL>
<BR>[Called By]<UL><LI><a href="#[e7]">&gt;&gt;</a>&nbsp;&nbsp;&nbsp;Multiple_Read_BH1750
</UL>

<P><STRONG><a name="[81]"></a>BH1750_SendByte</STRONG> (Thumb, 78 bytes, Stack size 16 bytes, bh1750.o(i.BH1750_SendByte))
<BR><BR>[Stack]<UL><LI>Max Depth = 60<LI>Call Chain = BH1750_SendByte &rArr; BH1750_RecvACK &rArr; SDA_IN &rArr; GPIO_Init
</UL>
<BR>[Calls]<UL><LI><a href="#[7d]">&gt;&gt;</a>&nbsp;&nbsp;&nbsp;delay_us
<LI><a href="#[80]">&gt;&gt;</a>&nbsp;&nbsp;&nbsp;SDA_OUT
<LI><a href="#[7b]">&gt;&gt;</a>&nbsp;&nbsp;&nbsp;BH1750_RecvACK
</UL>
<BR>[Called By]<UL><LI><a href="#[7a]">&gt;&gt;</a>&nbsp;&nbsp;&nbsp;Single_Write_BH1750
<LI><a href="#[e7]">&gt;&gt;</a>&nbsp;&nbsp;&nbsp;Multiple_Read_BH1750
</UL>

<P><STRONG><a name="[82]"></a>BH1750_Start</STRONG> (Thumb, 46 bytes, Stack size 8 bytes, bh1750.o(i.BH1750_Start))
<BR><BR>[Stack]<UL><LI>Max Depth = 44<LI>Call Chain = BH1750_Start &rArr; SDA_OUT &rArr; GPIO_Init
</UL>
<BR>[Calls]<UL><LI><a href="#[7d]">&gt;&gt;</a>&nbsp;&nbsp;&nbsp;delay_us
<LI><a href="#[80]">&gt;&gt;</a>&nbsp;&nbsp;&nbsp;SDA_OUT
</UL>
<BR>[Called By]<UL><LI><a href="#[7a]">&gt;&gt;</a>&nbsp;&nbsp;&nbsp;Single_Write_BH1750
<LI><a href="#[e7]">&gt;&gt;</a>&nbsp;&nbsp;&nbsp;Multiple_Read_BH1750
</UL>

<P><STRONG><a name="[83]"></a>BH1750_Stop</STRONG> (Thumb, 40 bytes, Stack size 8 bytes, bh1750.o(i.BH1750_Stop))
<BR><BR>[Stack]<UL><LI>Max Depth = 44<LI>Call Chain = BH1750_Stop &rArr; SDA_OUT &rArr; GPIO_Init
</UL>
<BR>[Calls]<UL><LI><a href="#[7d]">&gt;&gt;</a>&nbsp;&nbsp;&nbsp;delay_us
<LI><a href="#[80]">&gt;&gt;</a>&nbsp;&nbsp;&nbsp;SDA_OUT
</UL>
<BR>[Called By]<UL><LI><a href="#[7a]">&gt;&gt;</a>&nbsp;&nbsp;&nbsp;Single_Write_BH1750
<LI><a href="#[e7]">&gt;&gt;</a>&nbsp;&nbsp;&nbsp;Multiple_Read_BH1750
</UL>

<P><STRONG><a name="[84]"></a>BKRC_Voice_Extern</STRONG> (Thumb, 124 bytes, Stack size 16 bytes, bkrc_voice.o(i.BKRC_Voice_Extern))
<BR><BR>[Stack]<UL><LI>Max Depth = 112<LI>Call Chain = BKRC_Voice_Extern &rArr; Voice_Drive &rArr; Car_Track &rArr; Control &rArr; Send_UpMotor &rArr; CanDrv_TxData &rArr; CAN_TransmitStatus
</UL>
<BR>[Calls]<UL><LI><a href="#[86]">&gt;&gt;</a>&nbsp;&nbsp;&nbsp;delay_ms
<LI><a href="#[88]">&gt;&gt;</a>&nbsp;&nbsp;&nbsp;YY_Comm_Zigbee
<LI><a href="#[87]">&gt;&gt;</a>&nbsp;&nbsp;&nbsp;Voice_Drive
<LI><a href="#[85]">&gt;&gt;</a>&nbsp;&nbsp;&nbsp;USART6_Send_Length
</UL>
<BR>[Called By]<UL><LI><a href="#[d0]">&gt;&gt;</a>&nbsp;&nbsp;&nbsp;Car_Thread
</UL>

<P><STRONG><a name="[89]"></a>BKRC_Voice_Init</STRONG> (Thumb, 8 bytes, Stack size 8 bytes, bkrc_voice.o(i.BKRC_Voice_Init))
<BR><BR>[Stack]<UL><LI>Max Depth = 108<LI>Call Chain = BKRC_Voice_Init &rArr; USART6_Hardware_Init &rArr; USART_Init &rArr; RCC_GetClocksFreq
</UL>
<BR>[Calls]<UL><LI><a href="#[8a]">&gt;&gt;</a>&nbsp;&nbsp;&nbsp;USART6_Hardware_Init
</UL>
<BR>[Called By]<UL><LI><a href="#[f4]">&gt;&gt;</a>&nbsp;&nbsp;&nbsp;Hardware_Init
</UL>

<P><STRONG><a name="[8b]"></a>CAN_DeInit</STRONG> (Thumb, 50 bytes, Stack size 8 bytes, stm32f4xx_can.o(i.CAN_DeInit))
<BR><BR>[Stack]<UL><LI>Max Depth = 8<LI>Call Chain = CAN_DeInit
</UL>
<BR>[Calls]<UL><LI><a href="#[8c]">&gt;&gt;</a>&nbsp;&nbsp;&nbsp;RCC_APB1PeriphResetCmd
</UL>
<BR>[Called By]<UL><LI><a href="#[ec]">&gt;&gt;</a>&nbsp;&nbsp;&nbsp;Hard_Can_Init
</UL>

<P><STRONG><a name="[93]"></a>CAN_FilterInit</STRONG> (Thumb, 258 bytes, Stack size 8 bytes, stm32f4xx_can.o(i.CAN_FilterInit))
<BR><BR>[Stack]<UL><LI>Max Depth = 8<LI>Call Chain = CAN_FilterInit
</UL>
<BR>[Called By]<UL><LI><a href="#[ec]">&gt;&gt;</a>&nbsp;&nbsp;&nbsp;Hard_Can_Init
<LI><a href="#[92]">&gt;&gt;</a>&nbsp;&nbsp;&nbsp;CanDrv_FiterUpdata
</UL>

<P><STRONG><a name="[f0]"></a>CAN_ITConfig</STRONG> (Thumb, 18 bytes, Stack size 0 bytes, stm32f4xx_can.o(i.CAN_ITConfig))
<BR><BR>[Called By]<UL><LI><a href="#[ec]">&gt;&gt;</a>&nbsp;&nbsp;&nbsp;Hard_Can_Init
</UL>

<P><STRONG><a name="[ef]"></a>CAN_Init</STRONG> (Thumb, 276 bytes, Stack size 12 bytes, stm32f4xx_can.o(i.CAN_Init))
<BR><BR>[Stack]<UL><LI>Max Depth = 12<LI>Call Chain = CAN_Init
</UL>
<BR>[Called By]<UL><LI><a href="#[ec]">&gt;&gt;</a>&nbsp;&nbsp;&nbsp;Hard_Can_Init
</UL>

<P><STRONG><a name="[97]"></a>CAN_MessagePending</STRONG> (Thumb, 30 bytes, Stack size 0 bytes, stm32f4xx_can.o(i.CAN_MessagePending))
<BR><BR>[Called By]<UL><LI><a href="#[98]">&gt;&gt;</a>&nbsp;&nbsp;&nbsp;CanDrv_RxGetMeesage
<LI><a href="#[96]">&gt;&gt;</a>&nbsp;&nbsp;&nbsp;CanDrv_RxCheck
</UL>

<P><STRONG><a name="[99]"></a>CAN_Receive</STRONG> (Thumb, 240 bytes, Stack size 8 bytes, stm32f4xx_can.o(i.CAN_Receive))
<BR><BR>[Stack]<UL><LI>Max Depth = 8<LI>Call Chain = CAN_Receive
</UL>
<BR>[Called By]<UL><LI><a href="#[98]">&gt;&gt;</a>&nbsp;&nbsp;&nbsp;CanDrv_RxGetMeesage
</UL>

<P><STRONG><a name="[9c]"></a>CAN_Transmit</STRONG> (Thumb, 294 bytes, Stack size 8 bytes, stm32f4xx_can.o(i.CAN_Transmit))
<BR><BR>[Stack]<UL><LI>Max Depth = 8<LI>Call Chain = CAN_Transmit
</UL>
<BR>[Called By]<UL><LI><a href="#[9a]">&gt;&gt;</a>&nbsp;&nbsp;&nbsp;CanDrv_TxData
</UL>

<P><STRONG><a name="[9d]"></a>CAN_TransmitStatus</STRONG> (Thumb, 138 bytes, Stack size 8 bytes, stm32f4xx_can.o(i.CAN_TransmitStatus))
<BR><BR>[Stack]<UL><LI>Max Depth = 8<LI>Call Chain = CAN_TransmitStatus
</UL>
<BR>[Called By]<UL><LI><a href="#[9a]">&gt;&gt;</a>&nbsp;&nbsp;&nbsp;CanDrv_TxData
</UL>

<P><STRONG><a name="[8d]"></a>CalulateCRC</STRONG> (Thumb, 110 bytes, Stack size 24 bytes, rc522.o(i.CalulateCRC))
<BR><BR>[Stack]<UL><LI>Max Depth = 96<LI>Call Chain = CalulateCRC &rArr; SetBitMask &rArr; WriteRawRC &rArr; WriteRawRC_HDL &rArr; Rece_data
</UL>
<BR>[Calls]<UL><LI><a href="#[8f]">&gt;&gt;</a>&nbsp;&nbsp;&nbsp;WriteRawRC
<LI><a href="#[90]">&gt;&gt;</a>&nbsp;&nbsp;&nbsp;SetBitMask
<LI><a href="#[91]">&gt;&gt;</a>&nbsp;&nbsp;&nbsp;ReadRawRC
<LI><a href="#[8e]">&gt;&gt;</a>&nbsp;&nbsp;&nbsp;ClearBitMask
</UL>
<BR>[Called By]<UL><LI><a href="#[10d]">&gt;&gt;</a>&nbsp;&nbsp;&nbsp;PcdWrite
<LI><a href="#[10c]">&gt;&gt;</a>&nbsp;&nbsp;&nbsp;PcdSelect
<LI><a href="#[109]">&gt;&gt;</a>&nbsp;&nbsp;&nbsp;PcdRead
</UL>

<P><STRONG><a name="[92]"></a>CanDrv_FiterUpdata</STRONG> (Thumb, 616 bytes, Stack size 48 bytes, can_drv.o(i.CanDrv_FiterUpdata))
<BR><BR>[Stack]<UL><LI>Max Depth = 56<LI>Call Chain = CanDrv_FiterUpdata &rArr; CAN_FilterInit
</UL>
<BR>[Calls]<UL><LI><a href="#[93]">&gt;&gt;</a>&nbsp;&nbsp;&nbsp;CAN_FilterInit
<LI><a href="#[95]">&gt;&gt;</a>&nbsp;&nbsp;&nbsp;CanDrv_Fiter_Create32bit
<LI><a href="#[94]">&gt;&gt;</a>&nbsp;&nbsp;&nbsp;CanDrv_Fiter_Create16bit
</UL>
<BR>[Called By]<UL><LI><a href="#[b2]">&gt;&gt;</a>&nbsp;&nbsp;&nbsp;CanP_Init
</UL>

<P><STRONG><a name="[96]"></a>CanDrv_RxCheck</STRONG> (Thumb, 12 bytes, Stack size 8 bytes, can_drv.o(i.CanDrv_RxCheck))
<BR><BR>[Stack]<UL><LI>Max Depth = 8<LI>Call Chain = CanDrv_RxCheck
</UL>
<BR>[Calls]<UL><LI><a href="#[97]">&gt;&gt;</a>&nbsp;&nbsp;&nbsp;CAN_MessagePending
</UL>
<BR>[Called By]<UL><LI><a href="#[9e]">&gt;&gt;</a>&nbsp;&nbsp;&nbsp;CanP_CanRx_Check
</UL>

<P><STRONG><a name="[98]"></a>CanDrv_RxGetMeesage</STRONG> (Thumb, 34 bytes, Stack size 16 bytes, can_drv.o(i.CanDrv_RxGetMeesage))
<BR><BR>[Stack]<UL><LI>Max Depth = 24<LI>Call Chain = CanDrv_RxGetMeesage &rArr; CAN_Receive
</UL>
<BR>[Calls]<UL><LI><a href="#[99]">&gt;&gt;</a>&nbsp;&nbsp;&nbsp;CAN_Receive
<LI><a href="#[97]">&gt;&gt;</a>&nbsp;&nbsp;&nbsp;CAN_MessagePending
</UL>
<BR>[Called By]<UL><LI><a href="#[9f]">&gt;&gt;</a>&nbsp;&nbsp;&nbsp;CanP_CanRx_Irq
</UL>

<P><STRONG><a name="[9a]"></a>CanDrv_TxData</STRONG> (Thumb, 106 bytes, Stack size 32 bytes, can_drv.o(i.CanDrv_TxData))
<BR><BR>[Stack]<UL><LI>Max Depth = 40<LI>Call Chain = CanDrv_TxData &rArr; CAN_TransmitStatus
</UL>
<BR>[Calls]<UL><LI><a href="#[9d]">&gt;&gt;</a>&nbsp;&nbsp;&nbsp;CAN_TransmitStatus
<LI><a href="#[9c]">&gt;&gt;</a>&nbsp;&nbsp;&nbsp;CAN_Transmit
<LI><a href="#[9b]">&gt;&gt;</a>&nbsp;&nbsp;&nbsp;__aeabi_memcpy
</UL>
<BR>[Called By]<UL><LI><a href="#[b9]">&gt;&gt;</a>&nbsp;&nbsp;&nbsp;Send_UpMotor
<LI><a href="#[a6]">&gt;&gt;</a>&nbsp;&nbsp;&nbsp;CanP_Cmd_Send
<LI><a href="#[a3]">&gt;&gt;</a>&nbsp;&nbsp;&nbsp;CanP_CanTx_Check_fIrq
</UL>

<P><STRONG><a name="[a4]"></a>CanDrv_TxEmptyCheck</STRONG> (Thumb, 18 bytes, Stack size 0 bytes, can_drv.o(i.CanDrv_TxEmptyCheck))
<BR><BR>[Called By]<UL><LI><a href="#[b9]">&gt;&gt;</a>&nbsp;&nbsp;&nbsp;Send_UpMotor
<LI><a href="#[a3]">&gt;&gt;</a>&nbsp;&nbsp;&nbsp;CanP_CanTx_Check_fIrq
</UL>

<P><STRONG><a name="[9e]"></a>CanP_CanRx_Check</STRONG> (Thumb, 18 bytes, Stack size 8 bytes, canp_hostcom.o(i.CanP_CanRx_Check))
<BR><BR>[Stack]<UL><LI>Max Depth = 64<LI>Call Chain = CanP_CanRx_Check &rArr; CanP_CanRx_Irq &rArr; FifoDrv_BufWrite &rArr; FifoDrv_WriteOne &rArr; FifoDrv_CheckWriteEn
</UL>
<BR>[Calls]<UL><LI><a href="#[9f]">&gt;&gt;</a>&nbsp;&nbsp;&nbsp;CanP_CanRx_Irq
<LI><a href="#[96]">&gt;&gt;</a>&nbsp;&nbsp;&nbsp;CanDrv_RxCheck
</UL>
<BR>[Called By]<UL><LI><a href="#[ac]">&gt;&gt;</a>&nbsp;&nbsp;&nbsp;CanP_Host_Main
</UL>

<P><STRONG><a name="[9f]"></a>CanP_CanRx_Irq</STRONG> (Thumb, 146 bytes, Stack size 8 bytes, canp_hostcom.o(i.CanP_CanRx_Irq))
<BR><BR>[Stack]<UL><LI>Max Depth = 56<LI>Call Chain = CanP_CanRx_Irq &rArr; FifoDrv_BufWrite &rArr; FifoDrv_WriteOne &rArr; FifoDrv_CheckWriteEn
</UL>
<BR>[Calls]<UL><LI><a href="#[a0]">&gt;&gt;</a>&nbsp;&nbsp;&nbsp;FifoDrv_BufWrite
<LI><a href="#[98]">&gt;&gt;</a>&nbsp;&nbsp;&nbsp;CanDrv_RxGetMeesage
</UL>
<BR>[Called By]<UL><LI><a href="#[9e]">&gt;&gt;</a>&nbsp;&nbsp;&nbsp;CanP_CanRx_Check
</UL>

<P><STRONG><a name="[a1]"></a>CanP_CanRx_TrackUp</STRONG> (Thumb, 14 bytes, Stack size 4 bytes, canp_hostcom.o(i.CanP_CanRx_TrackUp))
<BR><BR>[Stack]<UL><LI>Max Depth = 4<LI>Call Chain = CanP_CanRx_TrackUp
</UL>
<BR>[Calls]<UL><LI><a href="#[a2]">&gt;&gt;</a>&nbsp;&nbsp;&nbsp;Host_Receive_UpTrack
</UL>
<BR>[Called By]<UL><LI><a href="#[ac]">&gt;&gt;</a>&nbsp;&nbsp;&nbsp;CanP_Host_Main
</UL>

<P><STRONG><a name="[a3]"></a>CanP_CanTx_Check_fIrq</STRONG> (Thumb, 204 bytes, Stack size 24 bytes, canp_hostcom.o(i.CanP_CanTx_Check_fIrq))
<BR><BR>[Stack]<UL><LI>Max Depth = 88<LI>Call Chain = CanP_CanTx_Check_fIrq &rArr; CanP_Cmd_Send &rArr; CanDrv_TxData &rArr; CAN_TransmitStatus
</UL>
<BR>[Calls]<UL><LI><a href="#[a7]">&gt;&gt;</a>&nbsp;&nbsp;&nbsp;FifoDrv_BufRead
<LI><a href="#[a6]">&gt;&gt;</a>&nbsp;&nbsp;&nbsp;CanP_Cmd_Send
<LI><a href="#[a5]">&gt;&gt;</a>&nbsp;&nbsp;&nbsp;CanP_Cmd_Check
<LI><a href="#[a4]">&gt;&gt;</a>&nbsp;&nbsp;&nbsp;CanDrv_TxEmptyCheck
<LI><a href="#[9a]">&gt;&gt;</a>&nbsp;&nbsp;&nbsp;CanDrv_TxData
</UL>
<BR>[Called By]<UL><LI><a href="#[ca]">&gt;&gt;</a>&nbsp;&nbsp;&nbsp;Canuser_main
</UL>

<P><STRONG><a name="[a5]"></a>CanP_Cmd_Check</STRONG> (Thumb, 36 bytes, Stack size 0 bytes, canp_hostcom.o(i.CanP_Cmd_Check))
<BR><BR>[Called By]<UL><LI><a href="#[a3]">&gt;&gt;</a>&nbsp;&nbsp;&nbsp;CanP_CanTx_Check_fIrq
</UL>

<P><STRONG><a name="[b3]"></a>CanP_Cmd_Init</STRONG> (Thumb, 26 bytes, Stack size 0 bytes, canp_hostcom.o(i.CanP_Cmd_Init))
<BR><BR>[Called By]<UL><LI><a href="#[b2]">&gt;&gt;</a>&nbsp;&nbsp;&nbsp;CanP_Init
</UL>

<P><STRONG><a name="[a6]"></a>CanP_Cmd_Send</STRONG> (Thumb, 66 bytes, Stack size 24 bytes, canp_hostcom.o(i.CanP_Cmd_Send))
<BR><BR>[Stack]<UL><LI>Max Depth = 64<LI>Call Chain = CanP_Cmd_Send &rArr; CanDrv_TxData &rArr; CAN_TransmitStatus
</UL>
<BR>[Calls]<UL><LI><a href="#[9a]">&gt;&gt;</a>&nbsp;&nbsp;&nbsp;CanDrv_TxData
</UL>
<BR>[Called By]<UL><LI><a href="#[a3]">&gt;&gt;</a>&nbsp;&nbsp;&nbsp;CanP_CanTx_Check_fIrq
</UL>

<P><STRONG><a name="[a8]"></a>CanP_Cmd_Write</STRONG> (Thumb, 78 bytes, Stack size 24 bytes, canp_hostcom.o(i.CanP_Cmd_Write))
<BR><BR>[Stack]<UL><LI>Max Depth = 24<LI>Call Chain = CanP_Cmd_Write
</UL>
<BR>[Calls]<UL><LI><a href="#[9b]">&gt;&gt;</a>&nbsp;&nbsp;&nbsp;__aeabi_memcpy
</UL>
<BR>[Called By]<UL><LI><a href="#[b9]">&gt;&gt;</a>&nbsp;&nbsp;&nbsp;Send_UpMotor
<LI><a href="#[111]">&gt;&gt;</a>&nbsp;&nbsp;&nbsp;Send_Electric
</UL>

<P><STRONG><a name="[a9]"></a>CanP_FifoInit</STRONG> (Thumb, 54 bytes, Stack size 8 bytes, canp_hostcom.o(i.CanP_FifoInit))
<BR><BR>[Stack]<UL><LI>Max Depth = 40<LI>Call Chain = CanP_FifoInit &rArr; CanP_FifoInitS &rArr; FifoDrv_Init
</UL>
<BR>[Calls]<UL><LI><a href="#[aa]">&gt;&gt;</a>&nbsp;&nbsp;&nbsp;CanP_FifoInitS
</UL>
<BR>[Called By]<UL><LI><a href="#[b2]">&gt;&gt;</a>&nbsp;&nbsp;&nbsp;CanP_Init
</UL>

<P><STRONG><a name="[aa]"></a>CanP_FifoInitS</STRONG> (Thumb, 22 bytes, Stack size 16 bytes, canp_hostcom.o(i.CanP_FifoInitS))
<BR><BR>[Stack]<UL><LI>Max Depth = 32<LI>Call Chain = CanP_FifoInitS &rArr; FifoDrv_Init
</UL>
<BR>[Calls]<UL><LI><a href="#[ab]">&gt;&gt;</a>&nbsp;&nbsp;&nbsp;FifoDrv_Init
</UL>
<BR>[Called By]<UL><LI><a href="#[a9]">&gt;&gt;</a>&nbsp;&nbsp;&nbsp;CanP_FifoInit
</UL>

<P><STRONG><a name="[ac]"></a>CanP_Host_Main</STRONG> (Thumb, 228 bytes, Stack size 16 bytes, canp_hostcom.o(i.CanP_Host_Main))
<BR><BR>[Stack]<UL><LI>Max Depth = 80<LI>Call Chain = CanP_Host_Main &rArr; CanP_CanRx_Check &rArr; CanP_CanRx_Irq &rArr; FifoDrv_BufWrite &rArr; FifoDrv_WriteOne &rArr; FifoDrv_CheckWriteEn
</UL>
<BR>[Calls]<UL><LI><a href="#[ad]">&gt;&gt;</a>&nbsp;&nbsp;&nbsp;FifoDrv_ReadOne
<LI><a href="#[af]">&gt;&gt;</a>&nbsp;&nbsp;&nbsp;Can_ZigBeeRx_Save
<LI><a href="#[ae]">&gt;&gt;</a>&nbsp;&nbsp;&nbsp;Can_WifiRx_Save
<LI><a href="#[a1]">&gt;&gt;</a>&nbsp;&nbsp;&nbsp;CanP_CanRx_TrackUp
<LI><a href="#[9e]">&gt;&gt;</a>&nbsp;&nbsp;&nbsp;CanP_CanRx_Check
<LI><a href="#[b0]">&gt;&gt;</a>&nbsp;&nbsp;&nbsp;U8ToU16_Big
<LI><a href="#[b1]">&gt;&gt;</a>&nbsp;&nbsp;&nbsp;U8ToU16
</UL>
<BR>[Called By]<UL><LI><a href="#[ca]">&gt;&gt;</a>&nbsp;&nbsp;&nbsp;Canuser_main
</UL>

<P><STRONG><a name="[b2]"></a>CanP_Init</STRONG> (Thumb, 30 bytes, Stack size 8 bytes, canp_hostcom.o(i.CanP_Init))
<BR><BR>[Stack]<UL><LI>Max Depth = 64<LI>Call Chain = CanP_Init &rArr; CanDrv_FiterUpdata &rArr; CAN_FilterInit
</UL>
<BR>[Calls]<UL><LI><a href="#[a9]">&gt;&gt;</a>&nbsp;&nbsp;&nbsp;CanP_FifoInit
<LI><a href="#[b3]">&gt;&gt;</a>&nbsp;&nbsp;&nbsp;CanP_Cmd_Init
<LI><a href="#[92]">&gt;&gt;</a>&nbsp;&nbsp;&nbsp;CanDrv_FiterUpdata
</UL>
<BR>[Called By]<UL><LI><a href="#[ec]">&gt;&gt;</a>&nbsp;&nbsp;&nbsp;Hard_Can_Init
</UL>

<P><STRONG><a name="[b4]"></a>Can_WifiRx_Check</STRONG> (Thumb, 1208 bytes, Stack size 8 bytes, can_user.o(i.Can_WifiRx_Check))
<BR><BR>[Stack]<UL><LI>Max Depth = 88<LI>Call Chain = Can_WifiRx_Check &rArr; Control &rArr; Send_UpMotor &rArr; CanDrv_TxData &rArr; CAN_TransmitStatus
</UL>
<BR>[Calls]<UL><LI><a href="#[bf]">&gt;&gt;</a>&nbsp;&nbsp;&nbsp;Set_tba_WheelLED
<LI><a href="#[c0]">&gt;&gt;</a>&nbsp;&nbsp;&nbsp;Set_tba_Beep
<LI><a href="#[b5]">&gt;&gt;</a>&nbsp;&nbsp;&nbsp;gt_get_sub
<LI><a href="#[b6]">&gt;&gt;</a>&nbsp;&nbsp;&nbsp;Send_ZigbeeData_To_Fifo
<LI><a href="#[b9]">&gt;&gt;</a>&nbsp;&nbsp;&nbsp;Send_UpMotor
<LI><a href="#[be]">&gt;&gt;</a>&nbsp;&nbsp;&nbsp;Infrared_Send
<LI><a href="#[c1]">&gt;&gt;</a>&nbsp;&nbsp;&nbsp;Yang_ArrToStr
<LI><a href="#[bb]">&gt;&gt;</a>&nbsp;&nbsp;&nbsp;Roadway_mp_syn
<LI><a href="#[ba]">&gt;&gt;</a>&nbsp;&nbsp;&nbsp;Roadway_Flag_clean
<LI><a href="#[bc]">&gt;&gt;</a>&nbsp;&nbsp;&nbsp;Control
<LI><a href="#[bd]">&gt;&gt;</a>&nbsp;&nbsp;&nbsp;Roadway_nav_syn
<LI><a href="#[b7]">&gt;&gt;</a>&nbsp;&nbsp;&nbsp;Normal_data
<LI><a href="#[b8]">&gt;&gt;</a>&nbsp;&nbsp;&nbsp;Abnormal_data
</UL>
<BR>[Called By]<UL><LI><a href="#[5c]">&gt;&gt;</a>&nbsp;&nbsp;&nbsp;main
</UL>

<P><STRONG><a name="[ae]"></a>Can_WifiRx_Save</STRONG> (Thumb, 66 bytes, Stack size 8 bytes, can_user.o(i.Can_WifiRx_Save))
<BR><BR>[Stack]<UL><LI>Max Depth = 8<LI>Call Chain = Can_WifiRx_Save
</UL>
<BR>[Calls]<UL><LI><a href="#[c2]">&gt;&gt;</a>&nbsp;&nbsp;&nbsp;gt_get
</UL>
<BR>[Called By]<UL><LI><a href="#[ac]">&gt;&gt;</a>&nbsp;&nbsp;&nbsp;CanP_Host_Main
</UL>

<P><STRONG><a name="[c3]"></a>Can_ZigBeeRx_Check</STRONG> (Thumb, 298 bytes, Stack size 8 bytes, can_user.o(i.Can_ZigBeeRx_Check))
<BR><BR>[Stack]<UL><LI>Max Depth = 24<LI>Call Chain = Can_ZigBeeRx_Check &rArr; Set_tba_WheelLED
</UL>
<BR>[Calls]<UL><LI><a href="#[bf]">&gt;&gt;</a>&nbsp;&nbsp;&nbsp;Set_tba_WheelLED
<LI><a href="#[b5]">&gt;&gt;</a>&nbsp;&nbsp;&nbsp;gt_get_sub
</UL>
<BR>[Called By]<UL><LI><a href="#[5c]">&gt;&gt;</a>&nbsp;&nbsp;&nbsp;main
</UL>

<P><STRONG><a name="[af]"></a>Can_ZigBeeRx_Save</STRONG> (Thumb, 66 bytes, Stack size 8 bytes, can_user.o(i.Can_ZigBeeRx_Save))
<BR><BR>[Stack]<UL><LI>Max Depth = 8<LI>Call Chain = Can_ZigBeeRx_Save
</UL>
<BR>[Calls]<UL><LI><a href="#[c2]">&gt;&gt;</a>&nbsp;&nbsp;&nbsp;gt_get
</UL>
<BR>[Called By]<UL><LI><a href="#[ac]">&gt;&gt;</a>&nbsp;&nbsp;&nbsp;CanP_Host_Main
</UL>

<P><STRONG><a name="[c4]"></a>Can_check_Init</STRONG> (Thumb, 92 bytes, Stack size 32 bytes, can_check.o(i.Can_check_Init))
<BR><BR>[Stack]<UL><LI>Max Depth = 48<LI>Call Chain = Can_check_Init &rArr; NVIC_Init
</UL>
<BR>[Calls]<UL><LI><a href="#[c6]">&gt;&gt;</a>&nbsp;&nbsp;&nbsp;TIM_TimeBaseInit
<LI><a href="#[c8]">&gt;&gt;</a>&nbsp;&nbsp;&nbsp;TIM_ITConfig
<LI><a href="#[c9]">&gt;&gt;</a>&nbsp;&nbsp;&nbsp;TIM_Cmd
<LI><a href="#[c5]">&gt;&gt;</a>&nbsp;&nbsp;&nbsp;RCC_APB1PeriphClockCmd
<LI><a href="#[c7]">&gt;&gt;</a>&nbsp;&nbsp;&nbsp;NVIC_Init
</UL>
<BR>[Called By]<UL><LI><a href="#[f4]">&gt;&gt;</a>&nbsp;&nbsp;&nbsp;Hardware_Init
</UL>

<P><STRONG><a name="[ca]"></a>Canuser_main</STRONG> (Thumb, 12 bytes, Stack size 8 bytes, can_user.o(i.Canuser_main))
<BR><BR>[Stack]<UL><LI>Max Depth = 96<LI>Call Chain = Canuser_main &rArr; CanP_CanTx_Check_fIrq &rArr; CanP_Cmd_Send &rArr; CanDrv_TxData &rArr; CAN_TransmitStatus
</UL>
<BR>[Calls]<UL><LI><a href="#[ac]">&gt;&gt;</a>&nbsp;&nbsp;&nbsp;CanP_Host_Main
<LI><a href="#[a3]">&gt;&gt;</a>&nbsp;&nbsp;&nbsp;CanP_CanTx_Check_fIrq
</UL>
<BR>[Called By]<UL><LI><a href="#[f3]">&gt;&gt;</a>&nbsp;&nbsp;&nbsp;Hard_Can_While
</UL>

<P><STRONG><a name="[cb]"></a>Car_Back</STRONG> (Thumb, 78 bytes, Stack size 16 bytes, drive.o(i.Car_Back))
<BR><BR>[Stack]<UL><LI>Max Depth = 96<LI>Call Chain = Car_Back &rArr; Control &rArr; Send_UpMotor &rArr; CanDrv_TxData &rArr; CAN_TransmitStatus
</UL>
<BR>[Calls]<UL><LI><a href="#[bb]">&gt;&gt;</a>&nbsp;&nbsp;&nbsp;Roadway_mp_syn
<LI><a href="#[bc]">&gt;&gt;</a>&nbsp;&nbsp;&nbsp;Control
</UL>
<BR>[Called By]<UL><LI><a href="#[d4]">&gt;&gt;</a>&nbsp;&nbsp;&nbsp;ETC_Get_Zigbee
<LI><a href="#[d0]">&gt;&gt;</a>&nbsp;&nbsp;&nbsp;Car_Thread
</UL>

<P><STRONG><a name="[cc]"></a>Car_Go</STRONG> (Thumb, 72 bytes, Stack size 16 bytes, drive.o(i.Car_Go))
<BR><BR>[Stack]<UL><LI>Max Depth = 96<LI>Call Chain = Car_Go &rArr; Control &rArr; Send_UpMotor &rArr; CanDrv_TxData &rArr; CAN_TransmitStatus
</UL>
<BR>[Calls]<UL><LI><a href="#[bb]">&gt;&gt;</a>&nbsp;&nbsp;&nbsp;Roadway_mp_syn
<LI><a href="#[bc]">&gt;&gt;</a>&nbsp;&nbsp;&nbsp;Control
</UL>
<BR>[Called By]<UL><LI><a href="#[d4]">&gt;&gt;</a>&nbsp;&nbsp;&nbsp;ETC_Get_Zigbee
<LI><a href="#[d0]">&gt;&gt;</a>&nbsp;&nbsp;&nbsp;Car_Thread
</UL>

<P><STRONG><a name="[cd]"></a>Car_Left</STRONG> (Thumb, 76 bytes, Stack size 8 bytes, drive.o(i.Car_Left))
<BR><BR>[Stack]<UL><LI>Max Depth = 88<LI>Call Chain = Car_Left &rArr; Control &rArr; Send_UpMotor &rArr; CanDrv_TxData &rArr; CAN_TransmitStatus
</UL>
<BR>[Calls]<UL><LI><a href="#[86]">&gt;&gt;</a>&nbsp;&nbsp;&nbsp;delay_ms
<LI><a href="#[bc]">&gt;&gt;</a>&nbsp;&nbsp;&nbsp;Control
</UL>
<BR>[Called By]<UL><LI><a href="#[d0]">&gt;&gt;</a>&nbsp;&nbsp;&nbsp;Car_Thread
<LI><a href="#[87]">&gt;&gt;</a>&nbsp;&nbsp;&nbsp;Voice_Drive
</UL>

<P><STRONG><a name="[ce]"></a>Car_R45</STRONG> (Thumb, 42 bytes, Stack size 16 bytes, drive.o(i.Car_R45))
<BR><BR>[Stack]<UL><LI>Max Depth = 80<LI>Call Chain = Car_R45 &rArr; Send_UpMotor &rArr; CanDrv_TxData &rArr; CAN_TransmitStatus
</UL>
<BR>[Calls]<UL><LI><a href="#[86]">&gt;&gt;</a>&nbsp;&nbsp;&nbsp;delay_ms
<LI><a href="#[b9]">&gt;&gt;</a>&nbsp;&nbsp;&nbsp;Send_UpMotor
</UL>
<BR>[Called By]<UL><LI><a href="#[d0]">&gt;&gt;</a>&nbsp;&nbsp;&nbsp;Car_Thread
</UL>

<P><STRONG><a name="[cf]"></a>Car_Right</STRONG> (Thumb, 78 bytes, Stack size 8 bytes, drive.o(i.Car_Right))
<BR><BR>[Stack]<UL><LI>Max Depth = 88<LI>Call Chain = Car_Right &rArr; Control &rArr; Send_UpMotor &rArr; CanDrv_TxData &rArr; CAN_TransmitStatus
</UL>
<BR>[Calls]<UL><LI><a href="#[86]">&gt;&gt;</a>&nbsp;&nbsp;&nbsp;delay_ms
<LI><a href="#[bc]">&gt;&gt;</a>&nbsp;&nbsp;&nbsp;Control
</UL>
<BR>[Called By]<UL><LI><a href="#[d0]">&gt;&gt;</a>&nbsp;&nbsp;&nbsp;Car_Thread
<LI><a href="#[87]">&gt;&gt;</a>&nbsp;&nbsp;&nbsp;Voice_Drive
</UL>

<P><STRONG><a name="[d0]"></a>Car_Thread</STRONG> (Thumb, 1358 bytes, Stack size 8 bytes, main.o(i.Car_Thread))
<BR><BR>[Stack]<UL><LI>Max Depth = 140<LI>Call Chain = Car_Thread &rArr; Light_Inf &rArr; Get_Bh_Value &rArr; Single_Write_BH1750 &rArr; BH1750_SendByte &rArr; BH1750_RecvACK &rArr; SDA_IN &rArr; GPIO_Init
</UL>
<BR>[Calls]<UL><LI><a href="#[b5]">&gt;&gt;</a>&nbsp;&nbsp;&nbsp;gt_get_sub
<LI><a href="#[c2]">&gt;&gt;</a>&nbsp;&nbsp;&nbsp;gt_get
<LI><a href="#[86]">&gt;&gt;</a>&nbsp;&nbsp;&nbsp;delay_ms
<LI><a href="#[d2]">&gt;&gt;</a>&nbsp;&nbsp;&nbsp;Ultrasonic_Ranging
<LI><a href="#[b6]">&gt;&gt;</a>&nbsp;&nbsp;&nbsp;Send_ZigbeeData_To_Fifo
<LI><a href="#[d5]">&gt;&gt;</a>&nbsp;&nbsp;&nbsp;Light_Inf
<LI><a href="#[d3]">&gt;&gt;</a>&nbsp;&nbsp;&nbsp;LED_Dis_Zigbee
<LI><a href="#[be]">&gt;&gt;</a>&nbsp;&nbsp;&nbsp;Infrared_Send
<LI><a href="#[d6]">&gt;&gt;</a>&nbsp;&nbsp;&nbsp;Garage_Cont_Zigbee
<LI><a href="#[d4]">&gt;&gt;</a>&nbsp;&nbsp;&nbsp;ETC_Get_Zigbee
<LI><a href="#[d1]">&gt;&gt;</a>&nbsp;&nbsp;&nbsp;Car_Track
<LI><a href="#[cf]">&gt;&gt;</a>&nbsp;&nbsp;&nbsp;Car_Right
<LI><a href="#[ce]">&gt;&gt;</a>&nbsp;&nbsp;&nbsp;Car_R45
<LI><a href="#[cd]">&gt;&gt;</a>&nbsp;&nbsp;&nbsp;Car_Left
<LI><a href="#[cc]">&gt;&gt;</a>&nbsp;&nbsp;&nbsp;Car_Go
<LI><a href="#[cb]">&gt;&gt;</a>&nbsp;&nbsp;&nbsp;Car_Back
<LI><a href="#[84]">&gt;&gt;</a>&nbsp;&nbsp;&nbsp;BKRC_Voice_Extern
</UL>
<BR>[Called By]<UL><LI><a href="#[5c]">&gt;&gt;</a>&nbsp;&nbsp;&nbsp;main
</UL>

<P><STRONG><a name="[d1]"></a>Car_Track</STRONG> (Thumb, 60 bytes, Stack size 8 bytes, drive.o(i.Car_Track))
<BR><BR>[Stack]<UL><LI>Max Depth = 88<LI>Call Chain = Car_Track &rArr; Control &rArr; Send_UpMotor &rArr; CanDrv_TxData &rArr; CAN_TransmitStatus
</UL>
<BR>[Calls]<UL><LI><a href="#[bc]">&gt;&gt;</a>&nbsp;&nbsp;&nbsp;Control
</UL>
<BR>[Called By]<UL><LI><a href="#[13a]">&gt;&gt;</a>&nbsp;&nbsp;&nbsp;Yang_Automatic_1
<LI><a href="#[d0]">&gt;&gt;</a>&nbsp;&nbsp;&nbsp;Car_Thread
<LI><a href="#[87]">&gt;&gt;</a>&nbsp;&nbsp;&nbsp;Voice_Drive
<LI><a href="#[14d]">&gt;&gt;</a>&nbsp;&nbsp;&nbsp;Yang_SpecialTerrain_1
<LI><a href="#[13d]">&gt;&gt;</a>&nbsp;&nbsp;&nbsp;Yang_Car_TrackAndGo
</UL>

<P><STRONG><a name="[d7]"></a>Cba_Init</STRONG> (Thumb, 112 bytes, Stack size 16 bytes, cba.o(i.Cba_Init))
<BR><BR>[Stack]<UL><LI>Max Depth = 36<LI>Call Chain = Cba_Init &rArr; GPIO_Init
</UL>
<BR>[Calls]<UL><LI><a href="#[70]">&gt;&gt;</a>&nbsp;&nbsp;&nbsp;RCC_AHB1PeriphClockCmd
<LI><a href="#[72]">&gt;&gt;</a>&nbsp;&nbsp;&nbsp;GPIO_Init
</UL>
<BR>[Called By]<UL><LI><a href="#[f4]">&gt;&gt;</a>&nbsp;&nbsp;&nbsp;Hardware_Init
</UL>

<P><STRONG><a name="[8e]"></a>ClearBitMask</STRONG> (Thumb, 30 bytes, Stack size 16 bytes, rc522.o(i.ClearBitMask))
<BR><BR>[Stack]<UL><LI>Max Depth = 72<LI>Call Chain = ClearBitMask &rArr; WriteRawRC &rArr; WriteRawRC_HDL &rArr; Rece_data
</UL>
<BR>[Calls]<UL><LI><a href="#[8f]">&gt;&gt;</a>&nbsp;&nbsp;&nbsp;WriteRawRC
<LI><a href="#[91]">&gt;&gt;</a>&nbsp;&nbsp;&nbsp;ReadRawRC
</UL>
<BR>[Called By]<UL><LI><a href="#[10c]">&gt;&gt;</a>&nbsp;&nbsp;&nbsp;PcdSelect
<LI><a href="#[10a]">&gt;&gt;</a>&nbsp;&nbsp;&nbsp;PcdRequest
<LI><a href="#[107]">&gt;&gt;</a>&nbsp;&nbsp;&nbsp;PcdComMF522
<LI><a href="#[106]">&gt;&gt;</a>&nbsp;&nbsp;&nbsp;PcdAnticoll
<LI><a href="#[100]">&gt;&gt;</a>&nbsp;&nbsp;&nbsp;PcdAntennaOff
<LI><a href="#[102]">&gt;&gt;</a>&nbsp;&nbsp;&nbsp;M500PcdConfigISOType
<LI><a href="#[8d]">&gt;&gt;</a>&nbsp;&nbsp;&nbsp;CalulateCRC
</UL>

<P><STRONG><a name="[bc]"></a>Control</STRONG> (Thumb, 92 bytes, Stack size 16 bytes, roadway_check.o(i.Control))
<BR><BR>[Stack]<UL><LI>Max Depth = 80<LI>Call Chain = Control &rArr; Send_UpMotor &rArr; CanDrv_TxData &rArr; CAN_TransmitStatus
</UL>
<BR>[Calls]<UL><LI><a href="#[b9]">&gt;&gt;</a>&nbsp;&nbsp;&nbsp;Send_UpMotor
</UL>
<BR>[Called By]<UL><LI><a href="#[d1]">&gt;&gt;</a>&nbsp;&nbsp;&nbsp;Car_Track
<LI><a href="#[cf]">&gt;&gt;</a>&nbsp;&nbsp;&nbsp;Car_Right
<LI><a href="#[cd]">&gt;&gt;</a>&nbsp;&nbsp;&nbsp;Car_Left
<LI><a href="#[cc]">&gt;&gt;</a>&nbsp;&nbsp;&nbsp;Car_Go
<LI><a href="#[cb]">&gt;&gt;</a>&nbsp;&nbsp;&nbsp;Car_Back
<LI><a href="#[b4]">&gt;&gt;</a>&nbsp;&nbsp;&nbsp;Can_WifiRx_Check
<LI><a href="#[158]">&gt;&gt;</a>&nbsp;&nbsp;&nbsp;Yang_Track_duoy_RFID
<LI><a href="#[12d]">&gt;&gt;</a>&nbsp;&nbsp;&nbsp;Yang_Track_Correct_White
<LI><a href="#[14d]">&gt;&gt;</a>&nbsp;&nbsp;&nbsp;Yang_SpecialTerrain_1
<LI><a href="#[145]">&gt;&gt;</a>&nbsp;&nbsp;&nbsp;Yang_Right_Time
<LI><a href="#[13e]">&gt;&gt;</a>&nbsp;&nbsp;&nbsp;Yang_Left_Time
<LI><a href="#[154]">&gt;&gt;</a>&nbsp;&nbsp;&nbsp;Yang_Car_Track_White
<LI><a href="#[152]">&gt;&gt;</a>&nbsp;&nbsp;&nbsp;Yang_Car_Back_Infrared
<LI><a href="#[13c]">&gt;&gt;</a>&nbsp;&nbsp;&nbsp;Yang_CarThread_Go
<LI><a href="#[12c]">&gt;&gt;</a>&nbsp;&nbsp;&nbsp;Track_Correct
</UL>

<P><STRONG><a name="[d4]"></a>ETC_Get_Zigbee</STRONG> (Thumb, 158 bytes, Stack size 8 bytes, drive.o(i.ETC_Get_Zigbee))
<BR><BR>[Stack]<UL><LI>Max Depth = 104<LI>Call Chain = ETC_Get_Zigbee &rArr; Car_Go &rArr; Control &rArr; Send_UpMotor &rArr; CanDrv_TxData &rArr; CAN_TransmitStatus
</UL>
<BR>[Calls]<UL><LI><a href="#[7d]">&gt;&gt;</a>&nbsp;&nbsp;&nbsp;delay_us
<LI><a href="#[86]">&gt;&gt;</a>&nbsp;&nbsp;&nbsp;delay_ms
<LI><a href="#[cc]">&gt;&gt;</a>&nbsp;&nbsp;&nbsp;Car_Go
<LI><a href="#[cb]">&gt;&gt;</a>&nbsp;&nbsp;&nbsp;Car_Back
</UL>
<BR>[Called By]<UL><LI><a href="#[d0]">&gt;&gt;</a>&nbsp;&nbsp;&nbsp;Car_Thread
</UL>

<P><STRONG><a name="[14]"></a>EXTI4_IRQHandler</STRONG> (Thumb, 90 bytes, Stack size 8 bytes, ultrasonic.o(i.EXTI4_IRQHandler))
<BR><BR>[Stack]<UL><LI>Max Depth = 8<LI>Call Chain = EXTI4_IRQHandler
</UL>
<BR>[Calls]<UL><LI><a href="#[c9]">&gt;&gt;</a>&nbsp;&nbsp;&nbsp;TIM_Cmd
<LI><a href="#[d8]">&gt;&gt;</a>&nbsp;&nbsp;&nbsp;EXTI_GetITStatus
<LI><a href="#[da]">&gt;&gt;</a>&nbsp;&nbsp;&nbsp;EXTI_ClearITPendingBit
<LI><a href="#[d9]">&gt;&gt;</a>&nbsp;&nbsp;&nbsp;GPIO_ReadInputDataBit
</UL>
<BR>[Address Reference Count : 1]<UL><LI> startup_stm32f40_41xxx.o(RESET)
</UL>
<P><STRONG><a name="[da]"></a>EXTI_ClearITPendingBit</STRONG> (Thumb, 6 bytes, Stack size 0 bytes, stm32f4xx_exti.o(i.EXTI_ClearITPendingBit))
<BR><BR>[Called By]<UL><LI><a href="#[14]">&gt;&gt;</a>&nbsp;&nbsp;&nbsp;EXTI4_IRQHandler
</UL>

<P><STRONG><a name="[d8]"></a>EXTI_GetITStatus</STRONG> (Thumb, 20 bytes, Stack size 0 bytes, stm32f4xx_exti.o(i.EXTI_GetITStatus))
<BR><BR>[Called By]<UL><LI><a href="#[14]">&gt;&gt;</a>&nbsp;&nbsp;&nbsp;EXTI4_IRQHandler
</UL>

<P><STRONG><a name="[136]"></a>EXTI_Init</STRONG> (Thumb, 142 bytes, Stack size 0 bytes, stm32f4xx_exti.o(i.EXTI_Init))
<BR><BR>[Called By]<UL><LI><a href="#[134]">&gt;&gt;</a>&nbsp;&nbsp;&nbsp;Ultrasonic_EXTI
</UL>

<P><STRONG><a name="[db]"></a>Electricity_Init</STRONG> (Thumb, 12 bytes, Stack size 8 bytes, power_check.o(i.Electricity_Init))
<BR><BR>[Stack]<UL><LI>Max Depth = 84<LI>Call Chain = Electricity_Init &rArr; ADC_Configure &rArr; GPIO_Init
</UL>
<BR>[Calls]<UL><LI><a href="#[dc]">&gt;&gt;</a>&nbsp;&nbsp;&nbsp;Parameter_Init
<LI><a href="#[6f]">&gt;&gt;</a>&nbsp;&nbsp;&nbsp;ADC_Configure
</UL>
<BR>[Called By]<UL><LI><a href="#[f4]">&gt;&gt;</a>&nbsp;&nbsp;&nbsp;Hardware_Init
</UL>

<P><STRONG><a name="[a7]"></a>FifoDrv_BufRead</STRONG> (Thumb, 42 bytes, Stack size 20 bytes, fifo_drv.o(i.FifoDrv_BufRead))
<BR><BR>[Stack]<UL><LI>Max Depth = 48<LI>Call Chain = FifoDrv_BufRead &rArr; FifoDrv_ReadOne &rArr; FifoDrv_CheckReadEn
</UL>
<BR>[Calls]<UL><LI><a href="#[ad]">&gt;&gt;</a>&nbsp;&nbsp;&nbsp;FifoDrv_ReadOne
</UL>
<BR>[Called By]<UL><LI><a href="#[a3]">&gt;&gt;</a>&nbsp;&nbsp;&nbsp;CanP_CanTx_Check_fIrq
</UL>

<P><STRONG><a name="[a0]"></a>FifoDrv_BufWrite</STRONG> (Thumb, 40 bytes, Stack size 20 bytes, fifo_drv.o(i.FifoDrv_BufWrite))
<BR><BR>[Stack]<UL><LI>Max Depth = 48<LI>Call Chain = FifoDrv_BufWrite &rArr; FifoDrv_WriteOne &rArr; FifoDrv_CheckWriteEn
</UL>
<BR>[Calls]<UL><LI><a href="#[dd]">&gt;&gt;</a>&nbsp;&nbsp;&nbsp;FifoDrv_WriteOne
</UL>
<BR>[Called By]<UL><LI><a href="#[b6]">&gt;&gt;</a>&nbsp;&nbsp;&nbsp;Send_ZigbeeData_To_Fifo
<LI><a href="#[11f]">&gt;&gt;</a>&nbsp;&nbsp;&nbsp;Send_WifiData_To_Fifo
<LI><a href="#[113]">&gt;&gt;</a>&nbsp;&nbsp;&nbsp;Send_InfoData_To_Fifo
<LI><a href="#[9f]">&gt;&gt;</a>&nbsp;&nbsp;&nbsp;CanP_CanRx_Irq
</UL>

<P><STRONG><a name="[de]"></a>FifoDrv_CheckReadEn</STRONG> (Thumb, 48 bytes, Stack size 12 bytes, fifo_drv.o(i.FifoDrv_CheckReadEn))
<BR><BR>[Stack]<UL><LI>Max Depth = 12<LI>Call Chain = FifoDrv_CheckReadEn
</UL>
<BR>[Calls]<UL><LI><a href="#[df]">&gt;&gt;</a>&nbsp;&nbsp;&nbsp;FifoDrv_StructCheck
</UL>
<BR>[Called By]<UL><LI><a href="#[ad]">&gt;&gt;</a>&nbsp;&nbsp;&nbsp;FifoDrv_ReadOne
</UL>

<P><STRONG><a name="[e0]"></a>FifoDrv_CheckWriteEn</STRONG> (Thumb, 28 bytes, Stack size 12 bytes, fifo_drv.o(i.FifoDrv_CheckWriteEn))
<BR><BR>[Stack]<UL><LI>Max Depth = 12<LI>Call Chain = FifoDrv_CheckWriteEn
</UL>
<BR>[Calls]<UL><LI><a href="#[df]">&gt;&gt;</a>&nbsp;&nbsp;&nbsp;FifoDrv_StructCheck
</UL>
<BR>[Called By]<UL><LI><a href="#[dd]">&gt;&gt;</a>&nbsp;&nbsp;&nbsp;FifoDrv_WriteOne
</UL>

<P><STRONG><a name="[ab]"></a>FifoDrv_Init</STRONG> (Thumb, 36 bytes, Stack size 16 bytes, fifo_drv.o(i.FifoDrv_Init))
<BR><BR>[Stack]<UL><LI>Max Depth = 16<LI>Call Chain = FifoDrv_Init
</UL>
<BR>[Calls]<UL><LI><a href="#[63]">&gt;&gt;</a>&nbsp;&nbsp;&nbsp;__aeabi_memset
</UL>
<BR>[Called By]<UL><LI><a href="#[aa]">&gt;&gt;</a>&nbsp;&nbsp;&nbsp;CanP_FifoInitS
</UL>

<P><STRONG><a name="[ad]"></a>FifoDrv_ReadOne</STRONG> (Thumb, 48 bytes, Stack size 16 bytes, fifo_drv.o(i.FifoDrv_ReadOne))
<BR><BR>[Stack]<UL><LI>Max Depth = 28<LI>Call Chain = FifoDrv_ReadOne &rArr; FifoDrv_CheckReadEn
</UL>
<BR>[Calls]<UL><LI><a href="#[de]">&gt;&gt;</a>&nbsp;&nbsp;&nbsp;FifoDrv_CheckReadEn
</UL>
<BR>[Called By]<UL><LI><a href="#[a7]">&gt;&gt;</a>&nbsp;&nbsp;&nbsp;FifoDrv_BufRead
<LI><a href="#[ac]">&gt;&gt;</a>&nbsp;&nbsp;&nbsp;CanP_Host_Main
</UL>

<P><STRONG><a name="[df]"></a>FifoDrv_StructCheck</STRONG> (Thumb, 36 bytes, Stack size 0 bytes, fifo_drv.o(i.FifoDrv_StructCheck))
<BR><BR>[Called By]<UL><LI><a href="#[e0]">&gt;&gt;</a>&nbsp;&nbsp;&nbsp;FifoDrv_CheckWriteEn
<LI><a href="#[de]">&gt;&gt;</a>&nbsp;&nbsp;&nbsp;FifoDrv_CheckReadEn
</UL>

<P><STRONG><a name="[dd]"></a>FifoDrv_WriteOne</STRONG> (Thumb, 44 bytes, Stack size 16 bytes, fifo_drv.o(i.FifoDrv_WriteOne))
<BR><BR>[Stack]<UL><LI>Max Depth = 28<LI>Call Chain = FifoDrv_WriteOne &rArr; FifoDrv_CheckWriteEn
</UL>
<BR>[Calls]<UL><LI><a href="#[e0]">&gt;&gt;</a>&nbsp;&nbsp;&nbsp;FifoDrv_CheckWriteEn
</UL>
<BR>[Called By]<UL><LI><a href="#[a0]">&gt;&gt;</a>&nbsp;&nbsp;&nbsp;FifoDrv_BufWrite
</UL>

<P><STRONG><a name="[72]"></a>GPIO_Init</STRONG> (Thumb, 144 bytes, Stack size 20 bytes, stm32f4xx_gpio.o(i.GPIO_Init))
<BR><BR>[Stack]<UL><LI>Max Depth = 20<LI>Call Chain = GPIO_Init
</UL>
<BR>[Called By]<UL><LI><a href="#[137]">&gt;&gt;</a>&nbsp;&nbsp;&nbsp;Ultrasonic_Port
<LI><a href="#[12a]">&gt;&gt;</a>&nbsp;&nbsp;&nbsp;Tba_WheelLED_Config
<LI><a href="#[129]">&gt;&gt;</a>&nbsp;&nbsp;&nbsp;Tba_Photoresistance_Config
<LI><a href="#[128]">&gt;&gt;</a>&nbsp;&nbsp;&nbsp;Tba_Beep_Config
<LI><a href="#[f8]">&gt;&gt;</a>&nbsp;&nbsp;&nbsp;Infrared_Init
<LI><a href="#[ec]">&gt;&gt;</a>&nbsp;&nbsp;&nbsp;Hard_Can_Init
<LI><a href="#[d7]">&gt;&gt;</a>&nbsp;&nbsp;&nbsp;Cba_Init
<LI><a href="#[8a]">&gt;&gt;</a>&nbsp;&nbsp;&nbsp;USART6_Hardware_Init
<LI><a href="#[114]">&gt;&gt;</a>&nbsp;&nbsp;&nbsp;RC522_Uart_init
<LI><a href="#[6f]">&gt;&gt;</a>&nbsp;&nbsp;&nbsp;ADC_Configure
<LI><a href="#[80]">&gt;&gt;</a>&nbsp;&nbsp;&nbsp;SDA_OUT
[...]
</UL>
<BR>[Calls]<UL><LI><a href="#[86]">&gt;&gt;</a>&nbsp;&nbsp;&nbsp;delay_ms
<LI><a href="#[b6]">&gt;&gt;</a>&nbsp;&nbsp;&nbsp;Send_ZigbeeData_To_Fifo
<LI><a href="#[155]">&gt;&gt;</a>&nbsp;&nbsp;&nbsp;Yang_CheckSum_1
<LI><a href="#[156]">&gt;&gt;</a>&nbsp;&nbsp;&nbsp;Yang_ArrInit
</UL>
<BR>[Called By]<UL><LI><a href="#[13a]">&gt;&gt;</a>&nbsp;&nbsp;&nbsp;Yang_Automatic_1
</UL>

<P><STRONG><a name="[149]"></a>Yang_ThreeD_Removing</STRONG> (Thumb, 92 bytes, Stack size 16 bytes, yang.o(i.Yang_ThreeD_Removing))
<BR><BR>[Stack]<UL><LI>Max Depth = 40<LI>Call Chain = Yang_ThreeD_Removing &rArr; Infrared_Send
</UL>
<BR>[Calls]<UL><LI><a href="#[86]">&gt;&gt;</a>&nbsp;&nbsp;&nbsp;delay_ms
<LI><a href="#[be]">&gt;&gt;</a>&nbsp;&nbsp;&nbsp;Infrared_Send
<LI><a href="#[156]">&gt;&gt;</a>&nbsp;&nbsp;&nbsp;Yang_ArrInit
</UL>
<BR>[Called By]<UL><LI><a href="#[13a]">&gt;&gt;</a>&nbsp;&nbsp;&nbsp;Yang_Automatic_1
</UL>

<P><STRONG><a name="[12d]"></a>Yang_Track_Correct_White</STRONG> (Thumb, 444 bytes, Stack size 8 bytes, yang.o(i.Yang_Track_Correct_White))
<BR><BR>[Stack]<UL><LI>Max Depth = 88<LI>Call Chain = Yang_Track_Correct_White &rArr; Control &rArr; Send_UpMotor &rArr; CanDrv_TxData &rArr; CAN_TransmitStatus
</UL>
<BR>[Calls]<UL><LI><a href="#[b9]">&gt;&gt;</a>&nbsp;&nbsp;&nbsp;Send_UpMotor
<LI><a href="#[bc]">&gt;&gt;</a>&nbsp;&nbsp;&nbsp;Control
</UL>
<BR>[Called By]<UL><LI><a href="#[11e]">&gt;&gt;</a>&nbsp;&nbsp;&nbsp;Track_Check
</UL>

<P><STRONG><a name="[14a]"></a>Yang_Track_duo_RFID</STRONG> (Thumb, 162 bytes, Stack size 16 bytes, yang.o(i.Yang_Track_duo_RFID))
<BR><BR>[Stack]<UL><LI>Max Depth = 208<LI>Call Chain = Yang_Track_duo_RFID &rArr; RC522 &rArr; PcdAuthState &rArr; PcdComMF522 &rArr; SetBitMask &rArr; WriteRawRC &rArr; WriteRawRC_HDL &rArr; Rece_data
</UL>
<BR>[Calls]<UL><LI><a href="#[86]">&gt;&gt;</a>&nbsp;&nbsp;&nbsp;delay_ms
<LI><a href="#[b9]">&gt;&gt;</a>&nbsp;&nbsp;&nbsp;Send_UpMotor
<LI><a href="#[112]">&gt;&gt;</a>&nbsp;&nbsp;&nbsp;RC522
<LI><a href="#[10a]">&gt;&gt;</a>&nbsp;&nbsp;&nbsp;PcdRequest
<LI><a href="#[158]">&gt;&gt;</a>&nbsp;&nbsp;&nbsp;Yang_Track_duoy_RFID
</UL>
<BR>[Called By]<UL><LI><a href="#[13a]">&gt;&gt;</a>&nbsp;&nbsp;&nbsp;Yang_Automatic_1
</UL>

<P><STRONG><a name="[158]"></a>Yang_Track_duoy_RFID</STRONG> (Thumb, 50 bytes, Stack size 8 bytes, yang.o(i.Yang_Track_duoy_RFID))
<BR><BR>[Stack]<UL><LI>Max Depth = 88<LI>Call Chain = Yang_Track_duoy_RFID &rArr; Control &rArr; Send_UpMotor &rArr; CanDrv_TxData &rArr; CAN_TransmitStatus
</UL>
<BR>[Calls]<UL><LI><a href="#[bc]">&gt;&gt;</a>&nbsp;&nbsp;&nbsp;Control
</UL>
<BR>[Called By]<UL><LI><a href="#[14a]">&gt;&gt;</a>&nbsp;&nbsp;&nbsp;Yang_Track_duo_RFID
</UL>

<P><STRONG><a name="[140]"></a>Yang_Traffic_Color</STRONG> (Thumb, 120 bytes, Stack size 24 bytes, yang.o(i.Yang_Traffic_Color))
<BR><BR>[Stack]<UL><LI>Max Depth = 88<LI>Call Chain = Yang_Traffic_Color &rArr; Send_ZigbeeData_To_Fifo &rArr; FifoDrv_BufWrite &rArr; FifoDrv_WriteOne &rArr; FifoDrv_CheckWriteEn
</UL>
<BR>[Calls]<UL><LI><a href="#[86]">&gt;&gt;</a>&nbsp;&nbsp;&nbsp;delay_ms
<LI><a href="#[b6]">&gt;&gt;</a>&nbsp;&nbsp;&nbsp;Send_ZigbeeData_To_Fifo
<LI><a href="#[155]">&gt;&gt;</a>&nbsp;&nbsp;&nbsp;Yang_CheckSum_1
<LI><a href="#[156]">&gt;&gt;</a>&nbsp;&nbsp;&nbsp;Yang_ArrInit
</UL>
<BR>[Called By]<UL><LI><a href="#[13a]">&gt;&gt;</a>&nbsp;&nbsp;&nbsp;Yang_Automatic_1
</UL>

<P><STRONG><a name="[13f]"></a>Yang_Traffic_RecognitionPatterns</STRONG> (Thumb, 242 bytes, Stack size 32 bytes, yang.o(i.Yang_Traffic_RecognitionPatterns))
<BR><BR>[Stack]<UL><LI>Max Depth = 96<LI>Call Chain = Yang_Traffic_RecognitionPatterns &rArr; Send_ZigbeeData_To_Fifo &rArr; FifoDrv_BufWrite &rArr; FifoDrv_WriteOne &rArr; FifoDrv_CheckWriteEn
</UL>
<BR>[Calls]<UL><LI><a href="#[86]">&gt;&gt;</a>&nbsp;&nbsp;&nbsp;delay_ms
<LI><a href="#[b6]">&gt;&gt;</a>&nbsp;&nbsp;&nbsp;Send_ZigbeeData_To_Fifo
<LI><a href="#[113]">&gt;&gt;</a>&nbsp;&nbsp;&nbsp;Send_InfoData_To_Fifo
<LI><a href="#[155]">&gt;&gt;</a>&nbsp;&nbsp;&nbsp;Yang_CheckSum_1
<LI><a href="#[156]">&gt;&gt;</a>&nbsp;&nbsp;&nbsp;Yang_ArrInit
<LI><a href="#[157]">&gt;&gt;</a>&nbsp;&nbsp;&nbsp;__2sprintf
</UL>
<BR>[Called By]<UL><LI><a href="#[13a]">&gt;&gt;</a>&nbsp;&nbsp;&nbsp;Yang_Automatic_1
</UL>

<P><STRONG><a name="[151]"></a>Yang_WirelessCharging_OffOrOn</STRONG> (Thumb, 76 bytes, Stack size 16 bytes, yang.o(i.Yang_WirelessCharging_OffOrOn))
<BR><BR>[Stack]<UL><LI>Max Depth = 80<LI>Call Chain = Yang_WirelessCharging_OffOrOn &rArr; Send_ZigbeeData_To_Fifo &rArr; FifoDrv_BufWrite &rArr; FifoDrv_WriteOne &rArr; FifoDrv_CheckWriteEn
</UL>
<BR>[Calls]<UL><LI><a href="#[86]">&gt;&gt;</a>&nbsp;&nbsp;&nbsp;delay_ms
<LI><a href="#[b6]">&gt;&gt;</a>&nbsp;&nbsp;&nbsp;Send_ZigbeeData_To_Fifo
<LI><a href="#[155]">&gt;&gt;</a>&nbsp;&nbsp;&nbsp;Yang_CheckSum_1
<LI><a href="#[156]">&gt;&gt;</a>&nbsp;&nbsp;&nbsp;Yang_ArrInit
</UL>
<BR>[Called By]<UL><LI><a href="#[13a]">&gt;&gt;</a>&nbsp;&nbsp;&nbsp;Yang_Automatic_1
</UL>

<P><STRONG><a name="[124]"></a>Yang_bubble_sort</STRONG> (Thumb, 84 bytes, Stack size 16 bytes, yang.o(i.Yang_bubble_sort))
<BR><BR>[Stack]<UL><LI>Max Depth = 16<LI>Call Chain = Yang_bubble_sort
</UL>
<BR>[Called By]<UL><LI><a href="#[122]">&gt;&gt;</a>&nbsp;&nbsp;&nbsp;StreetLight_Test
</UL>

<P><STRONG><a name="[159]"></a>__0sprintf$5</STRONG> (Thumb, 34 bytes, Stack size 24 bytes, printf5.o(i.__0sprintf$5), UNUSED)
<BR><BR>[Calls]<UL><LI><a href="#[5f]">&gt;&gt;</a>&nbsp;&nbsp;&nbsp;_sputc
<LI><a href="#[15a]">&gt;&gt;</a>&nbsp;&nbsp;&nbsp;_printf_core
</UL>

<P><STRONG><a name="[171]"></a>__1sprintf$5</STRONG> (Thumb, 0 bytes, Stack size 24 bytes, printf5.o(i.__0sprintf$5), UNUSED)

<P><STRONG><a name="[157]"></a>__2sprintf</STRONG> (Thumb, 0 bytes, Stack size 24 bytes, printf5.o(i.__0sprintf$5))
<BR><BR>[Stack]<UL><LI>Max Depth = 24<LI>Call Chain = __2sprintf
</UL>
<BR>[Called By]<UL><LI><a href="#[13f]">&gt;&gt;</a>&nbsp;&nbsp;&nbsp;Yang_Traffic_RecognitionPatterns
<LI><a href="#[153]">&gt;&gt;</a>&nbsp;&nbsp;&nbsp;Yang_Garage_Infrared
</UL>

<P><STRONG><a name="[172]"></a>__scatterload_copy</STRONG> (Thumb, 14 bytes, Stack size unknown bytes, handlers.o(i.__scatterload_copy), UNUSED)

<P><STRONG><a name="[173]"></a>__scatterload_null</STRONG> (Thumb, 2 bytes, Stack size unknown bytes, handlers.o(i.__scatterload_null), UNUSED)

<P><STRONG><a name="[174]"></a>__scatterload_zeroinit</STRONG> (Thumb, 14 bytes, Stack size unknown bytes, handlers.o(i.__scatterload_zeroinit), UNUSED)

<P><STRONG><a name="[f6]"></a>delay_init</STRONG> (Thumb, 52 bytes, Stack size 8 bytes, delay.o(i.delay_init))
<BR><BR>[Stack]<UL><LI>Max Depth = 8<LI>Call Chain = delay_init
</UL>
<BR>[Calls]<UL><LI><a href="#[15b]">&gt;&gt;</a>&nbsp;&nbsp;&nbsp;SysTick_CLKSourceConfig
</UL>
<BR>[Called By]<UL><LI><a href="#[f4]">&gt;&gt;</a>&nbsp;&nbsp;&nbsp;Hardware_Init
</UL>

<P><STRONG><a name="[86]"></a>delay_ms</STRONG> (Thumb, 72 bytes, Stack size 0 bytes, delay.o(i.delay_ms))
<BR><BR>[Called By]<UL><LI><a href="#[104]">&gt;&gt;</a>&nbsp;&nbsp;&nbsp;Yang_ETC_Inquire
<LI><a href="#[13a]">&gt;&gt;</a>&nbsp;&nbsp;&nbsp;Yang_Automatic_1
<LI><a href="#[d2]">&gt;&gt;</a>&nbsp;&nbsp;&nbsp;Ultrasonic_Ranging
<LI><a href="#[fc]">&gt;&gt;</a>&nbsp;&nbsp;&nbsp;Readcard_daivce_Init
<LI><a href="#[d5]">&gt;&gt;</a>&nbsp;&nbsp;&nbsp;Light_Inf
<LI><a href="#[d3]">&gt;&gt;</a>&nbsp;&nbsp;&nbsp;LED_Dis_Zigbee
<LI><a href="#[be]">&gt;&gt;</a>&nbsp;&nbsp;&nbsp;Infrared_Send
<LI><a href="#[d6]">&gt;&gt;</a>&nbsp;&nbsp;&nbsp;Garage_Cont_Zigbee
<LI><a href="#[d4]">&gt;&gt;</a>&nbsp;&nbsp;&nbsp;ETC_Get_Zigbee
<LI><a href="#[cf]">&gt;&gt;</a>&nbsp;&nbsp;&nbsp;Car_Right
<LI><a href="#[ce]">&gt;&gt;</a>&nbsp;&nbsp;&nbsp;Car_R45
<LI><a href="#[cd]">&gt;&gt;</a>&nbsp;&nbsp;&nbsp;Car_Left
<LI><a href="#[84]">&gt;&gt;</a>&nbsp;&nbsp;&nbsp;BKRC_Voice_Extern
<LI><a href="#[d0]">&gt;&gt;</a>&nbsp;&nbsp;&nbsp;Car_Thread
<LI><a href="#[103]">&gt;&gt;</a>&nbsp;&nbsp;&nbsp;KEY_Check
<LI><a href="#[113]">&gt;&gt;</a>&nbsp;&nbsp;&nbsp;Send_InfoData_To_Fifo
<LI><a href="#[10b]">&gt;&gt;</a>&nbsp;&nbsp;&nbsp;Rc522_OutSRst
<LI><a href="#[102]">&gt;&gt;</a>&nbsp;&nbsp;&nbsp;M500PcdConfigISOType
<LI><a href="#[fe]">&gt;&gt;</a>&nbsp;&nbsp;&nbsp;InitRc522
<LI><a href="#[e8]">&gt;&gt;</a>&nbsp;&nbsp;&nbsp;Get_Electricity
<LI><a href="#[151]">&gt;&gt;</a>&nbsp;&nbsp;&nbsp;Yang_WirelessCharging_OffOrOn
<LI><a href="#[13f]">&gt;&gt;</a>&nbsp;&nbsp;&nbsp;Yang_Traffic_RecognitionPatterns
<LI><a href="#[140]">&gt;&gt;</a>&nbsp;&nbsp;&nbsp;Yang_Traffic_Color
<LI><a href="#[14a]">&gt;&gt;</a>&nbsp;&nbsp;&nbsp;Yang_Track_duo_RFID
<LI><a href="#[149]">&gt;&gt;</a>&nbsp;&nbsp;&nbsp;Yang_ThreeD_Removing
<LI><a href="#[142]">&gt;&gt;</a>&nbsp;&nbsp;&nbsp;Yang_TFT_TurnPage
<LI><a href="#[14d]">&gt;&gt;</a>&nbsp;&nbsp;&nbsp;Yang_SpecialTerrain_1
<LI><a href="#[145]">&gt;&gt;</a>&nbsp;&nbsp;&nbsp;Yang_Right_Time
<LI><a href="#[13e]">&gt;&gt;</a>&nbsp;&nbsp;&nbsp;Yang_Left_Time
<LI><a href="#[13b]">&gt;&gt;</a>&nbsp;&nbsp;&nbsp;Yang_LED_Timing
<LI><a href="#[144]">&gt;&gt;</a>&nbsp;&nbsp;&nbsp;Yang_LED_Removing
<LI><a href="#[147]">&gt;&gt;</a>&nbsp;&nbsp;&nbsp;Yang_InquireGate_State
<LI><a href="#[14e]">&gt;&gt;</a>&nbsp;&nbsp;&nbsp;Yang_InquireGarage_Floor
<LI><a href="#[148]">&gt;&gt;</a>&nbsp;&nbsp;&nbsp;Yang_Gate_OffOrOn
<LI><a href="#[146]">&gt;&gt;</a>&nbsp;&nbsp;&nbsp;Yang_Gate_CarCard
<LI><a href="#[153]">&gt;&gt;</a>&nbsp;&nbsp;&nbsp;Yang_Garage_Infrared
<LI><a href="#[14f]">&gt;&gt;</a>&nbsp;&nbsp;&nbsp;Yang_GarageWent
<LI><a href="#[13d]">&gt;&gt;</a>&nbsp;&nbsp;&nbsp;Yang_Car_TrackAndGo
<LI><a href="#[143]">&gt;&gt;</a>&nbsp;&nbsp;&nbsp;Yang_Car_R45
<LI><a href="#[141]">&gt;&gt;</a>&nbsp;&nbsp;&nbsp;Yang_Car_L45
<LI><a href="#[150]">&gt;&gt;</a>&nbsp;&nbsp;&nbsp;Yang_Car_Garage_return
<LI><a href="#[152]">&gt;&gt;</a>&nbsp;&nbsp;&nbsp;Yang_Car_Back_Infrared
<LI><a href="#[13c]">&gt;&gt;</a>&nbsp;&nbsp;&nbsp;Yang_CarThread_Go
<LI><a href="#[14c]">&gt;&gt;</a>&nbsp;&nbsp;&nbsp;Yang_Beacon_Open2
<LI><a href="#[123]">&gt;&gt;</a>&nbsp;&nbsp;&nbsp;StreetLight_adjust
<LI><a href="#[122]">&gt;&gt;</a>&nbsp;&nbsp;&nbsp;StreetLight_Test
</UL>

<P><STRONG><a name="[7d]"></a>delay_us</STRONG> (Thumb, 72 bytes, Stack size 0 bytes, delay.o(i.delay_us))
<BR><BR>[Called By]<UL><LI><a href="#[d2]">&gt;&gt;</a>&nbsp;&nbsp;&nbsp;Ultrasonic_Ranging
<LI><a href="#[be]">&gt;&gt;</a>&nbsp;&nbsp;&nbsp;Infrared_Send
<LI><a href="#[d4]">&gt;&gt;</a>&nbsp;&nbsp;&nbsp;ETC_Get_Zigbee
<LI><a href="#[83]">&gt;&gt;</a>&nbsp;&nbsp;&nbsp;BH1750_Stop
<LI><a href="#[82]">&gt;&gt;</a>&nbsp;&nbsp;&nbsp;BH1750_Start
<LI><a href="#[81]">&gt;&gt;</a>&nbsp;&nbsp;&nbsp;BH1750_SendByte
<LI><a href="#[7f]">&gt;&gt;</a>&nbsp;&nbsp;&nbsp;BH1750_SendACK
<LI><a href="#[7e]">&gt;&gt;</a>&nbsp;&nbsp;&nbsp;BH1750_RecvByte
<LI><a href="#[7b]">&gt;&gt;</a>&nbsp;&nbsp;&nbsp;BH1750_RecvACK
</UL>

<P><STRONG><a name="[c2]"></a>gt_get</STRONG> (Thumb, 6 bytes, Stack size 0 bytes, timer.o(i.gt_get))
<BR><BR>[Called By]<UL><LI><a href="#[5c]">&gt;&gt;</a>&nbsp;&nbsp;&nbsp;main
<LI><a href="#[d0]">&gt;&gt;</a>&nbsp;&nbsp;&nbsp;Car_Thread
<LI><a href="#[119]">&gt;&gt;</a>&nbsp;&nbsp;&nbsp;Rece_data
<LI><a href="#[12e]">&gt;&gt;</a>&nbsp;&nbsp;&nbsp;Uart_Irq
<LI><a href="#[30]">&gt;&gt;</a>&nbsp;&nbsp;&nbsp;USART2_IRQHandler
<LI><a href="#[af]">&gt;&gt;</a>&nbsp;&nbsp;&nbsp;Can_ZigBeeRx_Save
<LI><a href="#[ae]">&gt;&gt;</a>&nbsp;&nbsp;&nbsp;Can_WifiRx_Save
</UL>

<P><STRONG><a name="[b5]"></a>gt_get_sub</STRONG> (Thumb, 20 bytes, Stack size 0 bytes, timer.o(i.gt_get_sub))
<BR><BR>[Called By]<UL><LI><a href="#[c3]">&gt;&gt;</a>&nbsp;&nbsp;&nbsp;Can_ZigBeeRx_Check
<LI><a href="#[b4]">&gt;&gt;</a>&nbsp;&nbsp;&nbsp;Can_WifiRx_Check
<LI><a href="#[5c]">&gt;&gt;</a>&nbsp;&nbsp;&nbsp;main
<LI><a href="#[d0]">&gt;&gt;</a>&nbsp;&nbsp;&nbsp;Car_Thread
<LI><a href="#[119]">&gt;&gt;</a>&nbsp;&nbsp;&nbsp;Rece_data
</UL>

<P><STRONG><a name="[5c]"></a>main</STRONG> (Thumb, 456 bytes, Stack size 0 bytes, main.o(i.main))
<BR><BR>[Stack]<UL><LI>Max Depth = 232<LI>Call Chain = main &rArr; Yang_Automatic_1 &rArr; Yang_Track_duo_RFID &rArr; RC522 &rArr; PcdAuthState &rArr; PcdComMF522 &rArr; SetBitMask &rArr; WriteRawRC &rArr; WriteRawRC_HDL &rArr; Rece_data
</UL>
<BR>[Calls]<UL><LI><a href="#[b5]">&gt;&gt;</a>&nbsp;&nbsp;&nbsp;gt_get_sub
<LI><a href="#[c2]">&gt;&gt;</a>&nbsp;&nbsp;&nbsp;gt_get
<LI><a href="#[13a]">&gt;&gt;</a>&nbsp;&nbsp;&nbsp;Yang_Automatic_1
<LI><a href="#[d2]">&gt;&gt;</a>&nbsp;&nbsp;&nbsp;Ultrasonic_Ranging
<LI><a href="#[11f]">&gt;&gt;</a>&nbsp;&nbsp;&nbsp;Send_WifiData_To_Fifo
<LI><a href="#[b9]">&gt;&gt;</a>&nbsp;&nbsp;&nbsp;Send_UpMotor
<LI><a href="#[fc]">&gt;&gt;</a>&nbsp;&nbsp;&nbsp;Readcard_daivce_Init
<LI><a href="#[117]">&gt;&gt;</a>&nbsp;&nbsp;&nbsp;Rc522_LinkTest
<LI><a href="#[15c]">&gt;&gt;</a>&nbsp;&nbsp;&nbsp;Rc522_GetLinkFlag
<LI><a href="#[10e]">&gt;&gt;</a>&nbsp;&nbsp;&nbsp;Power_Check
<LI><a href="#[e9]">&gt;&gt;</a>&nbsp;&nbsp;&nbsp;Get_tba_phsis_value
<LI><a href="#[e6]">&gt;&gt;</a>&nbsp;&nbsp;&nbsp;Get_Bh_Value
<LI><a href="#[c3]">&gt;&gt;</a>&nbsp;&nbsp;&nbsp;Can_ZigBeeRx_Check
<LI><a href="#[b4]">&gt;&gt;</a>&nbsp;&nbsp;&nbsp;Can_WifiRx_Check
<LI><a href="#[d0]">&gt;&gt;</a>&nbsp;&nbsp;&nbsp;Car_Thread
<LI><a href="#[103]">&gt;&gt;</a>&nbsp;&nbsp;&nbsp;KEY_Check
<LI><a href="#[f4]">&gt;&gt;</a>&nbsp;&nbsp;&nbsp;Hardware_Init
</UL>
<BR>[Address Reference Count : 1]<UL><LI> entry9a.o(.ARM.Collect$$$$0000000B)
</UL>
<P><STRONG><a name="[fa]"></a>roadway_check_TimInit</STRONG> (Thumb, 92 bytes, Stack size 32 bytes, roadway_check.o(i.roadway_check_TimInit))
<BR><BR>[Stack]<UL><LI>Max Depth = 48<LI>Call Chain = roadway_check_TimInit &rArr; NVIC_Init
</UL>
<BR>[Calls]<UL><LI><a href="#[c6]">&gt;&gt;</a>&nbsp;&nbsp;&nbsp;TIM_TimeBaseInit
<LI><a href="#[c8]">&gt;&gt;</a>&nbsp;&nbsp;&nbsp;TIM_ITConfig
<LI><a href="#[c9]">&gt;&gt;</a>&nbsp;&nbsp;&nbsp;TIM_Cmd
<LI><a href="#[71]">&gt;&gt;</a>&nbsp;&nbsp;&nbsp;RCC_APB2PeriphClockCmd
<LI><a href="#[c7]">&gt;&gt;</a>&nbsp;&nbsp;&nbsp;NVIC_Init
</UL>
<BR>[Called By]<UL><LI><a href="#[f4]">&gt;&gt;</a>&nbsp;&nbsp;&nbsp;Hardware_Init
</UL>

<P><STRONG><a name="[11d]"></a>wheel_Nav_check</STRONG> (Thumb, 46 bytes, Stack size 8 bytes, roadway_check.o(i.wheel_Nav_check))
<BR><BR>[Stack]<UL><LI>Max Depth = 72<LI>Call Chain = wheel_Nav_check &rArr; Send_UpMotor &rArr; CanDrv_TxData &rArr; CAN_TransmitStatus
</UL>
<BR>[Calls]<UL><LI><a href="#[b9]">&gt;&gt;</a>&nbsp;&nbsp;&nbsp;Send_UpMotor
<LI><a href="#[eb]">&gt;&gt;</a>&nbsp;&nbsp;&nbsp;Roadway_mp_Get
</UL>
<BR>[Called By]<UL><LI><a href="#[11b]">&gt;&gt;</a>&nbsp;&nbsp;&nbsp;Roadway_Check
</UL>

<P><STRONG><a name="[11c]"></a>wheel_Track_check</STRONG> (Thumb, 148 bytes, Stack size 8 bytes, roadway_check.o(i.wheel_Track_check))
<BR><BR>[Stack]<UL><LI>Max Depth = 72<LI>Call Chain = wheel_Track_check &rArr; Send_UpMotor &rArr; CanDrv_TxData &rArr; CAN_TransmitStatus
</UL>
<BR>[Calls]<UL><LI><a href="#[b9]">&gt;&gt;</a>&nbsp;&nbsp;&nbsp;Send_UpMotor
<LI><a href="#[12b]">&gt;&gt;</a>&nbsp;&nbsp;&nbsp;Get_Host_UpTrack
</UL>
<BR>[Called By]<UL><LI><a href="#[11b]">&gt;&gt;</a>&nbsp;&nbsp;&nbsp;Roadway_Check
</UL>
<P>
<H3>
Local Symbols
</H3>
<P><STRONG><a name="[f4]"></a>Hardware_Init</STRONG> (Thumb, 92 bytes, Stack size 8 bytes, main.o(i.Hardware_Init))
<BR><BR>[Stack]<UL><LI>Max Depth = 116<LI>Call Chain = Hardware_Init &rArr; Readcard_daivce_Init &rArr; RC522_Uart_init &rArr; USART_Init &rArr; RCC_GetClocksFreq
</UL>
<BR>[Calls]<UL><LI><a href="#[fa]">&gt;&gt;</a>&nbsp;&nbsp;&nbsp;roadway_check_TimInit
<LI><a href="#[f6]">&gt;&gt;</a>&nbsp;&nbsp;&nbsp;delay_init
<LI><a href="#[f9]">&gt;&gt;</a>&nbsp;&nbsp;&nbsp;Ultrasonic_Init
<LI><a href="#[fb]">&gt;&gt;</a>&nbsp;&nbsp;&nbsp;Timer_Init
<LI><a href="#[fd]">&gt;&gt;</a>&nbsp;&nbsp;&nbsp;Timer2_Init
<LI><a href="#[f7]">&gt;&gt;</a>&nbsp;&nbsp;&nbsp;Tba_Init
<LI><a href="#[fc]">&gt;&gt;</a>&nbsp;&nbsp;&nbsp;Readcard_daivce_Init
<LI><a href="#[f5]">&gt;&gt;</a>&nbsp;&nbsp;&nbsp;NVIC_PriorityGroupConfig
<LI><a href="#[f8]">&gt;&gt;</a>&nbsp;&nbsp;&nbsp;Infrared_Init
<LI><a href="#[ec]">&gt;&gt;</a>&nbsp;&nbsp;&nbsp;Hard_Can_Init
<LI><a href="#[db]">&gt;&gt;</a>&nbsp;&nbsp;&nbsp;Electricity_Init
<LI><a href="#[d7]">&gt;&gt;</a>&nbsp;&nbsp;&nbsp;Cba_Init
<LI><a href="#[c4]">&gt;&gt;</a>&nbsp;&nbsp;&nbsp;Can_check_Init
<LI><a href="#[89]">&gt;&gt;</a>&nbsp;&nbsp;&nbsp;BKRC_Voice_Init
<LI><a href="#[78]">&gt;&gt;</a>&nbsp;&nbsp;&nbsp;BH1750_Configure
</UL>
<BR>[Called By]<UL><LI><a href="#[5c]">&gt;&gt;</a>&nbsp;&nbsp;&nbsp;main
</UL>

<P><STRONG><a name="[103]"></a>KEY_Check</STRONG> (Thumb, 200 bytes, Stack size 8 bytes, main.o(i.KEY_Check))
<BR><BR>[Stack]<UL><LI>Max Depth = 112<LI>Call Chain = KEY_Check &rArr; Yang_ETC_Inquire &rArr; Yang_Car_Back_Infrared &rArr; Control &rArr; Send_UpMotor &rArr; CanDrv_TxData &rArr; CAN_TransmitStatus
</UL>
<BR>[Calls]<UL><LI><a href="#[86]">&gt;&gt;</a>&nbsp;&nbsp;&nbsp;delay_ms
<LI><a href="#[104]">&gt;&gt;</a>&nbsp;&nbsp;&nbsp;Yang_ETC_Inquire
</UL>
<BR>[Called By]<UL><LI><a href="#[5c]">&gt;&gt;</a>&nbsp;&nbsp;&nbsp;main
</UL>

<P><STRONG><a name="[8a]"></a>USART6_Hardware_Init</STRONG> (Thumb, 168 bytes, Stack size 32 bytes, bkrc_voice.o(i.USART6_Hardware_Init))
<BR><BR>[Stack]<UL><LI>Max Depth = 100<LI>Call Chain = USART6_Hardware_Init &rArr; USART_Init &rArr; RCC_GetClocksFreq
</UL>
<BR>[Calls]<UL><LI><a href="#[115]">&gt;&gt;</a>&nbsp;&nbsp;&nbsp;USART_Init
<LI><a href="#[131]">&gt;&gt;</a>&nbsp;&nbsp;&nbsp;USART_ITConfig
<LI><a href="#[116]">&gt;&gt;</a>&nbsp;&nbsp;&nbsp;USART_Cmd
<LI><a href="#[71]">&gt;&gt;</a>&nbsp;&nbsp;&nbsp;RCC_APB2PeriphClockCmd
<LI><a href="#[c7]">&gt;&gt;</a>&nbsp;&nbsp;&nbsp;NVIC_Init
<LI><a href="#[ed]">&gt;&gt;</a>&nbsp;&nbsp;&nbsp;GPIO_PinAFConfig
<LI><a href="#[70]">&gt;&gt;</a>&nbsp;&nbsp;&nbsp;RCC_AHB1PeriphClockCmd
<LI><a href="#[72]">&gt;&gt;</a>&nbsp;&nbsp;&nbsp;GPIO_Init
</UL>
<BR>[Called By]<UL><LI><a href="#[89]">&gt;&gt;</a>&nbsp;&nbsp;&nbsp;BKRC_Voice_Init
</UL>

<P><STRONG><a name="[125]"></a>SetSysClock</STRONG> (Thumb, 220 bytes, Stack size 12 bytes, system_stm32f4xx.o(i.SetSysClock))
<BR><BR>[Stack]<UL><LI>Max Depth = 12<LI>Call Chain = SetSysClock
</UL>
<BR>[Called By]<UL><LI><a href="#[5d]">&gt;&gt;</a>&nbsp;&nbsp;&nbsp;SystemInit
</UL>

<P><STRONG><a name="[94]"></a>CanDrv_Fiter_Create16bit</STRONG> (Thumb, 52 bytes, Stack size 8 bytes, can_drv.o(i.CanDrv_Fiter_Create16bit))
<BR><BR>[Stack]<UL><LI>Max Depth = 8<LI>Call Chain = CanDrv_Fiter_Create16bit
</UL>
<BR>[Called By]<UL><LI><a href="#[92]">&gt;&gt;</a>&nbsp;&nbsp;&nbsp;CanDrv_FiterUpdata
</UL>

<P><STRONG><a name="[95]"></a>CanDrv_Fiter_Create32bit</STRONG> (Thumb, 50 bytes, Stack size 8 bytes, can_drv.o(i.CanDrv_Fiter_Create32bit))
<BR><BR>[Stack]<UL><LI>Max Depth = 8<LI>Call Chain = CanDrv_Fiter_Create32bit
</UL>
<BR>[Called By]<UL><LI><a href="#[92]">&gt;&gt;</a>&nbsp;&nbsp;&nbsp;CanDrv_FiterUpdata
</UL>

<P><STRONG><a name="[15a]"></a>_printf_core</STRONG> (Thumb, 660 bytes, Stack size 104 bytes, printf5.o(i._printf_core), UNUSED)
<BR><BR>[Calls]<UL><LI><a href="#[6b]">&gt;&gt;</a>&nbsp;&nbsp;&nbsp;__aeabi_uldivmod
</UL>
<BR>[Called By]<UL><LI><a href="#[159]">&gt;&gt;</a>&nbsp;&nbsp;&nbsp;__0sprintf$5
</UL>

<P><STRONG><a name="[5f]"></a>_sputc</STRONG> (Thumb, 10 bytes, Stack size 0 bytes, printf5.o(i._sputc))
<BR><BR>[Called By]<UL><LI><a href="#[159]">&gt;&gt;</a>&nbsp;&nbsp;&nbsp;__0sprintf$5
</UL>
<BR>[Address Reference Count : 1]<UL><LI> printf5.o(i.__0sprintf$5)
</UL><P>
<H3>
Undefined Global Symbols
</H3><HR></body></html>
